MPLINK 3.90, Linker
Linker Map File - Created Tue Mar 29 11:38:35 2005

                                 Section Info
                  Section       Type    Address   Location Size(Bytes)
                ---------  ---------  ---------  ---------  ---------
               _entry_scn       code   0x000800    program   0x000006
       .code__user_putc.o       code   0x000806    program   0x000002
      InterruptVectorHigh       code   0x000808    program   0x000006
          .code_adcbusy.o       code   0x00080e    program   0x00000a
       InterruptVectorLow       code   0x000818    program   0x000006
                   .cinit    romdata   0x00081e    program   0x000056
           .code_wheels.o       code   0x000874    program   0x0014b6
         .code_vfprintf.o       code   0x001d2a    program   0x000c22
      .code_speedometer.o       code   0x00294c    program   0x000854
      .code_ifi_library.o       code   0x0031a0    program   0x000750
              .code_arm.o       code   0x0038f0    program   0x000732
    .code_user_routines.o       code   0x004022    program   0x0006a0
   .code_user_SerialDrv.o       code   0x0046c2    program   0x000626
             .code_aut1.o       code   0x004ce8    program   0x000428
                 UTIL_LIB       code   0x005110    program   0x000396
             .stringtable    romdata   0x0054a6    program   0x00037c
        .code_armOutput.o       code   0x005822    program   0x0002b8
    .code_ifi_utilities.o       code   0x005ada    program   0x00027a
       .code_interrupts.o       code   0x005d54    program   0x000204
                     PROG       code   0x005f58    program   0x00014a
               _cinit_scn       code   0x0060a2    program   0x00009e
                   STRING       code   0x006140    program   0x000098
           .code_printf.o       code   0x0061d8    program   0x000094
             .code_putc.o       code   0x00626c    program   0x000084
          .code_fxm3232.o       code   0x0062f0    program   0x000070
         .code_spi_open.o       code   0x006360    program   0x000066
           .code_u2open.o       code   0x0063c6    program   0x000064
           .code_u1open.o       code   0x00642a    program   0x000064
          .code_adcopen.o       code   0x00648e    program   0x000062
         .code_fxd3232u.o       code   0x0064f0    program   0x000048
          .code_adcread.o       code   0x006538    program   0x00003e
          .code_t1write.o       code   0x006576    program   0x000038
         .code_fxd1616u.o       code   0x0065ae    program   0x00002c
             .code_main.o       code   0x0065da    program   0x000028
                    CTYPE       code   0x006602    program   0x000024
      .code_driverClock.o       code   0x006626    program   0x000022
             _startup_scn       code   0x006648    program   0x000020
              D1KTCYXCODE       code   0x006668    program   0x000020
                    STDIO       code   0x006688    program   0x00001c
              D10TCYXCODE       code   0x0066a4    program   0x000016
.code_user_routines_fast.o       code   0x0066ba    program   0x000014
      .romdata_vfprintf.o    romdata   0x0066ce    program   0x000011
    .idata__user_putc.o_i    romdata   0x0066df    program   0x000000
   .idata_ifi_library.o_i    romdata   0x0066df    program   0x000000
   .romdata_ifi_library.o    romdata   0x0066df    program   0x000000
    .romdata__user_putc.o    romdata   0x0066df    program   0x000000
       .romdata_fxm3232.o    romdata   0x0066df    program   0x000000
          .romdata_putc.o    romdata   0x0066df    program   0x000000
        .idata_u1open.o_i    romdata   0x0066df    program   0x000000
        .romdata_u1open.o    romdata   0x0066df    program   0x000000
       .idata_fxm3232.o_i    romdata   0x0066df    program   0x000000
          .idata_putc.o_i    romdata   0x0066df    program   0x000000
        .idata_u2open.o_i    romdata   0x0066df    program   0x000000
        .romdata_u2open.o    romdata   0x0066df    program   0x000000
      .idata_vfprintf.o_i    romdata   0x0066df    program   0x000000
       .idata_adcopen.o_i    romdata   0x0066df    program   0x000000
       .romdata_adcopen.o    romdata   0x0066df    program   0x000000
        .romdata_stdout.o    romdata   0x0066df    program   0x000000
        .romdata_printf.o    romdata   0x0066df    program   0x000000
      .idata_spi_open.o_i    romdata   0x0066df    program   0x000000
      .romdata_spi_open.o    romdata   0x0066df    program   0x000000
        .idata_printf.o_i    romdata   0x0066df    program   0x000000
       .romdata_t1write.o    romdata   0x0066df    program   0x000000
       .idata_adcread.o_i    romdata   0x0066df    program   0x000000
       .romdata_adcread.o    romdata   0x0066df    program   0x000000
       .idata_t1write.o_i    romdata   0x0066df    program   0x000000
    .romdata_interrupts.o    romdata   0x0066df    program   0x000000
    .idata_interrupts.o_i    romdata   0x0066df    program   0x000000
   .romdata_driverClock.o    romdata   0x0066df    program   0x000000
   .romdata_speedometer.o    romdata   0x0066df    program   0x000000
   .idata_speedometer.o_i    romdata   0x0066df    program   0x000000
        .romdata_wheels.o    romdata   0x0066df    program   0x000000
   .romdata_user_camera.o    romdata   0x0066df    program   0x000000
   .idata_user_camera.o_i    romdata   0x0066df    program   0x000000
   .romdata_ifi_startup.o    romdata   0x0066df    program   0x000000
   .idata_ifi_startup.o_i    romdata   0x0066df    program   0x000000
 .romdata_ifi_utilities.o    romdata   0x0066df    program   0x000000
.romdata_user_routines_fast.o    romdata   0x0066df    program   0x000000
.idata_user_routines_fast.o_i    romdata   0x0066df    program   0x000000
 .romdata_user_routines.o    romdata   0x0066df    program   0x000000
.romdata_user_SerialDrv.o    romdata   0x0066df    program   0x000000
.idata_user_SerialDrv.o_i    romdata   0x0066df    program   0x000000
          .romdata_main.o    romdata   0x0066df    program   0x000000
          .idata_main.o_i    romdata   0x0066df    program   0x000000
      .romdata_fxd3232u.o    romdata   0x0066df    program   0x000000
           .romdata_arm.o    romdata   0x0066df    program   0x000000
      .idata_fxd3232u.o_i    romdata   0x0066df    program   0x000000
     .romdata_armOutput.o    romdata   0x0066df    program   0x000000
      .romdata_fxd1616u.o    romdata   0x0066df    program   0x000000
          .idata_aut1.o_i    romdata   0x0066df    program   0x000000
          .romdata_aut1.o    romdata   0x0066df    program   0x000000
       .idata_adcbusy.o_i    romdata   0x0066df    program   0x000000
      .idata_fxd1616u.o_i    romdata   0x0066df    program   0x000000
       .romdata_adcconv.o    romdata   0x0066df    program   0x000000
       .romdata_adcbusy.o    romdata   0x0066df    program   0x000000
       .idata_adcconv.o_i    romdata   0x0066df    program   0x000000
      .romdata_adcclose.o    romdata   0x0066df    program   0x000000
      .idata_adcclose.o_i    romdata   0x0066df    program   0x000000
         .code_adcclose.o       code   0x0066e0    program   0x000006
      .code_ifi_startup.o       code   0x0066e0    program   0x000000
           .code_stdout.o       code   0x0066e0    program   0x000000
      .code_user_camera.o       code   0x0066e0    program   0x000000
          .code_adcconv.o       code   0x0066e6    program   0x000004
        .idata_wheels.o_i    romdata   0x0066ea    program   0x000042
 .idata_user_routines.o_i    romdata   0x00672c    program   0x000005
        .idata_stdout.o_i    romdata   0x006731    program   0x000002
 .idata_ifi_utilities.o_i    romdata   0x006733    program   0x000004
   .idata_driverClock.o_i    romdata   0x006737    program   0x000004
     .idata_armOutput.o_i    romdata   0x00673b    program   0x000002
           .idata_arm.o_i    romdata   0x00673d    program   0x000007
                  .config       code   0x300000    program   0x00000e
                  SPI_VAR      udata   0x000000       data   0x000017
                MATH_DATA      udata   0x000017       data   0x000014
                 .tmpdata      udata   0x00002b       data   0x000014
                DELAYDAT1      udata   0x00003f       data   0x000001
                 COPY_VAR      udata   0x000080       data   0x000080
     .udata_speedometer.o      udata   0x000100       data   0x00006a
   .udata_ifi_utilities.o      udata   0x00016a       data   0x000058
     .udata_ifi_startup.o      udata   0x0001c2       data   0x00000a
       .udata_armOutput.o      udata   0x0001cc       data   0x000008
             .udata_arm.o      udata   0x0001d4       data   0x000008
             .idata_arm.o      idata   0x0001dc       data   0x000007
   .idata_user_routines.o      idata   0x0001e3       data   0x000005
   .idata_ifi_utilities.o      idata   0x0001e8       data   0x000004
     .idata_driverClock.o      idata   0x0001ec       data   0x000004
   .udata_user_routines.o      udata   0x0001f0       data   0x000003
          .idata_stdout.o      idata   0x0001f3       data   0x000002
       .idata_armOutput.o      idata   0x0001f5       data   0x000002
        .udata_vfprintf.o      udata   0x0001f7       data   0x000000
        .idata_fxd1616u.o      idata   0x0001f7       data   0x000000
        .udata_fxd3232u.o      udata   0x0001f7       data   0x000000
        .idata_fxd3232u.o      idata   0x0001f7       data   0x000000
         .udata_fxm3232.o      udata   0x0001f7       data   0x000000
          .udata_stdout.o      udata   0x0001f7       data   0x000000
         .idata_fxm3232.o      idata   0x0001f7       data   0x000000
        .idata_vfprintf.o      idata   0x0001f7       data   0x000000
     .idata_ifi_library.o      idata   0x0001f7       data   0x000000
          .idata_printf.o      idata   0x0001f7       data   0x000000
          .udata_u1open.o      udata   0x0001f7       data   0x000000
          .idata_u1open.o      idata   0x0001f7       data   0x000000
          .udata_printf.o      udata   0x0001f7       data   0x000000
         .idata_t1write.o      idata   0x0001f7       data   0x000000
          .udata_u2open.o      udata   0x0001f7       data   0x000000
          .idata_u2open.o      idata   0x0001f7       data   0x000000
         .udata_t1write.o      udata   0x0001f7       data   0x000000
         .udata_adcopen.o      udata   0x0001f7       data   0x000000
         .idata_adcopen.o      idata   0x0001f7       data   0x000000
         .idata_adcread.o      idata   0x0001f7       data   0x000000
        .udata_spi_open.o      udata   0x0001f7       data   0x000000
        .idata_spi_open.o      idata   0x0001f7       data   0x000000
         .udata_adcread.o      udata   0x0001f7       data   0x000000
      .idata__user_putc.o      idata   0x0001f7       data   0x000000
            .idata_main.o      idata   0x0001f7       data   0x000000
      .udata__user_putc.o      udata   0x0001f7       data   0x000000
  .idata_user_SerialDrv.o      idata   0x0001f7       data   0x000000
.udata_user_routines_fast.o      udata   0x0001f7       data   0x000000
.idata_user_routines_fast.o      idata   0x0001f7       data   0x000000
     .idata_ifi_startup.o      idata   0x0001f7       data   0x000000
     .udata_user_camera.o      udata   0x0001f7       data   0x000000
     .idata_user_camera.o      idata   0x0001f7       data   0x000000
          .udata_wheels.o      udata   0x0001f7       data   0x000000
     .idata_speedometer.o      idata   0x0001f7       data   0x000000
     .udata_driverClock.o      udata   0x0001f7       data   0x000000
      .udata_interrupts.o      udata   0x0001f7       data   0x000000
      .idata_interrupts.o      idata   0x0001f7       data   0x000000
            .idata_putc.o      idata   0x0001f7       data   0x000000
            .idata_aut1.o      idata   0x0001f7       data   0x000000
            .udata_putc.o      udata   0x0001f7       data   0x000000
         .udata_adcbusy.o      udata   0x0001f7       data   0x000000
         .idata_adcbusy.o      idata   0x0001f7       data   0x000000
        .udata_adcclose.o      udata   0x0001f7       data   0x000000
        .idata_adcclose.o      idata   0x0001f7       data   0x000000
         .udata_adcconv.o      udata   0x0001f7       data   0x000000
         .idata_adcconv.o      idata   0x0001f7       data   0x000000
        .udata_fxd1616u.o      udata   0x0001f7       data   0x000000
          .idata_wheels.o      idata   0x000200       data   0x000042
            .udata_main.o      udata   0x000242       data   0x000041
                   .stack      udata   0x000600       data   0x000100
  .udata_user_SerialDrv.o      udata   0x000700       data   0x0000de
     .udata_ifi_library.o      udata   0x0007de       data   0x00000d
            .udata_aut1.o      udata   0x0007eb       data   0x000009
            SFR_UNBANKED0      udata   0x000f6b       data   0x000095



                              Program Memory Usage 
                               Start         End      
                           ---------   ---------      
                            0x000800    0x0066de      
                            0x0066e0    0x006743      
                            0x300000    0x30000d      
            24401 out of 33816 program addresses used, program memory utilization is 72%



                              Symbols - Sorted by Name
                     Name    Address   Location    Storage File                     
                ---------  ---------  ---------  --------- ---------                
                  Adj_lp4   0x00549c    program     static C:\mcc18\Projects\FrcCode\FrcCode\Util_lib.asm
                  Adjust4   0x005498    program     static C:\mcc18\Projects\FrcCode\FrcCode\Util_lib.asm
          Breaker_Tripped   0x004bfc    program     extern C:\first\v2.0\src\FRC2005\user_SerialDrv.c
                  BusyADC   0x00080e    program     extern C:\mcc18\src\TRADIT~1\pmc\ADC\adcbusy.c
           CheckTXIntFlag   0x0047c6    program     static C:\first\v2.0\src\FRC2005\user_SerialDrv.c
            CheckUartInts   0x004998    program     extern C:\first\v2.0\src\FRC2005\user_SerialDrv.c
       Check_4_Violations   0x003516    program     extern C:\mcc18\Projects\FrcCode\FrcCode\ifi_library.c
               Clear_Bank   0x00512a    program     static C:\mcc18\Projects\FrcCode\FrcCode\Util_lib.asm
               Clear_Loop   0x005116    program     static C:\mcc18\Projects\FrcCode\FrcCode\Util_lib.asm
             Clear_Memory   0x005110    program     extern C:\mcc18\Projects\FrcCode\FrcCode\Util_lib.asm
       Clear_SPIdata_flag   0x003480    program     extern C:\mcc18\Projects\FrcCode\FrcCode\ifi_library.c
                 CloseADC   0x0066e0    program     extern C:\mcc18\src\TRADIT~1\pmc\ADC\adcclose.c
               ConvertADC   0x0066e6    program     extern C:\mcc18\src\TRADIT~1\pmc\ADC\adcconv.c
                    D10_1   0x0066b4    program     static C:\MCC18\SRC\TRADIT~1\DELAYS\d10tcyx.asm
                     D10x   0x0066ac    program     static C:\MCC18\SRC\TRADIT~1\DELAYS\d10tcyx.asm
                   D1616S   0x005f7a    program     static C:\MCC18\SRC\TRADIT~1\MATH\fxd1616s.asm
                D1616SNEG   0x005f88    program     static C:\MCC18\SRC\TRADIT~1\MATH\fxd1616s.asm
                 D1616SOK   0x005f84    program     static C:\MCC18\SRC\TRADIT~1\MATH\fxd1616s.asm
                  D1616SX   0x005f9a    program     static C:\MCC18\SRC\TRADIT~1\MATH\fxd1616s.asm
                    D1K_1   0x006674    program     static C:\MCC18\SRC\TRADIT~1\DELAYS\d1ktcyx.asm
                     D1Kx   0x006672    program     static C:\MCC18\SRC\TRADIT~1\DELAYS\d1ktcyx.asm
                   D3232S   0x005fd4    program     static C:\MCC18\SRC\TRADIT~1\MATH\fxd3232s.asm
                D3232SNEG   0x005fe2    program     static C:\MCC18\SRC\TRADIT~1\MATH\fxd3232s.asm
                 D3232SOK   0x005fde    program     static C:\MCC18\SRC\TRADIT~1\MATH\fxd3232s.asm
                  D3232SX   0x006002    program     static C:\MCC18\SRC\TRADIT~1\MATH\fxd3232s.asm
                  DA1616S   0x005f6a    program     static C:\MCC18\SRC\TRADIT~1\MATH\fxd1616s.asm
                  DA3232S   0x005fbe    program     static C:\MCC18\SRC\TRADIT~1\MATH\fxd3232s.asm
                      DL1   0x005458    program     static C:\mcc18\Projects\FrcCode\FrcCode\Util_lib.asm
                      DL2   0x00546e    program     static C:\mcc18\Projects\FrcCode\FrcCode\Util_lib.asm
          Dead_Space_Loop   0x005454    program     static C:\mcc18\Projects\FrcCode\FrcCode\Util_lib.asm
              Delay10TCYx   0x0066a4    program     extern C:\MCC18\SRC\TRADIT~1\DELAYS\d10tcyx.asm
              Delay1KTCYx   0x006668    program     extern C:\MCC18\SRC\TRADIT~1\DELAYS\d1ktcyx.asm
          DisableXmitInts   0x004842    program     extern C:\first\v2.0\src\FRC2005\user_SerialDrv.c
              DisplayBufr   0x005bf4    program     extern C:\first\v2.0\src\FRC2005\ifi_utilities.c
             EnableSystem   0x00418c    program     extern C:\first\v2.0\src\FRC2005\user_routines.c
           EnableXmitInts   0x0047a0    program     static C:\first\v2.0\src\FRC2005\user_SerialDrv.c
                 FXD1616S   0x005f58    program     extern C:\MCC18\SRC\TRADIT~1\MATH\fxd1616s.asm
                 FXD1616U   0x0065ae    program     extern C:\mcc18\src\TRADIT~1\math\fxd1616u.c
                 FXD3232S   0x005fa4    program     extern C:\MCC18\SRC\TRADIT~1\MATH\fxd3232s.asm
                 FXD3232U   0x0064f0    program     extern C:\mcc18\src\TRADIT~1\math\fxd3232u.c
                 FXM1616S   0x00600c    program     extern C:\MCC18\SRC\TRADIT~1\MATH\fxm1616s.asm
                 FXM1616U   0x006066    program     extern C:\MCC18\SRC\TRADIT~1\MATH\fxm1616u.asm
                  FXM3232   0x0062f0    program     extern C:\mcc18\src\TRADIT~1\math\fxm3232.c
            Generate_Pwms   0x0053ae    program     extern C:\mcc18\Projects\FrcCode\FrcCode\Util_lib.asm
       Generate_Pwms_Cont   0x0053f2    program     static C:\mcc18\Projects\FrcCode\FrcCode\Util_lib.asm
        GetDataFromMaster   0x005286    program     extern C:\mcc18\Projects\FrcCode\FrcCode\Util_lib.asm
         Get_Analog_Value   0x005cd4    program     extern C:\first\v2.0\src\FRC2005\ifi_utilities.c
                  Getdata   0x0033d2    program     extern C:\mcc18\Projects\FrcCode\FrcCode\ifi_library.c
        Handle_Panel_Data   0x004900    program     extern C:\first\v2.0\src\FRC2005\user_SerialDrv.c
           Handle_Spi_Int   0x00336e    program     extern C:\mcc18\Projects\FrcCode\FrcCode\ifi_library.c
               Hex_output   0x005134    program     extern C:\mcc18\Projects\FrcCode\FrcCode\Util_lib.asm
       IFI_Initialization   0x00325e    program     extern C:\mcc18\Projects\FrcCode\FrcCode\ifi_library.c
     InitializeInterrupt1   0x005dae    program     static C:\first\v2.0\src\NCSSM\interrupts.c
     InitializeInterrupt2   0x005dfa    program     static C:\first\v2.0\src\NCSSM\interrupts.c
     Initialize_Registers   0x0031e4    program     extern C:\mcc18\Projects\FrcCode\FrcCode\ifi_library.c
  Initialize_Serial_Comms   0x005ca2    program     extern C:\first\v2.0\src\FRC2005\ifi_utilities.c
       Initialize_Timer_1   0x005d54    program     extern C:\first\v2.0\src\NCSSM\interrupts.c
          Initialize_uart   0x0046fc    program     static C:\first\v2.0\src\FRC2005\user_SerialDrv.c
     InterruptHandlerHigh   0x0031a0    program     extern C:\mcc18\Projects\FrcCode\FrcCode\ifi_library.c
      InterruptHandlerLow   0x005e46    program     extern C:\first\v2.0\src\NCSSM\interrupts.c
      InterruptVectorHigh   0x000808    program     extern C:\mcc18\Projects\FrcCode\FrcCode\ifi_library.c
       InterruptVectorLow   0x000818    program     extern C:\first\v2.0\src\NCSSM\interrupts.c
                      LP4   0x0053f6    program     static C:\mcc18\Projects\FrcCode\FrcCode\Util_lib.asm
                LP4_Cont1   0x005400    program     static C:\mcc18\Projects\FrcCode\FrcCode\Util_lib.asm
                LP4_Cont2   0x00540a    program     static C:\mcc18\Projects\FrcCode\FrcCode\Util_lib.asm
                LP4_Cont3   0x005414    program     static C:\mcc18\Projects\FrcCode\FrcCode\Util_lib.asm
                LP4_Cont4   0x005420    program     static C:\mcc18\Projects\FrcCode\FrcCode\Util_lib.asm
                LP4_Cont5   0x00542a    program     static C:\mcc18\Projects\FrcCode\FrcCode\Util_lib.asm
                LP4_Cont6   0x005434    program     static C:\mcc18\Projects\FrcCode\FrcCode\Util_lib.asm
                LP4_Cont7   0x00543e    program     static C:\mcc18\Projects\FrcCode\FrcCode\Util_lib.asm
                LP4_Cont8   0x005448    program     static C:\mcc18\Projects\FrcCode\FrcCode\Util_lib.asm
           MoveData4Buff0   0x0051fc    program     static C:\mcc18\Projects\FrcCode\FrcCode\Util_lib.asm
        MoveDataFromBuff1   0x005324    program     static C:\mcc18\Projects\FrcCode\FrcCode\Util_lib.asm
               Open1USART   0x00642a    program     extern C:\mcc18\src\TRADIT~1\pmc\USART\u1open.c
               Open2USART   0x0063c6    program     extern C:\mcc18\src\TRADIT~1\pmc\USART\u2open.c
                  OpenADC   0x00648e    program     extern C:\mcc18\src\TRADIT~1\pmc\ADC\adcopen.c
                  OpenSPI   0x006360    program     extern C:\mcc18\src\TRADIT~1\pmc\SPI\spi_open.c
          PacketNum_Check   0x005c36    program     extern C:\first\v2.0\src\FRC2005\ifi_utilities.c
    Prep_SPI_4_First_Byte   0x003308    program     extern C:\mcc18\Projects\FrcCode\FrcCode\ifi_library.c
                PrintByte   0x005ae4    program     extern C:\first\v2.0\src\FRC2005\ifi_utilities.c
              PrintString   0x005b52    program     extern C:\first\v2.0\src\FRC2005\ifi_utilities.c
                PrintWord   0x005b06    program     extern C:\first\v2.0\src\FRC2005\ifi_utilities.c
Process_Data_From_Local_IO   0x0066bc    program     extern C:\first\v2.0\src\FRC2005\user_routines_fast.c
Process_Data_From_Master_uP   0x00422a    program     extern C:\first\v2.0\src\FRC2005\user_routines.c
               Process_TX   0x00486c    program     static C:\first\v2.0\src\FRC2005\user_SerialDrv.c
                  Putdata   0x003404    program     extern C:\mcc18\Projects\FrcCode\FrcCode\ifi_library.c
                Pwm_Delay   0x005484    program     static C:\mcc18\Projects\FrcCode\FrcCode\Util_lib.asm
                  ReadADC   0x006538    program     extern C:\mcc18\src\TRADIT~1\pmc\ADC\adcread.c
      Reset_Control_Block   0x0046c2    program     static C:\first\v2.0\src\FRC2005\user_SerialDrv.c
         SendDataToMaster   0x005162    program     extern C:\mcc18\Projects\FrcCode\FrcCode\Util_lib.asm
     Serial_Char_Callback   0x0066be    program     extern C:\first\v2.0\src\FRC2005\user_routines_fast.c
      Serial_Display_Char   0x004ba4    program     extern C:\first\v2.0\src\FRC2005\user_SerialDrv.c
 Serial_Driver_Initialize   0x0049f0    program     extern C:\first\v2.0\src\FRC2005\user_SerialDrv.c
       Serial_Resume_Port   0x00480e    program     extern C:\first\v2.0\src\FRC2005\user_SerialDrv.c
             Serial_Write   0x004a6e    program     extern C:\first\v2.0\src\FRC2005\user_SerialDrv.c
        Serial_Write_Bufr   0x0049f4    program     extern C:\first\v2.0\src\FRC2005\user_SerialDrv.c
        Serial_Write_Char   0x004b32    program     extern C:\first\v2.0\src\FRC2005\user_SerialDrv.c
Set_Number_of_Analog_Channels   0x005cbe    program     extern C:\first\v2.0\src\FRC2005\ifi_utilities.c
   SetupControllerModules   0x00414a    program     extern C:\first\v2.0\src\FRC2005\user_routines.c
       SetupDriverModules   0x0040f8    program     extern C:\first\v2.0\src\FRC2005\user_routines.c
              SetupSystem   0x004022    program     extern C:\first\v2.0\src\FRC2005\user_routines.c
       SetupSystemModules   0x0040b2    program     extern C:\first\v2.0\src\FRC2005\user_routines.c
    Setup_PWM_Output_Type   0x00348a    program     extern C:\mcc18\Projects\FrcCode\FrcCode\ifi_library.c
          Setup_Spi_Slave   0x0031ce    program     extern C:\mcc18\Projects\FrcCode\FrcCode\ifi_library.c
               TSIGN1616A   0x006058    program     static C:\MCC18\SRC\TRADIT~1\MATH\fxm1616s.asm
             TerminateGet   0x0053a4    program     static C:\mcc18\Projects\FrcCode\FrcCode\Util_lib.asm
            TerminateSend   0x00527c    program     static C:\mcc18\Projects\FrcCode\FrcCode\Util_lib.asm
  UpdateLocalPWMDirection   0x005160    program     extern C:\mcc18\Projects\FrcCode\FrcCode\Util_lib.asm
     User_Autonomous_Code   0x0066ba    program     extern C:\first\v2.0\src\FRC2005\user_routines_fast.c
      User_Initialization   0x0041d2    program     extern C:\first\v2.0\src\FRC2005\user_routines.c
       User_Proc_Is_Ready   0x0032fe    program     extern C:\mcc18\Projects\FrcCode\FrcCode\ifi_library.c
             Wait4TXEmpty   0x005ada    program     extern C:\first\v2.0\src\FRC2005\ifi_utilities.c
              WriteTimer1   0x006576    program     extern C:\mcc18\src\TRADIT~1\pmc\Timers\t1write.c
                   _2jEnd   0x0061c2    program     static C:\MCC18\SRC\TRADIT~1\STDCLIB\slenpgm.asm
        _D10TCYXCODE_000A   0x0066ae    program     static C:\MCC18\SRC\TRADIT~1\DELAYS\d10tcyx.asm
        _D10TCYXCODE_000C   0x0066b0    program     static C:\MCC18\SRC\TRADIT~1\DELAYS\d10tcyx.asm
        _D10TCYXCODE_000E   0x0066b2    program     static C:\MCC18\SRC\TRADIT~1\DELAYS\d10tcyx.asm
        _D1KTCYXCODE_0010   0x006678    program     static C:\MCC18\SRC\TRADIT~1\DELAYS\d1ktcyx.asm
        _D1KTCYXCODE_0016   0x00667e    program     static C:\MCC18\SRC\TRADIT~1\DELAYS\d1ktcyx.asm
       ___return_lbl00000   0x00080c    program     static                          
       ___return_lbl00000   0x000804    program     static                          
       ___return_lbl00000   0x006536    program     static                          
       ___return_lbl00000   0x00635e    program     static                          
       ___return_lbl00000   0x0065d8    program     static                          
       ___return_lbl00001   0x006666    program     static                          
       ___return_lbl00002   0x00613e    program     static                          
       ___return_lbl00003   0x00081c    program     static                          
                   __pa_0   0x00266a    program     static C:\mcc18\src\TRADIT~1\stdclib\vfprintf.c
                   __pa_1   0x002672    program     static C:\mcc18\src\TRADIT~1\stdclib\vfprintf.c
                  __pa_10   0x002726    program     static C:\mcc18\src\TRADIT~1\stdclib\vfprintf.c
                  __pa_11   0x002734    program     static C:\mcc18\src\TRADIT~1\stdclib\vfprintf.c
                  __pa_12   0x00274a    program     static C:\mcc18\src\TRADIT~1\stdclib\vfprintf.c
                  __pa_13   0x002764    program     static C:\mcc18\src\TRADIT~1\stdclib\vfprintf.c
                  __pa_14   0x00277c    program     static C:\mcc18\src\TRADIT~1\stdclib\vfprintf.c
                  __pa_15   0x00278c    program     static C:\mcc18\src\TRADIT~1\stdclib\vfprintf.c
                  __pa_16   0x0027a2    program     static C:\mcc18\src\TRADIT~1\stdclib\vfprintf.c
                  __pa_17   0x0027b4    program     static C:\mcc18\src\TRADIT~1\stdclib\vfprintf.c
                  __pa_18   0x0027c6    program     static C:\mcc18\src\TRADIT~1\stdclib\vfprintf.c
                  __pa_19   0x0027d0    program     static C:\mcc18\src\TRADIT~1\stdclib\vfprintf.c
                   __pa_2   0x00267c    program     static C:\mcc18\src\TRADIT~1\stdclib\vfprintf.c
                  __pa_20   0x0027e0    program     static C:\mcc18\src\TRADIT~1\stdclib\vfprintf.c
                  __pa_21   0x0027f0    program     static C:\mcc18\src\TRADIT~1\stdclib\vfprintf.c
                  __pa_22   0x002800    program     static C:\mcc18\src\TRADIT~1\stdclib\vfprintf.c
                  __pa_23   0x00280c    program     static C:\mcc18\src\TRADIT~1\stdclib\vfprintf.c
                  __pa_24   0x00281a    program     static C:\mcc18\src\TRADIT~1\stdclib\vfprintf.c
                  __pa_25   0x002822    program     static C:\mcc18\src\TRADIT~1\stdclib\vfprintf.c
                  __pa_26   0x00282c    program     static C:\mcc18\src\TRADIT~1\stdclib\vfprintf.c
                  __pa_27   0x002836    program     static C:\mcc18\src\TRADIT~1\stdclib\vfprintf.c
                  __pa_28   0x00283e    program     static C:\mcc18\src\TRADIT~1\stdclib\vfprintf.c
                  __pa_29   0x00284c    program     static C:\mcc18\src\TRADIT~1\stdclib\vfprintf.c
                   __pa_3   0x002686    program     static C:\mcc18\src\TRADIT~1\stdclib\vfprintf.c
                  __pa_30   0x002868    program     static C:\mcc18\src\TRADIT~1\stdclib\vfprintf.c
                  __pa_31   0x002882    program     static C:\mcc18\src\TRADIT~1\stdclib\vfprintf.c
                  __pa_32   0x00289c    program     static C:\mcc18\src\TRADIT~1\stdclib\vfprintf.c
                  __pa_33   0x0028b4    program     static C:\mcc18\src\TRADIT~1\stdclib\vfprintf.c
                  __pa_34   0x0028be    program     static C:\mcc18\src\TRADIT~1\stdclib\vfprintf.c
                  __pa_35   0x0028cc    program     static C:\mcc18\src\TRADIT~1\stdclib\vfprintf.c
                  __pa_36   0x0028d4    program     static C:\mcc18\src\TRADIT~1\stdclib\vfprintf.c
                  __pa_37   0x0028de    program     static C:\mcc18\src\TRADIT~1\stdclib\vfprintf.c
                  __pa_38   0x0028ee    program     static C:\mcc18\src\TRADIT~1\stdclib\vfprintf.c
                  __pa_39   0x0028fc    program     static C:\mcc18\src\TRADIT~1\stdclib\vfprintf.c
                   __pa_4   0x00269e    program     static C:\mcc18\src\TRADIT~1\stdclib\vfprintf.c
                  __pa_40   0x002908    program     static C:\mcc18\src\TRADIT~1\stdclib\vfprintf.c
                  __pa_41   0x002914    program     static C:\mcc18\src\TRADIT~1\stdclib\vfprintf.c
                  __pa_42   0x00291c    program     static C:\mcc18\src\TRADIT~1\stdclib\vfprintf.c
                  __pa_43   0x002926    program     static C:\mcc18\src\TRADIT~1\stdclib\vfprintf.c
                  __pa_44   0x00292c    program     static C:\mcc18\src\TRADIT~1\stdclib\vfprintf.c
                  __pa_45   0x002936    program     static C:\mcc18\src\TRADIT~1\stdclib\vfprintf.c
                  __pa_46   0x002942    program     static C:\mcc18\src\TRADIT~1\stdclib\vfprintf.c
                   __pa_5   0x0026b2    program     static C:\mcc18\src\TRADIT~1\stdclib\vfprintf.c
                   __pa_6   0x0026ce    program     static C:\mcc18\src\TRADIT~1\stdclib\vfprintf.c
                   __pa_7   0x0026d8    program     static C:\mcc18\src\TRADIT~1\stdclib\vfprintf.c
                   __pa_8   0x0026e4    program     static C:\mcc18\src\TRADIT~1\stdclib\vfprintf.c
                   __pa_9   0x002706    program     static C:\mcc18\src\TRADIT~1\stdclib\vfprintf.c
               __string_0   0x0056c7    program     static C:\first\v2.0\src\NCSSM\wheels.c
               __string_0   0x005802    program     static C:\first\v2.0\src\NCSSM\arm.c
               __string_0   0x0057eb    program     static C:\first\v2.0\src\NCSSM\interrupts.c
               __string_0   0x005608    program     static C:\first\v2.0\src\FRC2005\user_routines.c
               __string_1   0x005628    program     static C:\first\v2.0\src\NCSSM\wheels.c
               __string_1   0x0055eb    program     static C:\first\v2.0\src\FRC2005\user_routines.c
               __string_1   0x0057e4    program     static C:\first\v2.0\src\NCSSM\interrupts.c
              __string_10   0x0054c3    program     static C:\first\v2.0\src\FRC2005\user_routines.c
              __string_11   0x0054a6    program     static C:\first\v2.0\src\FRC2005\user_routines.c
               __string_2   0x0055cb    program     static C:\first\v2.0\src\FRC2005\user_routines.c
               __string_2   0x0057c7    program     static C:\first\v2.0\src\NCSSM\interrupts.c
               __string_3   0x0055ae    program     static C:\first\v2.0\src\FRC2005\user_routines.c
               __string_3   0x0057aa    program     static C:\first\v2.0\src\NCSSM\interrupts.c
               __string_4   0x00558c    program     static C:\first\v2.0\src\FRC2005\user_routines.c
               __string_4   0x00578b    program     static C:\first\v2.0\src\NCSSM\interrupts.c
               __string_5   0x005765    program     static C:\first\v2.0\src\NCSSM\interrupts.c
               __string_5   0x00556b    program     static C:\first\v2.0\src\FRC2005\user_routines.c
               __string_6   0x005557    program     static C:\first\v2.0\src\FRC2005\user_routines.c
               __string_7   0x005546    program     static C:\first\v2.0\src\FRC2005\user_routines.c
               __string_8   0x00551a    program     static C:\first\v2.0\src\FRC2005\user_routines.c
               __string_9   0x005504    program     static C:\first\v2.0\src\FRC2005\user_routines.c
              __tmplbl_42   0x002800    program     static                          
              __tmplbl_43   0x00264c    program     static                          
              __tmplbl_44   0x002632    program     static                          
              __tmplbl_86   0x001d80    program     static                          
                _do_cinit   0x0060a2    program     extern C:\first\v2.0\src\FRC2005\ifi_startup.c
                   _entry   0x000800    program     extern C:\first\v2.0\src\FRC2005\ifi_startup.c
                   _false   0x006532    program     static                          
                 _startup   0x006648    program     extern C:\first\v2.0\src\FRC2005\ifi_startup.c
              _usart_putc   0x006688    program     extern C:\MCC18\SRC\TRADIT~1\PMC\USART\_usartpc.asm
               _user_putc   0x000806    program     extern C:\mcc18\src\TRADIT~1\stdclib\_user_putc.c
                      abs   0x0038f0    program     static C:\first\v2.0\src\NCSSM\arm.c
 armOutput_doFingerOutput   0x0059e8    program     extern C:\first\v2.0\src\NCSSM\armOutput.c
armOutput_doShoulderOutput   0x00588e    program     extern C:\first\v2.0\src\NCSSM\armOutput.c
armOutput_moduleInitialize   0x00588a    program     extern C:\first\v2.0\src\NCSSM\armOutput.c
 armOutput_moveFingerDown   0x00584a    program     extern C:\first\v2.0\src\NCSSM\armOutput.c
   armOutput_moveFingerUp   0x005852    program     extern C:\first\v2.0\src\NCSSM\armOutput.c
armOutput_moveShoulderDown   0x005842    program     extern C:\first\v2.0\src\NCSSM\armOutput.c
 armOutput_moveShoulderUp   0x00583a    program     extern C:\first\v2.0\src\NCSSM\armOutput.c
          armOutput_reset   0x00586a    program     extern C:\first\v2.0\src\NCSSM\armOutput.c
     armOutput_stopFinger   0x00585a    program     extern C:\first\v2.0\src\NCSSM\armOutput.c
   armOutput_stopShoulder   0x005862    program     extern C:\first\v2.0\src\NCSSM\armOutput.c
           arm_doFingerOI   0x003fca    program     extern C:\first\v2.0\src\NCSSM\arm.c
         arm_doShoulderOI   0x003b84    program     extern C:\first\v2.0\src\NCSSM\arm.c
  arm_getShoulderPosition   0x00396e    program     extern C:\first\v2.0\src\NCSSM\arm.c
     arm_moduleInitialize   0x00400e    program     extern C:\first\v2.0\src\NCSSM\arm.c
                arm_reset   0x004012    program     extern C:\first\v2.0\src\NCSSM\arm.c
 arm_seekShoulderPosition   0x003b0a    program     extern C:\first\v2.0\src\NCSSM\arm.c
    arm_setShoulderSensor   0x003952    program     extern C:\first\v2.0\src\NCSSM\arm.c
              aut1_doMain   0x005064    program     extern C:\first\v2.0\src\NCSSM\aut1.c
    aut1_moduleInitialize   0x005056    program     extern C:\first\v2.0\src\NCSSM\aut1.c
               aut1_reset   0x005050    program     extern C:\first\v2.0\src\NCSSM\aut1.c
        avgSpeed_getSpeed   0x003026    program     extern C:\first\v2.0\src\NCSSM\speedometer.c
 avgSpeed_handleInterrupt   0x002f40    program     extern C:\first\v2.0\src\NCSSM\speedometer.c
avgSpeed_moduleInitialize   0x002c94    program     extern C:\first\v2.0\src\NCSSM\speedometer.c
               computeAvg   0x002e28    program     static C:\first\v2.0\src\NCSSM\speedometer.c
     computeShoulderError   0x0039a6    program     static C:\first\v2.0\src\NCSSM\arm.c
                copy_loop   0x006114    program     static                          
            copy_one_byte   0x00611a    program     static                          
          distance_isDone   0x004f36    program     static C:\first\v2.0\src\NCSSM\aut1.c
           distance_start   0x004e8e    program     static C:\first\v2.0\src\NCSSM\aut1.c
                     done   0x00613e    program     static                          
             done_copying   0x006128    program     static                          
driverClock_getElapsedTime   0x006634    program     extern C:\first\v2.0\src\NCSSM\driverClock.c
driverClock_interruptHandler   0x006626    program     extern C:\first\v2.0\src\NCSSM\driverClock.c
                  endloop   0x0065d4    program     static                          
       interrupts_disable   0x005f52    program     extern C:\first\v2.0\src\NCSSM\interrupts.c
        interrupts_enable   0x005f4c    program     extern C:\first\v2.0\src\NCSSM\interrupts.c
interrupts_moduleInitialize   0x005f04    program     extern C:\first\v2.0\src\NCSSM\interrupts.c
                  isdigit   0x006602    program     extern C:\MCC18\SRC\TRADIT~1\STDCLIB\isdigit.asm
          iterateSpeedPID   0x000874    program     static C:\first\v2.0\src\NCSSM\wheels.c
                     jEnd   0x0061c4    program     static C:\MCC18\SRC\TRADIT~1\STDCLIB\slenpgm.asm
                     jEnd   0x00618c    program     static C:\MCC18\SRC\TRADIT~1\STDCLIB\strlen.asm
                     jEnd   0x006170    program     static C:\MCC18\SRC\TRADIT~1\STDCLIB\scpyp2r.asm
                    jLoop   0x0061ac    program     static C:\MCC18\SRC\TRADIT~1\STDCLIB\slenpgm.asm
                    jLoop   0x006182    program     static C:\MCC18\SRC\TRADIT~1\STDCLIB\strlen.asm
                    jLoop   0x006166    program     static C:\MCC18\SRC\TRADIT~1\STDCLIB\scpyp2r.asm
                   jMatch   0x006622    program     static C:\MCC18\SRC\TRADIT~1\STDCLIB\isdigit.asm
                 jNoMatch   0x006624    program     static C:\MCC18\SRC\TRADIT~1\STDCLIB\isdigit.asm
        limitTurningSpeed   0x0018e2    program     extern C:\first\v2.0\src\NCSSM\wheels.c
               lockFinger   0x005834    program     static C:\first\v2.0\src\NCSSM\armOutput.c
             lockShoulder   0x005828    program     static C:\first\v2.0\src\NCSSM\armOutput.c
                     loop   0x006658    program     static                          
                     loop   0x0064fe    program     static                          
                     loop   0x0065b8    program     static                          
                     loop   0x006698    program     static C:\MCC18\SRC\TRADIT~1\PMC\USART\_usartpc.asm
                     main   0x0065da    program     extern C:\first\v2.0\src\FRC2005\main.c
                   printf   0x0061d8    program     extern C:\mcc18\src\TRADIT~1\stdclib\printf.c
                     putc   0x00626c    program     extern C:\mcc18\src\TRADIT~1\stdclib\putc.c
                  s_delay   0x00548a    program     static C:\mcc18\Projects\FrcCode\FrcCode\Util_lib.asm
                 s_digits   0x0066ce    program     static C:\mcc18\src\TRADIT~1\stdclib\vfprintf.c
            s_put_n_chars   0x001d2a    program     static C:\mcc18\src\TRADIT~1\stdclib\vfprintf.c
                  safeAdd   0x001b76    program     extern C:\first\v2.0\src\NCSSM\wheels.c
              safeAddLong   0x0019fa    program     extern C:\first\v2.0\src\NCSSM\wheels.c
                 safePWMs   0x001c5a    program     extern C:\first\v2.0\src\NCSSM\wheels.c
  speedometer_getDistance   0x002c50    program     extern C:\first\v2.0\src\NCSSM\speedometer.c
     speedometer_getSpeed   0x00294c    program     extern C:\first\v2.0\src\NCSSM\speedometer.c
speedometer_handleEncoderClick   0x002a5a    program     extern C:\first\v2.0\src\NCSSM\speedometer.c
speedometer_moduleInitialize   0x002be8    program     extern C:\first\v2.0\src\NCSSM\speedometer.c
              storeSample   0x002cd6    program     static C:\first\v2.0\src\NCSSM\speedometer.c
            strcpypgm2ram   0x006140    program     extern C:\MCC18\SRC\TRADIT~1\STDCLIB\scpyp2r.asm
                   strlen   0x006172    program     extern C:\MCC18\SRC\TRADIT~1\STDCLIB\strlen.asm
                strlenpgm   0x00618e    program     extern C:\MCC18\SRC\TRADIT~1\STDCLIB\slenpgm.asm
                     test   0x0060bc    program     static                          
       turnMonitor_isDone   0x004d82    program     static C:\first\v2.0\src\NCSSM\aut1.c
        turnMonitor_start   0x004ce8    program     static C:\first\v2.0\src\NCSSM\aut1.c
             unlockFinger   0x00582e    program     static C:\first\v2.0\src\NCSSM\armOutput.c
           unlockShoulder   0x005822    program     static C:\first\v2.0\src\NCSSM\armOutput.c
                 vfprintf   0x001d56    program     extern C:\mcc18\src\TRADIT~1\stdclib\vfprintf.c
            wheels_doMain   0x000cd6    program     extern C:\first\v2.0\src\NCSSM\wheels.c
 wheels_getDriveDirection   0x00199c    program     extern C:\first\v2.0\src\NCSSM\wheels.c
  wheels_moduleInitialize   0x001d28    program     extern C:\first\v2.0\src\NCSSM\wheels.c
    wheels_oneStickDriver   0x001576    program     extern C:\first\v2.0\src\NCSSM\wheels.c
     wheels_setDriveSpeed   0x00138a    program     extern C:\first\v2.0\src\NCSSM\wheels.c
   wheels_setTurningSpeed   0x00155a    program     extern C:\first\v2.0\src\NCSSM\wheels.c
    wheels_twoStickDriver   0x001724    program     extern C:\first\v2.0\src\NCSSM\wheels.c
                   AARGB0   0x00001e       data     extern C:\MCC18\SRC\TRADIT~1\MATH\aarg.asm
                   AARGB1   0x00001d       data     extern C:\MCC18\SRC\TRADIT~1\MATH\aarg.asm
                   AARGB2   0x00001c       data     extern C:\MCC18\SRC\TRADIT~1\MATH\aarg.asm
                   AARGB3   0x00001b       data     extern C:\MCC18\SRC\TRADIT~1\MATH\aarg.asm
                   AARGB4   0x00001a       data     extern C:\MCC18\SRC\TRADIT~1\MATH\aarg.asm
                   AARGB5   0x000019       data     extern C:\MCC18\SRC\TRADIT~1\MATH\aarg.asm
                   AARGB6   0x000018       data     extern C:\MCC18\SRC\TRADIT~1\MATH\aarg.asm
                   AARGB7   0x000017       data     extern C:\MCC18\SRC\TRADIT~1\MATH\aarg.asm
                   ADCON0   0x000fc2       data     extern C:\MCC18\SRC\TRADIT~1\PROC\p18f8520.asm
               ADCON0bits   0x000fc2       data     extern C:\MCC18\SRC\TRADIT~1\PROC\p18f8520.asm
                   ADCON1   0x000fc1       data     extern C:\MCC18\SRC\TRADIT~1\PROC\p18f8520.asm
               ADCON1bits   0x000fc1       data     extern C:\MCC18\SRC\TRADIT~1\PROC\p18f8520.asm
                   ADCON2   0x000fc0       data     extern C:\MCC18\SRC\TRADIT~1\PROC\p18f8520.asm
               ADCON2bits   0x000fc0       data     extern C:\MCC18\SRC\TRADIT~1\PROC\p18f8520.asm
                    ADRES   0x000fc3       data     extern C:\MCC18\SRC\TRADIT~1\PROC\p18f8520.asm
                   ADRESH   0x000fc4       data     extern C:\MCC18\SRC\TRADIT~1\PROC\p18f8520.asm
                   ADRESL   0x000fc3       data     extern C:\MCC18\SRC\TRADIT~1\PROC\p18f8520.asm
                     AEXP   0x00001f       data     extern C:\MCC18\SRC\TRADIT~1\MATH\aarg.asm
                   BARGB0   0x000023       data     extern C:\MCC18\SRC\TRADIT~1\MATH\barg.asm
                   BARGB1   0x000022       data     extern C:\MCC18\SRC\TRADIT~1\MATH\barg.asm
                   BARGB2   0x000021       data     extern C:\MCC18\SRC\TRADIT~1\MATH\barg.asm
                   BARGB3   0x000020       data     extern C:\MCC18\SRC\TRADIT~1\MATH\barg.asm
                     BEXP   0x000024       data     extern C:\MCC18\SRC\TRADIT~1\MATH\barg.asm
                      BSR   0x000fe0       data     extern C:\MCC18\SRC\TRADIT~1\PROC\p18f8520.asm
                  CCP1CON   0x000fbd       data     extern C:\MCC18\SRC\TRADIT~1\PROC\p18f8520.asm
              CCP1CONbits   0x000fbd       data     extern C:\MCC18\SRC\TRADIT~1\PROC\p18f8520.asm
                  CCP2CON   0x000fba       data     extern C:\MCC18\SRC\TRADIT~1\PROC\p18f8520.asm
              CCP2CONbits   0x000fba       data     extern C:\MCC18\SRC\TRADIT~1\PROC\p18f8520.asm
                  CCP3CON   0x000fb7       data     extern C:\MCC18\SRC\TRADIT~1\PROC\p18f8520.asm
              CCP3CONbits   0x000fb7       data     extern C:\MCC18\SRC\TRADIT~1\PROC\p18f8520.asm
                  CCP4CON   0x000f73       data     extern C:\MCC18\SRC\TRADIT~1\PROC\p18f8520.asm
              CCP4CONbits   0x000f73       data     extern C:\MCC18\SRC\TRADIT~1\PROC\p18f8520.asm
                  CCP5CON   0x000f70       data     extern C:\MCC18\SRC\TRADIT~1\PROC\p18f8520.asm
              CCP5CONbits   0x000f70       data     extern C:\MCC18\SRC\TRADIT~1\PROC\p18f8520.asm
                    CCPR1   0x000fbe       data     extern C:\MCC18\SRC\TRADIT~1\PROC\p18f8520.asm
                   CCPR1H   0x000fbf       data     extern C:\MCC18\SRC\TRADIT~1\PROC\p18f8520.asm
                   CCPR1L   0x000fbe       data     extern C:\MCC18\SRC\TRADIT~1\PROC\p18f8520.asm
                    CCPR2   0x000fbb       data     extern C:\MCC18\SRC\TRADIT~1\PROC\p18f8520.asm
                   CCPR2H   0x000fbc       data     extern C:\MCC18\SRC\TRADIT~1\PROC\p18f8520.asm
                   CCPR2L   0x000fbb       data     extern C:\MCC18\SRC\TRADIT~1\PROC\p18f8520.asm
                    CCPR3   0x000fb8       data     extern C:\MCC18\SRC\TRADIT~1\PROC\p18f8520.asm
                   CCPR3H   0x000fb9       data     extern C:\MCC18\SRC\TRADIT~1\PROC\p18f8520.asm
                   CCPR3L   0x000fb8       data     extern C:\MCC18\SRC\TRADIT~1\PROC\p18f8520.asm
                    CCPR4   0x000f74       data     extern C:\MCC18\SRC\TRADIT~1\PROC\p18f8520.asm
                   CCPR4H   0x000f75       data     extern C:\MCC18\SRC\TRADIT~1\PROC\p18f8520.asm
                   CCPR4L   0x000f74       data     extern C:\MCC18\SRC\TRADIT~1\PROC\p18f8520.asm
                    CCPR5   0x000f71       data     extern C:\MCC18\SRC\TRADIT~1\PROC\p18f8520.asm
                   CCPR5H   0x000f72       data     extern C:\MCC18\SRC\TRADIT~1\PROC\p18f8520.asm
                   CCPR5L   0x000f71       data     extern C:\MCC18\SRC\TRADIT~1\PROC\p18f8520.asm
                    CMCON   0x000fb4       data     extern C:\MCC18\SRC\TRADIT~1\PROC\p18f8520.asm
                CMCONbits   0x000fb4       data     extern C:\MCC18\SRC\TRADIT~1\PROC\p18f8520.asm
                   CVRCON   0x000fb5       data     extern C:\MCC18\SRC\TRADIT~1\PROC\p18f8520.asm
               CVRCONbits   0x000fb5       data     extern C:\MCC18\SRC\TRADIT~1\PROC\p18f8520.asm
                      Cnt   0x000013       data     static C:\mcc18\Projects\FrcCode\FrcCode\Util_lib.asm
                     Cnt1   0x000014       data     static C:\mcc18\Projects\FrcCode\FrcCode\Util_lib.asm
                     DDRA   0x000f92       data     extern C:\MCC18\SRC\TRADIT~1\PROC\p18f8520.asm
                 DDRAbits   0x000f92       data     extern C:\MCC18\SRC\TRADIT~1\PROC\p18f8520.asm
                     DDRB   0x000f93       data     extern C:\MCC18\SRC\TRADIT~1\PROC\p18f8520.asm
                 DDRBbits   0x000f93       data     extern C:\MCC18\SRC\TRADIT~1\PROC\p18f8520.asm
                     DDRC   0x000f94       data     extern C:\MCC18\SRC\TRADIT~1\PROC\p18f8520.asm
                 DDRCbits   0x000f94       data     extern C:\MCC18\SRC\TRADIT~1\PROC\p18f8520.asm
                     DDRD   0x000f95       data     extern C:\MCC18\SRC\TRADIT~1\PROC\p18f8520.asm
                 DDRDbits   0x000f95       data     extern C:\MCC18\SRC\TRADIT~1\PROC\p18f8520.asm
                     DDRE   0x000f96       data     extern C:\MCC18\SRC\TRADIT~1\PROC\p18f8520.asm
                 DDREbits   0x000f96       data     extern C:\MCC18\SRC\TRADIT~1\PROC\p18f8520.asm
                     DDRF   0x000f97       data     extern C:\MCC18\SRC\TRADIT~1\PROC\p18f8520.asm
                 DDRFbits   0x000f97       data     extern C:\MCC18\SRC\TRADIT~1\PROC\p18f8520.asm
                     DDRG   0x000f98       data     extern C:\MCC18\SRC\TRADIT~1\PROC\p18f8520.asm
                 DDRGbits   0x000f98       data     extern C:\MCC18\SRC\TRADIT~1\PROC\p18f8520.asm
                     DDRH   0x000f99       data     extern C:\MCC18\SRC\TRADIT~1\PROC\p18f8520.asm
                 DDRHbits   0x000f99       data     extern C:\MCC18\SRC\TRADIT~1\PROC\p18f8520.asm
                     DDRJ   0x000f9a       data     extern C:\MCC18\SRC\TRADIT~1\PROC\p18f8520.asm
                 DDRJbits   0x000f9a       data     extern C:\MCC18\SRC\TRADIT~1\PROC\p18f8520.asm
            DelayCounter1   0x00003f       data     extern C:\MCC18\SRC\TRADIT~1\DELAYS\delayd1.asm
                    EEADR   0x000fa9       data     extern C:\MCC18\SRC\TRADIT~1\PROC\p18f8520.asm
                   EEADRH   0x000faa       data     extern C:\MCC18\SRC\TRADIT~1\PROC\p18f8520.asm
                   EECON1   0x000fa6       data     extern C:\MCC18\SRC\TRADIT~1\PROC\p18f8520.asm
               EECON1bits   0x000fa6       data     extern C:\MCC18\SRC\TRADIT~1\PROC\p18f8520.asm
                   EECON2   0x000fa7       data     extern C:\MCC18\SRC\TRADIT~1\PROC\p18f8520.asm
                   EEDATA   0x000fa8       data     extern C:\MCC18\SRC\TRADIT~1\PROC\p18f8520.asm
                  FPFLAGS   0x000026       data     extern C:\MCC18\SRC\TRADIT~1\MATH\cmath18.asm
              FPFLAGSbits   0x000026       data     extern C:\MCC18\SRC\TRADIT~1\MATH\cmath18.asm
                     FSR0   0x000fe9       data     extern C:\MCC18\SRC\TRADIT~1\PROC\p18f8520.asm
                    FSR0H   0x000fea       data     extern C:\MCC18\SRC\TRADIT~1\PROC\p18f8520.asm
                    FSR0L   0x000fe9       data     extern C:\MCC18\SRC\TRADIT~1\PROC\p18f8520.asm
                     FSR1   0x000fe1       data     extern C:\MCC18\SRC\TRADIT~1\PROC\p18f8520.asm
                    FSR1H   0x000fe2       data     extern C:\MCC18\SRC\TRADIT~1\PROC\p18f8520.asm
                    FSR1L   0x000fe1       data     extern C:\MCC18\SRC\TRADIT~1\PROC\p18f8520.asm
                     FSR2   0x000fd9       data     extern C:\MCC18\SRC\TRADIT~1\PROC\p18f8520.asm
                    FSR2H   0x000fda       data     extern C:\MCC18\SRC\TRADIT~1\PROC\p18f8520.asm
                    FSR2L   0x000fd9       data     extern C:\MCC18\SRC\TRADIT~1\PROC\p18f8520.asm
                FSRH_temp   0x000004       data     static C:\mcc18\Projects\FrcCode\FrcCode\Util_lib.asm
                FSRL_temp   0x000005       data     static C:\mcc18\Projects\FrcCode\FrcCode\Util_lib.asm
                        I   0x0001c0       data     static C:\first\v2.0\src\FRC2005\ifi_utilities.c
                        I   0x0007e4       data     static C:\mcc18\Projects\FrcCode\FrcCode\ifi_library.c
                    INDF0   0x000fef       data     extern C:\MCC18\SRC\TRADIT~1\PROC\p18f8520.asm
                    INDF1   0x000fe7       data     extern C:\MCC18\SRC\TRADIT~1\PROC\p18f8520.asm
                    INDF2   0x000fdf       data     extern C:\MCC18\SRC\TRADIT~1\PROC\p18f8520.asm
                   INTCON   0x000ff2       data     extern C:\MCC18\SRC\TRADIT~1\PROC\p18f8520.asm
                  INTCON2   0x000ff1       data     extern C:\MCC18\SRC\TRADIT~1\PROC\p18f8520.asm
              INTCON2bits   0x000ff1       data     extern C:\MCC18\SRC\TRADIT~1\PROC\p18f8520.asm
                  INTCON3   0x000ff0       data     extern C:\MCC18\SRC\TRADIT~1\PROC\p18f8520.asm
              INTCON3bits   0x000ff0       data     extern C:\MCC18\SRC\TRADIT~1\PROC\p18f8520.asm
               INTCONbits   0x000ff2       data     extern C:\MCC18\SRC\TRADIT~1\PROC\p18f8520.asm
                     IPR1   0x000f9f       data     extern C:\MCC18\SRC\TRADIT~1\PROC\p18f8520.asm
                 IPR1bits   0x000f9f       data     extern C:\MCC18\SRC\TRADIT~1\PROC\p18f8520.asm
                     IPR2   0x000fa2       data     extern C:\MCC18\SRC\TRADIT~1\PROC\p18f8520.asm
                 IPR2bits   0x000fa2       data     extern C:\MCC18\SRC\TRADIT~1\PROC\p18f8520.asm
                     IPR3   0x000fa5       data     extern C:\MCC18\SRC\TRADIT~1\PROC\p18f8520.asm
                 IPR3bits   0x000fa5       data     extern C:\MCC18\SRC\TRADIT~1\PROC\p18f8520.asm
                 IntState   0x000726       data     static C:\first\v2.0\src\FRC2005\user_SerialDrv.c
                       Kd   0x00022c       data     static C:\first\v2.0\src\NCSSM\wheels.c
                  Kd_turn   0x000236       data     static C:\first\v2.0\src\NCSSM\wheels.c
                       Ki   0x000228       data     static C:\first\v2.0\src\NCSSM\wheels.c
                  Ki_turn   0x000234       data     static C:\first\v2.0\src\NCSSM\wheels.c
                       Kp   0x000224       data     static C:\first\v2.0\src\NCSSM\wheels.c
                  Kp_turn   0x000232       data     static C:\first\v2.0\src\NCSSM\wheels.c
                     LATA   0x000f89       data     extern C:\MCC18\SRC\TRADIT~1\PROC\p18f8520.asm
                 LATAbits   0x000f89       data     extern C:\MCC18\SRC\TRADIT~1\PROC\p18f8520.asm
                     LATB   0x000f8a       data     extern C:\MCC18\SRC\TRADIT~1\PROC\p18f8520.asm
                 LATBbits   0x000f8a       data     extern C:\MCC18\SRC\TRADIT~1\PROC\p18f8520.asm
                     LATC   0x000f8b       data     extern C:\MCC18\SRC\TRADIT~1\PROC\p18f8520.asm
                 LATCbits   0x000f8b       data     extern C:\MCC18\SRC\TRADIT~1\PROC\p18f8520.asm
                     LATD   0x000f8c       data     extern C:\MCC18\SRC\TRADIT~1\PROC\p18f8520.asm
                 LATDbits   0x000f8c       data     extern C:\MCC18\SRC\TRADIT~1\PROC\p18f8520.asm
                     LATE   0x000f8d       data     extern C:\MCC18\SRC\TRADIT~1\PROC\p18f8520.asm
                 LATEbits   0x000f8d       data     extern C:\MCC18\SRC\TRADIT~1\PROC\p18f8520.asm
                     LATF   0x000f8e       data     extern C:\MCC18\SRC\TRADIT~1\PROC\p18f8520.asm
                 LATFbits   0x000f8e       data     extern C:\MCC18\SRC\TRADIT~1\PROC\p18f8520.asm
                     LATG   0x000f8f       data     extern C:\MCC18\SRC\TRADIT~1\PROC\p18f8520.asm
                 LATGbits   0x000f8f       data     extern C:\MCC18\SRC\TRADIT~1\PROC\p18f8520.asm
                     LATH   0x000f90       data     extern C:\MCC18\SRC\TRADIT~1\PROC\p18f8520.asm
                 LATHbits   0x000f90       data     extern C:\MCC18\SRC\TRADIT~1\PROC\p18f8520.asm
                     LATJ   0x000f91       data     extern C:\MCC18\SRC\TRADIT~1\PROC\p18f8520.asm
                 LATJbits   0x000f91       data     extern C:\MCC18\SRC\TRADIT~1\PROC\p18f8520.asm
                   LVDCON   0x000fd2       data     extern C:\MCC18\SRC\TRADIT~1\PROC\p18f8520.asm
               LVDCONbits   0x000fd2       data     extern C:\MCC18\SRC\TRADIT~1\PROC\p18f8520.asm
                   MEMCON   0x000f9c       data     extern C:\MCC18\SRC\TRADIT~1\PROC\p18f8520.asm
               MEMCONbits   0x000f9c       data     extern C:\MCC18\SRC\TRADIT~1\PROC\p18f8520.asm
                   OSCCON   0x000fd3       data     extern C:\MCC18\SRC\TRADIT~1\PROC\p18f8520.asm
               OSCCONbits   0x000fd3       data     extern C:\MCC18\SRC\TRADIT~1\PROC\p18f8520.asm
                       PC   0x000ff9       data     extern C:\MCC18\SRC\TRADIT~1\PROC\p18f8520.asm
                      PCL   0x000ff9       data     extern C:\MCC18\SRC\TRADIT~1\PROC\p18f8520.asm
                   PCLATH   0x000ffa       data     extern C:\MCC18\SRC\TRADIT~1\PROC\p18f8520.asm
                   PCLATU   0x000ffb       data     extern C:\MCC18\SRC\TRADIT~1\PROC\p18f8520.asm
                     PIE1   0x000f9d       data     extern C:\MCC18\SRC\TRADIT~1\PROC\p18f8520.asm
                 PIE1bits   0x000f9d       data     extern C:\MCC18\SRC\TRADIT~1\PROC\p18f8520.asm
                     PIE2   0x000fa0       data     extern C:\MCC18\SRC\TRADIT~1\PROC\p18f8520.asm
                 PIE2bits   0x000fa0       data     extern C:\MCC18\SRC\TRADIT~1\PROC\p18f8520.asm
                     PIE3   0x000fa3       data     extern C:\MCC18\SRC\TRADIT~1\PROC\p18f8520.asm
                 PIE3bits   0x000fa3       data     extern C:\MCC18\SRC\TRADIT~1\PROC\p18f8520.asm
                     PIR1   0x000f9e       data     extern C:\MCC18\SRC\TRADIT~1\PROC\p18f8520.asm
                 PIR1bits   0x000f9e       data     extern C:\MCC18\SRC\TRADIT~1\PROC\p18f8520.asm
                     PIR2   0x000fa1       data     extern C:\MCC18\SRC\TRADIT~1\PROC\p18f8520.asm
                 PIR2bits   0x000fa1       data     extern C:\MCC18\SRC\TRADIT~1\PROC\p18f8520.asm
                     PIR3   0x000fa4       data     extern C:\MCC18\SRC\TRADIT~1\PROC\p18f8520.asm
                 PIR3bits   0x000fa4       data     extern C:\MCC18\SRC\TRADIT~1\PROC\p18f8520.asm
                   PLUSW0   0x000feb       data     extern C:\MCC18\SRC\TRADIT~1\PROC\p18f8520.asm
                   PLUSW1   0x000fe3       data     extern C:\MCC18\SRC\TRADIT~1\PROC\p18f8520.asm
                   PLUSW2   0x000fdb       data     extern C:\MCC18\SRC\TRADIT~1\PROC\p18f8520.asm
                    PORTA   0x000f80       data     extern C:\MCC18\SRC\TRADIT~1\PROC\p18f8520.asm
                PORTAbits   0x000f80       data     extern C:\MCC18\SRC\TRADIT~1\PROC\p18f8520.asm
                    PORTB   0x000f81       data     extern C:\MCC18\SRC\TRADIT~1\PROC\p18f8520.asm
                PORTBbits   0x000f81       data     extern C:\MCC18\SRC\TRADIT~1\PROC\p18f8520.asm
                    PORTC   0x000f82       data     extern C:\MCC18\SRC\TRADIT~1\PROC\p18f8520.asm
                PORTCbits   0x000f82       data     extern C:\MCC18\SRC\TRADIT~1\PROC\p18f8520.asm
                    PORTD   0x000f83       data     extern C:\MCC18\SRC\TRADIT~1\PROC\p18f8520.asm
                PORTDbits   0x000f83       data     extern C:\MCC18\SRC\TRADIT~1\PROC\p18f8520.asm
                    PORTE   0x000f84       data     extern C:\MCC18\SRC\TRADIT~1\PROC\p18f8520.asm
                PORTEbits   0x000f84       data     extern C:\MCC18\SRC\TRADIT~1\PROC\p18f8520.asm
                    PORTF   0x000f85       data     extern C:\MCC18\SRC\TRADIT~1\PROC\p18f8520.asm
                PORTFbits   0x000f85       data     extern C:\MCC18\SRC\TRADIT~1\PROC\p18f8520.asm
                    PORTG   0x000f86       data     extern C:\MCC18\SRC\TRADIT~1\PROC\p18f8520.asm
                PORTGbits   0x000f86       data     extern C:\MCC18\SRC\TRADIT~1\PROC\p18f8520.asm
                    PORTH   0x000f87       data     extern C:\MCC18\SRC\TRADIT~1\PROC\p18f8520.asm
                PORTHbits   0x000f87       data     extern C:\MCC18\SRC\TRADIT~1\PROC\p18f8520.asm
                    PORTJ   0x000f88       data     extern C:\MCC18\SRC\TRADIT~1\PROC\p18f8520.asm
                PORTJbits   0x000f88       data     extern C:\MCC18\SRC\TRADIT~1\PROC\p18f8520.asm
               PORT_TRASH   0x000012       data     static C:\mcc18\Projects\FrcCode\FrcCode\Util_lib.asm
                 POSTDEC0   0x000fed       data     extern C:\MCC18\SRC\TRADIT~1\PROC\p18f8520.asm
                 POSTDEC1   0x000fe5       data     extern C:\MCC18\SRC\TRADIT~1\PROC\p18f8520.asm
                 POSTDEC2   0x000fdd       data     extern C:\MCC18\SRC\TRADIT~1\PROC\p18f8520.asm
                 POSTINC0   0x000fee       data     extern C:\MCC18\SRC\TRADIT~1\PROC\p18f8520.asm
                 POSTINC1   0x000fe6       data     extern C:\MCC18\SRC\TRADIT~1\PROC\p18f8520.asm
                 POSTINC2   0x000fde       data     extern C:\MCC18\SRC\TRADIT~1\PROC\p18f8520.asm
                      PR2   0x000fcb       data     extern C:\MCC18\SRC\TRADIT~1\PROC\p18f8520.asm
                      PR4   0x000f77       data     extern C:\MCC18\SRC\TRADIT~1\PROC\p18f8520.asm
                  PREINC0   0x000fec       data     extern C:\MCC18\SRC\TRADIT~1\PROC\p18f8520.asm
                  PREINC1   0x000fe4       data     extern C:\MCC18\SRC\TRADIT~1\PROC\p18f8520.asm
                  PREINC2   0x000fdc       data     extern C:\MCC18\SRC\TRADIT~1\PROC\p18f8520.asm
                     PROD   0x000ff3       data     extern C:\MCC18\SRC\TRADIT~1\PROC\p18f8520.asm
                    PRODH   0x000ff4       data     extern C:\MCC18\SRC\TRADIT~1\PROC\p18f8520.asm
                    PRODL   0x000ff3       data     extern C:\MCC18\SRC\TRADIT~1\PROC\p18f8520.asm
                   PSPCON   0x000fb0       data     extern C:\MCC18\SRC\TRADIT~1\PROC\p18f8520.asm
               PSPCONbits   0x000fb0       data     extern C:\MCC18\SRC\TRADIT~1\PROC\p18f8520.asm
           PWMdisableMask   0x000016       data     extern C:\mcc18\Projects\FrcCode\FrcCode\Util_lib.asm
                     RCON   0x000fd0       data     extern C:\MCC18\SRC\TRADIT~1\PROC\p18f8520.asm
                 RCONbits   0x000fd0       data     extern C:\MCC18\SRC\TRADIT~1\PROC\p18f8520.asm
                   RCREG1   0x000fae       data     extern C:\MCC18\SRC\TRADIT~1\PROC\p18f8520.asm
                   RCREG2   0x000f6e       data     extern C:\MCC18\SRC\TRADIT~1\PROC\p18f8520.asm
                    RCSTA   0x000fab       data     extern C:\MCC18\SRC\TRADIT~1\PROC\p18f8520.asm
                   RCSTA1   0x000fab       data     extern C:\MCC18\SRC\TRADIT~1\PROC\p18f8520.asm
               RCSTA1bits   0x000fab       data     extern C:\MCC18\SRC\TRADIT~1\PROC\p18f8520.asm
                   RCSTA2   0x000f6b       data     extern C:\MCC18\SRC\TRADIT~1\PROC\p18f8520.asm
               RCSTA2bits   0x000f6b       data     extern C:\MCC18\SRC\TRADIT~1\PROC\p18f8520.asm
                RCSTAbits   0x000fab       data     extern C:\MCC18\SRC\TRADIT~1\PROC\p18f8520.asm
                    REMB0   0x00001a       data     extern C:\MCC18\SRC\TRADIT~1\MATH\aarg.asm
                    REMB1   0x000019       data     extern C:\MCC18\SRC\TRADIT~1\MATH\aarg.asm
                    REMB2   0x000018       data     extern C:\MCC18\SRC\TRADIT~1\MATH\aarg.asm
                    REMB3   0x000017       data     extern C:\MCC18\SRC\TRADIT~1\MATH\aarg.asm
                     SIGN   0x000025       data     extern C:\MCC18\SRC\TRADIT~1\MATH\cmath18.asm
                    SPBRG   0x000faf       data     extern C:\MCC18\SRC\TRADIT~1\PROC\p18f8520.asm
                   SPBRG1   0x000faf       data     extern C:\MCC18\SRC\TRADIT~1\PROC\p18f8520.asm
                   SPBRG2   0x000f6f       data     extern C:\MCC18\SRC\TRADIT~1\PROC\p18f8520.asm
                   SSPADD   0x000fc8       data     extern C:\MCC18\SRC\TRADIT~1\PROC\p18f8520.asm
                   SSPBUF   0x000fc9       data     extern C:\MCC18\SRC\TRADIT~1\PROC\p18f8520.asm
                  SSPCON1   0x000fc6       data     extern C:\MCC18\SRC\TRADIT~1\PROC\p18f8520.asm
              SSPCON1bits   0x000fc6       data     extern C:\MCC18\SRC\TRADIT~1\PROC\p18f8520.asm
                  SSPCON2   0x000fc5       data     extern C:\MCC18\SRC\TRADIT~1\PROC\p18f8520.asm
              SSPCON2bits   0x000fc5       data     extern C:\MCC18\SRC\TRADIT~1\PROC\p18f8520.asm
                  SSPSTAT   0x000fc7       data     extern C:\MCC18\SRC\TRADIT~1\PROC\p18f8520.asm
              SSPSTATbits   0x000fc7       data     extern C:\MCC18\SRC\TRADIT~1\PROC\p18f8520.asm
                   STATUS   0x000fd8       data     extern C:\MCC18\SRC\TRADIT~1\PROC\p18f8520.asm
               STATUSbits   0x000fd8       data     extern C:\MCC18\SRC\TRADIT~1\PROC\p18f8520.asm
                   STKPTR   0x000ffc       data     extern C:\MCC18\SRC\TRADIT~1\PROC\p18f8520.asm
               STKPTRbits   0x000ffc       data     extern C:\MCC18\SRC\TRADIT~1\PROC\p18f8520.asm
                    T0CON   0x000fd5       data     extern C:\MCC18\SRC\TRADIT~1\PROC\p18f8520.asm
                T0CONbits   0x000fd5       data     extern C:\MCC18\SRC\TRADIT~1\PROC\p18f8520.asm
                    T1CON   0x000fcd       data     extern C:\MCC18\SRC\TRADIT~1\PROC\p18f8520.asm
                T1CONbits   0x000fcd       data     extern C:\MCC18\SRC\TRADIT~1\PROC\p18f8520.asm
                    T2CON   0x000fca       data     extern C:\MCC18\SRC\TRADIT~1\PROC\p18f8520.asm
                T2CONbits   0x000fca       data     extern C:\MCC18\SRC\TRADIT~1\PROC\p18f8520.asm
                    T3CON   0x000fb1       data     extern C:\MCC18\SRC\TRADIT~1\PROC\p18f8520.asm
                T3CONbits   0x000fb1       data     extern C:\MCC18\SRC\TRADIT~1\PROC\p18f8520.asm
                    T4CON   0x000f76       data     extern C:\MCC18\SRC\TRADIT~1\PROC\p18f8520.asm
                T4CONbits   0x000f76       data     extern C:\MCC18\SRC\TRADIT~1\PROC\p18f8520.asm
                   TABLAT   0x000ff5       data     extern C:\MCC18\SRC\TRADIT~1\PROC\p18f8520.asm
                   TBLPTR   0x000ff6       data     extern C:\MCC18\SRC\TRADIT~1\PROC\p18f8520.asm
                  TBLPTRH   0x000ff7       data     extern C:\MCC18\SRC\TRADIT~1\PROC\p18f8520.asm
                  TBLPTRL   0x000ff6       data     extern C:\MCC18\SRC\TRADIT~1\PROC\p18f8520.asm
                  TBLPTRU   0x000ff8       data     extern C:\MCC18\SRC\TRADIT~1\PROC\p18f8520.asm
                     TEMP   0x00002a       data     extern C:\MCC18\SRC\TRADIT~1\MATH\temparg.asm
                   TEMPB0   0x00002a       data     extern C:\MCC18\SRC\TRADIT~1\MATH\temparg.asm
                   TEMPB1   0x000029       data     extern C:\MCC18\SRC\TRADIT~1\MATH\temparg.asm
                   TEMPB2   0x000028       data     extern C:\MCC18\SRC\TRADIT~1\MATH\temparg.asm
                   TEMPB3   0x000027       data     extern C:\MCC18\SRC\TRADIT~1\MATH\temparg.asm
                    TMR0H   0x000fd7       data     extern C:\MCC18\SRC\TRADIT~1\PROC\p18f8520.asm
                    TMR0L   0x000fd6       data     extern C:\MCC18\SRC\TRADIT~1\PROC\p18f8520.asm
                    TMR1H   0x000fcf       data     extern C:\MCC18\SRC\TRADIT~1\PROC\p18f8520.asm
                    TMR1L   0x000fce       data     extern C:\MCC18\SRC\TRADIT~1\PROC\p18f8520.asm
                     TMR2   0x000fcc       data     extern C:\MCC18\SRC\TRADIT~1\PROC\p18f8520.asm
                    TMR3H   0x000fb3       data     extern C:\MCC18\SRC\TRADIT~1\PROC\p18f8520.asm
                    TMR3L   0x000fb2       data     extern C:\MCC18\SRC\TRADIT~1\PROC\p18f8520.asm
                     TMR4   0x000f78       data     extern C:\MCC18\SRC\TRADIT~1\PROC\p18f8520.asm
                      TOS   0x000ffd       data     extern C:\MCC18\SRC\TRADIT~1\PROC\p18f8520.asm
                     TOSH   0x000ffe       data     extern C:\MCC18\SRC\TRADIT~1\PROC\p18f8520.asm
                     TOSL   0x000ffd       data     extern C:\MCC18\SRC\TRADIT~1\PROC\p18f8520.asm
                     TOSU   0x000fff       data     extern C:\MCC18\SRC\TRADIT~1\PROC\p18f8520.asm
                    TRISA   0x000f92       data     extern C:\MCC18\SRC\TRADIT~1\PROC\p18f8520.asm
                TRISAbits   0x000f92       data     extern C:\MCC18\SRC\TRADIT~1\PROC\p18f8520.asm
                    TRISB   0x000f93       data     extern C:\MCC18\SRC\TRADIT~1\PROC\p18f8520.asm
                TRISBbits   0x000f93       data     extern C:\MCC18\SRC\TRADIT~1\PROC\p18f8520.asm
                    TRISC   0x000f94       data     extern C:\MCC18\SRC\TRADIT~1\PROC\p18f8520.asm
                TRISCbits   0x000f94       data     extern C:\MCC18\SRC\TRADIT~1\PROC\p18f8520.asm
                    TRISD   0x000f95       data     extern C:\MCC18\SRC\TRADIT~1\PROC\p18f8520.asm
                TRISDbits   0x000f95       data     extern C:\MCC18\SRC\TRADIT~1\PROC\p18f8520.asm
                    TRISE   0x000f96       data     extern C:\MCC18\SRC\TRADIT~1\PROC\p18f8520.asm
                TRISEbits   0x000f96       data     extern C:\MCC18\SRC\TRADIT~1\PROC\p18f8520.asm
                    TRISF   0x000f97       data     extern C:\MCC18\SRC\TRADIT~1\PROC\p18f8520.asm
                TRISFbits   0x000f97       data     extern C:\MCC18\SRC\TRADIT~1\PROC\p18f8520.asm
                    TRISG   0x000f98       data     extern C:\MCC18\SRC\TRADIT~1\PROC\p18f8520.asm
                TRISGbits   0x000f98       data     extern C:\MCC18\SRC\TRADIT~1\PROC\p18f8520.asm
                    TRISH   0x000f99       data     extern C:\MCC18\SRC\TRADIT~1\PROC\p18f8520.asm
                TRISHbits   0x000f99       data     extern C:\MCC18\SRC\TRADIT~1\PROC\p18f8520.asm
                    TRISJ   0x000f9a       data     extern C:\MCC18\SRC\TRADIT~1\PROC\p18f8520.asm
                TRISJbits   0x000f9a       data     extern C:\MCC18\SRC\TRADIT~1\PROC\p18f8520.asm
                    TXREG   0x000fad       data     extern C:\MCC18\SRC\TRADIT~1\PROC\p18f8520.asm
                   TXREG1   0x000fad       data     extern C:\MCC18\SRC\TRADIT~1\PROC\p18f8520.asm
                   TXREG2   0x000f6d       data     extern C:\MCC18\SRC\TRADIT~1\PROC\p18f8520.asm
                    TXSTA   0x000fac       data     extern C:\MCC18\SRC\TRADIT~1\PROC\p18f8520.asm
                   TXSTA1   0x000fac       data     extern C:\MCC18\SRC\TRADIT~1\PROC\p18f8520.asm
               TXSTA1bits   0x000fac       data     extern C:\MCC18\SRC\TRADIT~1\PROC\p18f8520.asm
                   TXSTA2   0x000f6c       data     extern C:\MCC18\SRC\TRADIT~1\PROC\p18f8520.asm
               TXSTA2bits   0x000f6c       data     extern C:\MCC18\SRC\TRADIT~1\PROC\p18f8520.asm
                TXSTAbits   0x000fac       data     extern C:\MCC18\SRC\TRADIT~1\PROC\p18f8520.asm
                   WDTCON   0x000fd1       data     extern C:\MCC18\SRC\TRADIT~1\PROC\p18f8520.asm
               WDTCONbits   0x000fd1       data     extern C:\MCC18\SRC\TRADIT~1\PROC\p18f8520.asm
                     WREG   0x000fe8       data     extern C:\MCC18\SRC\TRADIT~1\PROC\p18f8520.asm
                  __tmp_0   0x00002b       data     static C:\mcc18\src\TRADIT~1\pmc\ADC\adcopen.c
                  __tmp_0   0x00002b       data     static C:\mcc18\src\TRADIT~1\pmc\ADC\adcread.c
                  __tmp_0   0x00002b       data     static C:\mcc18\src\TRADIT~1\stdclib\printf.c
                  __tmp_0   0x00002b       data     static C:\mcc18\src\TRADIT~1\stdclib\vfprintf.c
                  __tmp_0   0x00002b       data     static C:\mcc18\src\TRADIT~1\stdclib\putc.c
                  __tmp_0   0x00002b       data     static C:\first\v2.0\src\NCSSM\interrupts.c
                  __tmp_0   0x00002b       data     static C:\first\v2.0\src\NCSSM\speedometer.c
                  __tmp_0   0x00002b       data     static C:\first\v2.0\src\FRC2005\user_routines.c
                  __tmp_0   0x00002b       data     static C:\first\v2.0\src\FRC2005\user_SerialDrv.c
                  __tmp_0   0x00002b       data     static C:\first\v2.0\src\NCSSM\wheels.c
                  __tmp_0   0x00002b       data     static C:\first\v2.0\src\NCSSM\arm.c
                  __tmp_0   0x00002b       data     static C:\first\v2.0\src\FRC2005\ifi_utilities.c
                  __tmp_0   0x00002b       data     static C:\first\v2.0\src\NCSSM\aut1.c
       aBreakerWasTripped   0x0007d9       data     extern C:\first\v2.0\src\FRC2005\user_SerialDrv.c
                aut1_data   0x0007eb       data     static C:\first\v2.0\src\NCSSM\aut1.c
                  autMode   0x0001e6       data     static C:\first\v2.0\src\FRC2005\user_routines.c
            avgSpeed_left   0x000128       data     extern C:\first\v2.0\src\NCSSM\speedometer.c
           avgSpeed_right   0x000149       data     extern C:\first\v2.0\src\NCSSM\speedometer.c
                    count   0x0007e5       data     static C:\mcc18\Projects\FrcCode\FrcCode\ifi_library.c
                  counter   0x0001e1       data     static C:\first\v2.0\src\NCSSM\arm.c
                curr_byte   0x0001c5       data     static C:\first\v2.0\src\FRC2005\ifi_startup.c
               curr_entry   0x0001c7       data     static C:\first\v2.0\src\FRC2005\ifi_startup.c
                   dataIn   0x000720       data     static C:\first\v2.0\src\FRC2005\user_SerialDrv.c
                 data_ptr   0x0001c9       data     static C:\first\v2.0\src\FRC2005\ifi_startup.c
                      dcb   0x000727       data     static C:\first\v2.0\src\FRC2005\user_SerialDrv.c
                   dcbPtr   0x0007da       data     static C:\first\v2.0\src\FRC2005\user_SerialDrv.c
                   dcbPtr   0x0007dc       data     static C:\first\v2.0\src\FRC2005\user_SerialDrv.c
              elapsedTime   0x0001ec       data     extern C:\first\v2.0\src\NCSSM\driverClock.c
             fBumpCounter   0x0001d2       data     static C:\first\v2.0\src\NCSSM\armOutput.c
               fLockState   0x0001ce       data     static C:\first\v2.0\src\NCSSM\armOutput.c
       fingerDriveCounter   0x0001d7       data     static C:\first\v2.0\src\NCSSM\arm.c
       fingerIsInPosition   0x0001d9       data     static C:\first\v2.0\src\NCSSM\arm.c
               gPWM_DATA1   0x00000a       data     static C:\mcc18\Projects\FrcCode\FrcCode\Util_lib.asm
               gPWM_DATA2   0x00000b       data     static C:\mcc18\Projects\FrcCode\FrcCode\Util_lib.asm
               gPWM_DATA3   0x00000c       data     static C:\mcc18\Projects\FrcCode\FrcCode\Util_lib.asm
               gPWM_DATA4   0x00000d       data     static C:\mcc18\Projects\FrcCode\FrcCode\Util_lib.asm
               gPWM_DATA5   0x00000e       data     static C:\mcc18\Projects\FrcCode\FrcCode\Util_lib.asm
               gPWM_DATA6   0x00000f       data     static C:\mcc18\Projects\FrcCode\FrcCode\Util_lib.asm
               gPWM_DATA7   0x000010       data     static C:\mcc18\Projects\FrcCode\FrcCode\Util_lib.asm
               gPWM_DATA8   0x000011       data     static C:\mcc18\Projects\FrcCode\FrcCode\Util_lib.asm
                gRX_BUFF0   0x0000c0       data     extern C:\mcc18\Projects\FrcCode\FrcCode\Util_lib.asm
                gRX_BUFF1   0x0000e0       data     extern C:\mcc18\Projects\FrcCode\FrcCode\Util_lib.asm
                 gRX_PTRH   0x000002       data     static C:\mcc18\Projects\FrcCode\FrcCode\Util_lib.asm
                 gRX_PTRL   0x000003       data     static C:\mcc18\Projects\FrcCode\FrcCode\Util_lib.asm
                  gSPICNT   0x000006       data     static C:\mcc18\Projects\FrcCode\FrcCode\Util_lib.asm
             gSPI_RCV_PTR   0x000007       data     extern C:\mcc18\Projects\FrcCode\FrcCode\Util_lib.asm
             gSPI_XMT_PTR   0x000008       data     extern C:\mcc18\Projects\FrcCode\FrcCode\Util_lib.asm
                gTX_BUFF0   0x000080       data     extern C:\mcc18\Projects\FrcCode\FrcCode\Util_lib.asm
                gTX_BUFF1   0x0000a0       data     extern C:\mcc18\Projects\FrcCode\FrcCode\Util_lib.asm
                 gTX_PTRH   0x000000       data     static C:\mcc18\Projects\FrcCode\FrcCode\Util_lib.asm
                 gTX_PTRL   0x000001       data     static C:\mcc18\Projects\FrcCode\FrcCode\Util_lib.asm
         highGearStick2mm   0x00023e       data     static C:\first\v2.0\src\NCSSM\wheels.c
         highGearStick2mm   0x00023a       data     static C:\first\v2.0\src\NCSSM\wheels.c
      ifi_analog_channels   0x0001bd       data     extern C:\first\v2.0\src\FRC2005\ifi_utilities.c
                ifi_count   0x0001bc       data     extern C:\first\v2.0\src\FRC2005\ifi_utilities.c
         ifi_last_packet1   0x0001ea       data     extern C:\first\v2.0\src\FRC2005\ifi_utilities.c
          ifi_packet_num1   0x0001e8       data     extern C:\first\v2.0\src\FRC2005\ifi_utilities.c
           ifi_printfBufr   0x00016a       data     extern C:\first\v2.0\src\FRC2005\ifi_utilities.c
          initialPressure   0x0001e5       data     static C:\first\v2.0\src\FRC2005\user_routines.c
                    iters   0x000238       data     static C:\first\v2.0\src\NCSSM\wheels.c
                    iters   0x000230       data     static C:\first\v2.0\src\NCSSM\wheels.c
           leftWheelState   0x000206       data     static C:\first\v2.0\src\NCSSM\wheels.c
                      len   0x0001be       data     static C:\first\v2.0\src\FRC2005\ifi_utilities.c
          lowGearStick2mm   0x000240       data     static C:\first\v2.0\src\NCSSM\wheels.c
          lowGearStick2mm   0x00023c       data     static C:\first\v2.0\src\NCSSM\wheels.c
         maxShoulderAngle   0x0001de       data     static C:\first\v2.0\src\NCSSM\arm.c
               midCounter   0x0001e3       data     static C:\first\v2.0\src\FRC2005\user_routines.c
          outputFingerPWM   0x0001db       data     static C:\first\v2.0\src\NCSSM\arm.c
        outputShoulderPWM   0x0001da       data     static C:\first\v2.0\src\NCSSM\arm.c
                     prom   0x0001c2       data     static C:\first\v2.0\src\FRC2005\ifi_startup.c
                      ptr   0x0001ba       data     extern C:\first\v2.0\src\FRC2005\ifi_utilities.c
          rightWheelState   0x000210       data     static C:\first\v2.0\src\NCSSM\wheels.c
              rom2ramBufr   0x000700       data     static C:\first\v2.0\src\FRC2005\user_SerialDrv.c
                    rxPtr   0x0007e7       data     static C:\mcc18\Projects\FrcCode\FrcCode\ifi_library.c
                   rxdata   0x000262       data     extern C:\first\v2.0\src\FRC2005\main.c
                rxferbufr   0x0007e2       data     static C:\mcc18\Projects\FrcCode\FrcCode\ifi_library.c
             sBumpCounter   0x0001d0       data     static C:\first\v2.0\src\NCSSM\armOutput.c
               sLockState   0x0001cc       data     static C:\first\v2.0\src\NCSSM\armOutput.c
     shoulderIsInPosition   0x0001d6       data     static C:\first\v2.0\src\NCSSM\arm.c
        shoulderPosSensor   0x0001d4       data     extern C:\first\v2.0\src\NCSSM\arm.c
               speedEhist   0x000200       data     static C:\first\v2.0\src\NCSSM\wheels.c
         speedometer_left   0x000100       data     extern C:\first\v2.0\src\NCSSM\speedometer.c
        speedometer_right   0x000114       data     extern C:\first\v2.0\src\NCSSM\speedometer.c
                    state   0x0001e0       data     static C:\first\v2.0\src\NCSSM\arm.c
                    state   0x0001e7       data     static C:\first\v2.0\src\FRC2005\user_routines.c
[...]
                     LATE   0x000f8d       data     extern C:\MCC18\SRC\TRADIT~1\PROC\p18f8520.asm
                 LATEbits   0x000f8d       data     extern C:\MCC18\SRC\TRADIT~1\PROC\p18f8520.asm
                 LATFbits   0x000f8e       data     extern C:\MCC18\SRC\TRADIT~1\PROC\p18f8520.asm
                     LATF   0x000f8e       data     extern C:\MCC18\SRC\TRADIT~1\PROC\p18f8520.asm
                 LATGbits   0x000f8f       data     extern C:\MCC18\SRC\TRADIT~1\PROC\p18f8520.asm
                     LATG   0x000f8f       data     extern C:\MCC18\SRC\TRADIT~1\PROC\p18f8520.asm
                     LATH   0x000f90       data     extern C:\MCC18\SRC\TRADIT~1\PROC\p18f8520.asm
                 LATHbits   0x000f90       data     extern C:\MCC18\SRC\TRADIT~1\PROC\p18f8520.asm
                     LATJ   0x000f91       data     extern C:\MCC18\SRC\TRADIT~1\PROC\p18f8520.asm
                 LATJbits   0x000f91       data     extern C:\MCC18\SRC\TRADIT~1\PROC\p18f8520.asm
                     DDRA   0x000f92       data     extern C:\MCC18\SRC\TRADIT~1\PROC\p18f8520.asm
                 DDRAbits   0x000f92       data     extern C:\MCC18\SRC\TRADIT~1\PROC\p18f8520.asm
                TRISAbits   0x000f92       data     extern C:\MCC18\SRC\TRADIT~1\PROC\p18f8520.asm
                    TRISA   0x000f92       data     extern C:\MCC18\SRC\TRADIT~1\PROC\p18f8520.asm
                    TRISB   0x000f93       data     extern C:\MCC18\SRC\TRADIT~1\PROC\p18f8520.asm
                     DDRB   0x000f93       data     extern C:\MCC18\SRC\TRADIT~1\PROC\p18f8520.asm
                 DDRBbits   0x000f93       data     extern C:\MCC18\SRC\TRADIT~1\PROC\p18f8520.asm
                TRISBbits   0x000f93       data     extern C:\MCC18\SRC\TRADIT~1\PROC\p18f8520.asm
                TRISCbits   0x000f94       data     extern C:\MCC18\SRC\TRADIT~1\PROC\p18f8520.asm
                 DDRCbits   0x000f94       data     extern C:\MCC18\SRC\TRADIT~1\PROC\p18f8520.asm
                     DDRC   0x000f94       data     extern C:\MCC18\SRC\TRADIT~1\PROC\p18f8520.asm
                    TRISC   0x000f94       data     extern C:\MCC18\SRC\TRADIT~1\PROC\p18f8520.asm
                TRISDbits   0x000f95       data     extern C:\MCC18\SRC\TRADIT~1\PROC\p18f8520.asm
                    TRISD   0x000f95       data     extern C:\MCC18\SRC\TRADIT~1\PROC\p18f8520.asm
                 DDRDbits   0x000f95       data     extern C:\MCC18\SRC\TRADIT~1\PROC\p18f8520.asm
                     DDRD   0x000f95       data     extern C:\MCC18\SRC\TRADIT~1\PROC\p18f8520.asm
                    TRISE   0x000f96       data     extern C:\MCC18\SRC\TRADIT~1\PROC\p18f8520.asm
                 DDREbits   0x000f96       data     extern C:\MCC18\SRC\TRADIT~1\PROC\p18f8520.asm
                     DDRE   0x000f96       data     extern C:\MCC18\SRC\TRADIT~1\PROC\p18f8520.asm
                TRISEbits   0x000f96       data     extern C:\MCC18\SRC\TRADIT~1\PROC\p18f8520.asm
                    TRISF   0x000f97       data     extern C:\MCC18\SRC\TRADIT~1\PROC\p18f8520.asm
                TRISFbits   0x000f97       data     extern C:\MCC18\SRC\TRADIT~1\PROC\p18f8520.asm
                     DDRF   0x000f97       data     extern C:\MCC18\SRC\TRADIT~1\PROC\p18f8520.asm
                 DDRFbits   0x000f97       data     extern C:\MCC18\SRC\TRADIT~1\PROC\p18f8520.asm
                 DDRGbits   0x000f98       data     extern C:\MCC18\SRC\TRADIT~1\PROC\p18f8520.asm
                     DDRG   0x000f98       data     extern C:\MCC18\SRC\TRADIT~1\PROC\p18f8520.asm
                TRISGbits   0x000f98       data     extern C:\MCC18\SRC\TRADIT~1\PROC\p18f8520.asm
                    TRISG   0x000f98       data     extern C:\MCC18\SRC\TRADIT~1\PROC\p18f8520.asm
                TRISHbits   0x000f99       data     extern C:\MCC18\SRC\TRADIT~1\PROC\p18f8520.asm
                     DDRH   0x000f99       data     extern C:\MCC18\SRC\TRADIT~1\PROC\p18f8520.asm
                 DDRHbits   0x000f99       data     extern C:\MCC18\SRC\TRADIT~1\PROC\p18f8520.asm
                    TRISH   0x000f99       data     extern C:\MCC18\SRC\TRADIT~1\PROC\p18f8520.asm
                 DDRJbits   0x000f9a       data     extern C:\MCC18\SRC\TRADIT~1\PROC\p18f8520.asm
                     DDRJ   0x000f9a       data     extern C:\MCC18\SRC\TRADIT~1\PROC\p18f8520.asm
                    TRISJ   0x000f9a       data     extern C:\MCC18\SRC\TRADIT~1\PROC\p18f8520.asm
                TRISJbits   0x000f9a       data     extern C:\MCC18\SRC\TRADIT~1\PROC\p18f8520.asm
                   MEMCON   0x000f9c       data     extern C:\MCC18\SRC\TRADIT~1\PROC\p18f8520.asm
               MEMCONbits   0x000f9c       data     extern C:\MCC18\SRC\TRADIT~1\PROC\p18f8520.asm
                 PIE1bits   0x000f9d       data     extern C:\MCC18\SRC\TRADIT~1\PROC\p18f8520.asm
                     PIE1   0x000f9d       data     extern C:\MCC18\SRC\TRADIT~1\PROC\p18f8520.asm
                 PIR1bits   0x000f9e       data     extern C:\MCC18\SRC\TRADIT~1\PROC\p18f8520.asm
                     PIR1   0x000f9e       data     extern C:\MCC18\SRC\TRADIT~1\PROC\p18f8520.asm
                     IPR1   0x000f9f       data     extern C:\MCC18\SRC\TRADIT~1\PROC\p18f8520.asm
                 IPR1bits   0x000f9f       data     extern C:\MCC18\SRC\TRADIT~1\PROC\p18f8520.asm
                 PIE2bits   0x000fa0       data     extern C:\MCC18\SRC\TRADIT~1\PROC\p18f8520.asm
                     PIE2   0x000fa0       data     extern C:\MCC18\SRC\TRADIT~1\PROC\p18f8520.asm
                     PIR2   0x000fa1       data     extern C:\MCC18\SRC\TRADIT~1\PROC\p18f8520.asm
                 PIR2bits   0x000fa1       data     extern C:\MCC18\SRC\TRADIT~1\PROC\p18f8520.asm
                 IPR2bits   0x000fa2       data     extern C:\MCC18\SRC\TRADIT~1\PROC\p18f8520.asm
                     IPR2   0x000fa2       data     extern C:\MCC18\SRC\TRADIT~1\PROC\p18f8520.asm
                 PIE3bits   0x000fa3       data     extern C:\MCC18\SRC\TRADIT~1\PROC\p18f8520.asm
                     PIE3   0x000fa3       data     extern C:\MCC18\SRC\TRADIT~1\PROC\p18f8520.asm
                     PIR3   0x000fa4       data     extern C:\MCC18\SRC\TRADIT~1\PROC\p18f8520.asm
                 PIR3bits   0x000fa4       data     extern C:\MCC18\SRC\TRADIT~1\PROC\p18f8520.asm
                     IPR3   0x000fa5       data     extern C:\MCC18\SRC\TRADIT~1\PROC\p18f8520.asm
                 IPR3bits   0x000fa5       data     extern C:\MCC18\SRC\TRADIT~1\PROC\p18f8520.asm
               EECON1bits   0x000fa6       data     extern C:\MCC18\SRC\TRADIT~1\PROC\p18f8520.asm
                   EECON1   0x000fa6       data     extern C:\MCC18\SRC\TRADIT~1\PROC\p18f8520.asm
                   EECON2   0x000fa7       data     extern C:\MCC18\SRC\TRADIT~1\PROC\p18f8520.asm
                   EEDATA   0x000fa8       data     extern C:\MCC18\SRC\TRADIT~1\PROC\p18f8520.asm
                    EEADR   0x000fa9       data     extern C:\MCC18\SRC\TRADIT~1\PROC\p18f8520.asm
                   EEADRH   0x000faa       data     extern C:\MCC18\SRC\TRADIT~1\PROC\p18f8520.asm
                    RCSTA   0x000fab       data     extern C:\MCC18\SRC\TRADIT~1\PROC\p18f8520.asm
                   RCSTA1   0x000fab       data     extern C:\MCC18\SRC\TRADIT~1\PROC\p18f8520.asm
               RCSTA1bits   0x000fab       data     extern C:\MCC18\SRC\TRADIT~1\PROC\p18f8520.asm
                RCSTAbits   0x000fab       data     extern C:\MCC18\SRC\TRADIT~1\PROC\p18f8520.asm
                TXSTAbits   0x000fac       data     extern C:\MCC18\SRC\TRADIT~1\PROC\p18f8520.asm
               TXSTA1bits   0x000fac       data     extern C:\MCC18\SRC\TRADIT~1\PROC\p18f8520.asm
                   TXSTA1   0x000fac       data     extern C:\MCC18\SRC\TRADIT~1\PROC\p18f8520.asm
                    TXSTA   0x000fac       data     extern C:\MCC18\SRC\TRADIT~1\PROC\p18f8520.asm
                   TXREG1   0x000fad       data     extern C:\MCC18\SRC\TRADIT~1\PROC\p18f8520.asm
                    TXREG   0x000fad       data     extern C:\MCC18\SRC\TRADIT~1\PROC\p18f8520.asm
                   RCREG1   0x000fae       data     extern C:\MCC18\SRC\TRADIT~1\PROC\p18f8520.asm
                    SPBRG   0x000faf       data     extern C:\MCC18\SRC\TRADIT~1\PROC\p18f8520.asm
                   SPBRG1   0x000faf       data     extern C:\MCC18\SRC\TRADIT~1\PROC\p18f8520.asm
                   PSPCON   0x000fb0       data     extern C:\MCC18\SRC\TRADIT~1\PROC\p18f8520.asm
               PSPCONbits   0x000fb0       data     extern C:\MCC18\SRC\TRADIT~1\PROC\p18f8520.asm
                T3CONbits   0x000fb1       data     extern C:\MCC18\SRC\TRADIT~1\PROC\p18f8520.asm
                    T3CON   0x000fb1       data     extern C:\MCC18\SRC\TRADIT~1\PROC\p18f8520.asm
                    TMR3L   0x000fb2       data     extern C:\MCC18\SRC\TRADIT~1\PROC\p18f8520.asm
                    TMR3H   0x000fb3       data     extern C:\MCC18\SRC\TRADIT~1\PROC\p18f8520.asm
                CMCONbits   0x000fb4       data     extern C:\MCC18\SRC\TRADIT~1\PROC\p18f8520.asm
                    CMCON   0x000fb4       data     extern C:\MCC18\SRC\TRADIT~1\PROC\p18f8520.asm
                   CVRCON   0x000fb5       data     extern C:\MCC18\SRC\TRADIT~1\PROC\p18f8520.asm
               CVRCONbits   0x000fb5       data     extern C:\MCC18\SRC\TRADIT~1\PROC\p18f8520.asm
              CCP3CONbits   0x000fb7       data     extern C:\MCC18\SRC\TRADIT~1\PROC\p18f8520.asm
                  CCP3CON   0x000fb7       data     extern C:\MCC18\SRC\TRADIT~1\PROC\p18f8520.asm
                   CCPR3L   0x000fb8       data     extern C:\MCC18\SRC\TRADIT~1\PROC\p18f8520.asm
                    CCPR3   0x000fb8       data     extern C:\MCC18\SRC\TRADIT~1\PROC\p18f8520.asm
                   CCPR3H   0x000fb9       data     extern C:\MCC18\SRC\TRADIT~1\PROC\p18f8520.asm
              CCP2CONbits   0x000fba       data     extern C:\MCC18\SRC\TRADIT~1\PROC\p18f8520.asm
                  CCP2CON   0x000fba       data     extern C:\MCC18\SRC\TRADIT~1\PROC\p18f8520.asm
                    CCPR2   0x000fbb       data     extern C:\MCC18\SRC\TRADIT~1\PROC\p18f8520.asm
                   CCPR2L   0x000fbb       data     extern C:\MCC18\SRC\TRADIT~1\PROC\p18f8520.asm
                   CCPR2H   0x000fbc       data     extern C:\MCC18\SRC\TRADIT~1\PROC\p18f8520.asm
                  CCP1CON   0x000fbd       data     extern C:\MCC18\SRC\TRADIT~1\PROC\p18f8520.asm
              CCP1CONbits   0x000fbd       data     extern C:\MCC18\SRC\TRADIT~1\PROC\p18f8520.asm
                   CCPR1L   0x000fbe       data     extern C:\MCC18\SRC\TRADIT~1\PROC\p18f8520.asm
                    CCPR1   0x000fbe       data     extern C:\MCC18\SRC\TRADIT~1\PROC\p18f8520.asm
                   CCPR1H   0x000fbf       data     extern C:\MCC18\SRC\TRADIT~1\PROC\p18f8520.asm
                   ADCON2   0x000fc0       data     extern C:\MCC18\SRC\TRADIT~1\PROC\p18f8520.asm
               ADCON2bits   0x000fc0       data     extern C:\MCC18\SRC\TRADIT~1\PROC\p18f8520.asm
                   ADCON1   0x000fc1       data     extern C:\MCC18\SRC\TRADIT~1\PROC\p18f8520.asm
               ADCON1bits   0x000fc1       data     extern C:\MCC18\SRC\TRADIT~1\PROC\p18f8520.asm
               ADCON0bits   0x000fc2       data     extern C:\MCC18\SRC\TRADIT~1\PROC\p18f8520.asm
                   ADCON0   0x000fc2       data     extern C:\MCC18\SRC\TRADIT~1\PROC\p18f8520.asm
                    ADRES   0x000fc3       data     extern C:\MCC18\SRC\TRADIT~1\PROC\p18f8520.asm
                   ADRESL   0x000fc3       data     extern C:\MCC18\SRC\TRADIT~1\PROC\p18f8520.asm
                   ADRESH   0x000fc4       data     extern C:\MCC18\SRC\TRADIT~1\PROC\p18f8520.asm
              SSPCON2bits   0x000fc5       data     extern C:\MCC18\SRC\TRADIT~1\PROC\p18f8520.asm
                  SSPCON2   0x000fc5       data     extern C:\MCC18\SRC\TRADIT~1\PROC\p18f8520.asm
              SSPCON1bits   0x000fc6       data     extern C:\MCC18\SRC\TRADIT~1\PROC\p18f8520.asm
                  SSPCON1   0x000fc6       data     extern C:\MCC18\SRC\TRADIT~1\PROC\p18f8520.asm
                  SSPSTAT   0x000fc7       data     extern C:\MCC18\SRC\TRADIT~1\PROC\p18f8520.asm
              SSPSTATbits   0x000fc7       data     extern C:\MCC18\SRC\TRADIT~1\PROC\p18f8520.asm
                   SSPADD   0x000fc8       data     extern C:\MCC18\SRC\TRADIT~1\PROC\p18f8520.asm
                   SSPBUF   0x000fc9       data     extern C:\MCC18\SRC\TRADIT~1\PROC\p18f8520.asm
                    T2CON   0x000fca       data     extern C:\MCC18\SRC\TRADIT~1\PROC\p18f8520.asm
                T2CONbits   0x000fca       data     extern C:\MCC18\SRC\TRADIT~1\PROC\p18f8520.asm
                      PR2   0x000fcb       data     extern C:\MCC18\SRC\TRADIT~1\PROC\p18f8520.asm
                     TMR2   0x000fcc       data     extern C:\MCC18\SRC\TRADIT~1\PROC\p18f8520.asm
                T1CONbits   0x000fcd       data     extern C:\MCC18\SRC\TRADIT~1\PROC\p18f8520.asm
                    T1CON   0x000fcd       data     extern C:\MCC18\SRC\TRADIT~1\PROC\p18f8520.asm
                    TMR1L   0x000fce       data     extern C:\MCC18\SRC\TRADIT~1\PROC\p18f8520.asm
                    TMR1H   0x000fcf       data     extern C:\MCC18\SRC\TRADIT~1\PROC\p18f8520.asm
                 RCONbits   0x000fd0       data     extern C:\MCC18\SRC\TRADIT~1\PROC\p18f8520.asm
                     RCON   0x000fd0       data     extern C:\MCC18\SRC\TRADIT~1\PROC\p18f8520.asm
               WDTCONbits   0x000fd1       data     extern C:\MCC18\SRC\TRADIT~1\PROC\p18f8520.asm
                   WDTCON   0x000fd1       data     extern C:\MCC18\SRC\TRADIT~1\PROC\p18f8520.asm
                   LVDCON   0x000fd2       data     extern C:\MCC18\SRC\TRADIT~1\PROC\p18f8520.asm
               LVDCONbits   0x000fd2       data     extern C:\MCC18\SRC\TRADIT~1\PROC\p18f8520.asm
               OSCCONbits   0x000fd3       data     extern C:\MCC18\SRC\TRADIT~1\PROC\p18f8520.asm
                   OSCCON   0x000fd3       data     extern C:\MCC18\SRC\TRADIT~1\PROC\p18f8520.asm
                    T0CON   0x000fd5       data     extern C:\MCC18\SRC\TRADIT~1\PROC\p18f8520.asm
                T0CONbits   0x000fd5       data     extern C:\MCC18\SRC\TRADIT~1\PROC\p18f8520.asm
                    TMR0L   0x000fd6       data     extern C:\MCC18\SRC\TRADIT~1\PROC\p18f8520.asm
                    TMR0H   0x000fd7       data     extern C:\MCC18\SRC\TRADIT~1\PROC\p18f8520.asm
                   STATUS   0x000fd8       data     extern C:\MCC18\SRC\TRADIT~1\PROC\p18f8520.asm
               STATUSbits   0x000fd8       data     extern C:\MCC18\SRC\TRADIT~1\PROC\p18f8520.asm
                    FSR2L   0x000fd9       data     extern C:\MCC18\SRC\TRADIT~1\PROC\p18f8520.asm
                     FSR2   0x000fd9       data     extern C:\MCC18\SRC\TRADIT~1\PROC\p18f8520.asm
                    FSR2H   0x000fda       data     extern C:\MCC18\SRC\TRADIT~1\PROC\p18f8520.asm
                   PLUSW2   0x000fdb       data     extern C:\MCC18\SRC\TRADIT~1\PROC\p18f8520.asm
                  PREINC2   0x000fdc       data     extern C:\MCC18\SRC\TRADIT~1\PROC\p18f8520.asm
                 POSTDEC2   0x000fdd       data     extern C:\MCC18\SRC\TRADIT~1\PROC\p18f8520.asm
                 POSTINC2   0x000fde       data     extern C:\MCC18\SRC\TRADIT~1\PROC\p18f8520.asm
                    INDF2   0x000fdf       data     extern C:\MCC18\SRC\TRADIT~1\PROC\p18f8520.asm
                      BSR   0x000fe0       data     extern C:\MCC18\SRC\TRADIT~1\PROC\p18f8520.asm
                    FSR1L   0x000fe1       data     extern C:\MCC18\SRC\TRADIT~1\PROC\p18f8520.asm
                     FSR1   0x000fe1       data     extern C:\MCC18\SRC\TRADIT~1\PROC\p18f8520.asm
                    FSR1H   0x000fe2       data     extern C:\MCC18\SRC\TRADIT~1\PROC\p18f8520.asm
                   PLUSW1   0x000fe3       data     extern C:\MCC18\SRC\TRADIT~1\PROC\p18f8520.asm
                  PREINC1   0x000fe4       data     extern C:\MCC18\SRC\TRADIT~1\PROC\p18f8520.asm
                 POSTDEC1   0x000fe5       data     extern C:\MCC18\SRC\TRADIT~1\PROC\p18f8520.asm
                 POSTINC1   0x000fe6       data     extern C:\MCC18\SRC\TRADIT~1\PROC\p18f8520.asm
                    INDF1   0x000fe7       data     extern C:\MCC18\SRC\TRADIT~1\PROC\p18f8520.asm
                     WREG   0x000fe8       data     extern C:\MCC18\SRC\TRADIT~1\PROC\p18f8520.asm
                     FSR0   0x000fe9       data     extern C:\MCC18\SRC\TRADIT~1\PROC\p18f8520.asm
                    FSR0L   0x000fe9       data     extern C:\MCC18\SRC\TRADIT~1\PROC\p18f8520.asm
                    FSR0H   0x000fea       data     extern C:\MCC18\SRC\TRADIT~1\PROC\p18f8520.asm
                   PLUSW0   0x000feb       data     extern C:\MCC18\SRC\TRADIT~1\PROC\p18f8520.asm
                  PREINC0   0x000fec       data     extern C:\MCC18\SRC\TRADIT~1\PROC\p18f8520.asm
                 POSTDEC0   0x000fed       data     extern C:\MCC18\SRC\TRADIT~1\PROC\p18f8520.asm
                 POSTINC0   0x000fee       data     extern C:\MCC18\SRC\TRADIT~1\PROC\p18f8520.asm
                    INDF0   0x000fef       data     extern C:\MCC18\SRC\TRADIT~1\PROC\p18f8520.asm
                  INTCON3   0x000ff0       data     extern C:\MCC18\SRC\TRADIT~1\PROC\p18f8520.asm
              INTCON3bits   0x000ff0       data     extern C:\MCC18\SRC\TRADIT~1\PROC\p18f8520.asm
                  INTCON2   0x000ff1       data     extern C:\MCC18\SRC\TRADIT~1\PROC\p18f8520.asm
              INTCON2bits   0x000ff1       data     extern C:\MCC18\SRC\TRADIT~1\PROC\p18f8520.asm
                   INTCON   0x000ff2       data     extern C:\MCC18\SRC\TRADIT~1\PROC\p18f8520.asm
               INTCONbits   0x000ff2       data     extern C:\MCC18\SRC\TRADIT~1\PROC\p18f8520.asm
                     PROD   0x000ff3       data     extern C:\MCC18\SRC\TRADIT~1\PROC\p18f8520.asm
                    PRODL   0x000ff3       data     extern C:\MCC18\SRC\TRADIT~1\PROC\p18f8520.asm
                    PRODH   0x000ff4       data     extern C:\MCC18\SRC\TRADIT~1\PROC\p18f8520.asm
                   TABLAT   0x000ff5       data     extern C:\MCC18\SRC\TRADIT~1\PROC\p18f8520.asm
                   TBLPTR   0x000ff6       data     extern C:\MCC18\SRC\TRADIT~1\PROC\p18f8520.asm
                  TBLPTRL   0x000ff6       data     extern C:\MCC18\SRC\TRADIT~1\PROC\p18f8520.asm
                  TBLPTRH   0x000ff7       data     extern C:\MCC18\SRC\TRADIT~1\PROC\p18f8520.asm
                  TBLPTRU   0x000ff8       data     extern C:\MCC18\SRC\TRADIT~1\PROC\p18f8520.asm
                       PC   0x000ff9       data     extern C:\MCC18\SRC\TRADIT~1\PROC\p18f8520.asm
                      PCL   0x000ff9       data     extern C:\MCC18\SRC\TRADIT~1\PROC\p18f8520.asm
                   PCLATH   0x000ffa       data     extern C:\MCC18\SRC\TRADIT~1\PROC\p18f8520.asm
                   PCLATU   0x000ffb       data     extern C:\MCC18\SRC\TRADIT~1\PROC\p18f8520.asm
                   STKPTR   0x000ffc       data     extern C:\MCC18\SRC\TRADIT~1\PROC\p18f8520.asm
               STKPTRbits   0x000ffc       data     extern C:\MCC18\SRC\TRADIT~1\PROC\p18f8520.asm
                     TOSL   0x000ffd       data     extern C:\MCC18\SRC\TRADIT~1\PROC\p18f8520.asm
                      TOS   0x000ffd       data     extern C:\MCC18\SRC\TRADIT~1\PROC\p18f8520.asm
                     TOSH   0x000ffe       data     extern C:\MCC18\SRC\TRADIT~1\PROC\p18f8520.asm
                     TOSU   0x000fff       data     extern C:\MCC18\SRC\TRADIT~1\PROC\p18f8520.asm


