MPLINK 3.40, Linker
Linker Map File - Created Thu Apr 15 15:28:14 2004

                                 Section Info
                  Section       Type    Address   Location Size(Bytes)
                ---------  ---------  ---------  ---------  ---------
               _entry_scn       code   0x000800    program   0x000006
      .romdata_adcclose.o    romdata   0x000806    program   0x000000
       .romdata_adcconv.o    romdata   0x000806    program   0x000000
       .romdata_adcbusy.o    romdata   0x000806    program   0x000000
      .romdata_fxd0808u.o    romdata   0x000806    program   0x000000
      .romdata_receiver.o    romdata   0x000806    program   0x000000
      .romdata_fxd1616u.o    romdata   0x000806    program   0x000000
      .romdata_fxd3232u.o    romdata   0x000806    program   0x000000
   .romdata_ifi_startup.o    romdata   0x000806    program   0x000000
       .romdata_fxm3232.o    romdata   0x000806    program   0x000000
 .romdata_ifi_utilities.o    romdata   0x000806    program   0x000000
   .romdata_ifi_library.o    romdata   0x000806    program   0x000000
       .romdata_adcread.o    romdata   0x000806    program   0x000000
          .romdata_main.o    romdata   0x000806    program   0x000000
.idata_user_routines_fast.o_i    romdata   0x000806    program   0x000001
.romdata_user_routines_fast.o    romdata   0x000806    program   0x000000
       .romdata_openspi.o    romdata   0x000806    program   0x000000
       .romdata_adcopen.o    romdata   0x000806    program   0x000000
 .romdata_user_routines.o    romdata   0x000806    program   0x000000
        .romdata_u1open.o    romdata   0x000806    program   0x000000
    .romdata_printf_lib.o    romdata   0x000806    program   0x000000
       .idata_adcopen.o_i    romdata   0x000807    program   0x000000
       .idata_fxm3232.o_i    romdata   0x000807    program   0x000000
       .idata_openspi.o_i    romdata   0x000807    program   0x000000
      .idata_fxd3232u.o_i    romdata   0x000807    program   0x000000
      .idata_fxd1616u.o_i    romdata   0x000807    program   0x000000
   .idata_ifi_library.o_i    romdata   0x000807    program   0x000000
      .idata_fxd0808u.o_i    romdata   0x000807    program   0x000000
       .idata_adcread.o_i    romdata   0x000807    program   0x000000
        .idata_u1open.o_i    romdata   0x000807    program   0x000000
       .idata_adcconv.o_i    romdata   0x000807    program   0x000000
      .idata_adcclose.o_i    romdata   0x000807    program   0x000000
          .idata_main.o_i    romdata   0x000807    program   0x000000
   .idata_ifi_startup.o_i    romdata   0x000807    program   0x000000
       .idata_adcbusy.o_i    romdata   0x000807    program   0x000000
      InterruptVectorHigh       code   0x000808    program   0x000006
      .code_ifi_startup.o       code   0x000808    program   0x000000
          .code_adcbusy.o       code   0x00080e    program   0x00000a
       InterruptVectorLow       code   0x000818    program   0x000006
                   .cinit    romdata   0x00081e    program   0x00003e
    .code_user_routines.o       code   0x000904    program   0x001640
       .code_printf_lib.o       code   0x001f44    program   0x001042
                     PROG       code   0x002f86    program   0x000d68
.code_user_routines_fast.o       code   0x003cee    program   0x0005b4
      .code_ifi_library.o       code   0x0042a2    program   0x000496
    .code_ifi_utilities.o       code   0x004738    program   0x00028e
                 UTIL_LIB       code   0x0049c6    program   0x00014a
             .stringtable    romdata   0x004b10    program   0x0000dc
         .code_receiver.o       code   0x004bec    program   0x0000bc
               _cinit_scn       code   0x004ca8    program   0x00009e
          .code_fxm3232.o       code   0x004d46    program   0x000070
          .code_openspi.o       code   0x004db6    program   0x00005a
           .code_u1open.o       code   0x004e10    program   0x000058
          .code_adcopen.o       code   0x004e68    program   0x000056
                   STRING       code   0x004ebe    program   0x00004e
         .code_fxd3232u.o       code   0x004f0c    program   0x000048
          .code_adcread.o       code   0x004f54    program   0x000032
         .code_fxd1616u.o       code   0x004f86    program   0x00002c
             .code_main.o       code   0x004fb2    program   0x000028
             _startup_scn       code   0x004fda    program   0x000020
              D1KTCYXCODE       code   0x004ffa    program   0x000020
         .code_fxd0808u.o       code   0x00501a    program   0x00001c
              D10TCYXCODE       code   0x005036    program   0x000016
         .code_adcclose.o       code   0x00504c    program   0x000006
          .code_adcconv.o       code   0x005052    program   0x000004
 .idata_user_routines.o_i    romdata   0x005056    program   0x000024
      .idata_receiver.o_i    romdata   0x00507a    program   0x00000a
    .idata_printf_lib.o_i    romdata   0x005084    program   0x000002
 .idata_ifi_utilities.o_i    romdata   0x005086    program   0x000004
                  .config       code   0x300000    program   0x00000e
                  SPI_VAR      udata   0x000000       data   0x000017
                MATH_DATA      udata   0x000017       data   0x000014
                 .tmpdata      udata   0x00002b       data   0x000010
                DELAYDAT1      udata   0x00003b       data   0x000001
                 COPY_VAR      udata   0x000080       data   0x000080
   .udata_ifi_utilities.o      udata   0x000100       data   0x000058
            .udata_main.o      udata   0x000158       data   0x000041
      .udata_printf_lib.o      udata   0x000199       data   0x000018
   .udata_user_routines.o      udata   0x0001b1       data   0x000010
     .udata_ifi_library.o      udata   0x0001c1       data   0x00000d
     .udata_ifi_startup.o      udata   0x0001ce       data   0x00000a
        .idata_receiver.o      idata   0x0001d8       data   0x00000a
.idata_user_routines_fast.o      idata   0x0001e2       data   0x000001
         .udata_adcopen.o      udata   0x0001e3       data   0x000000
          .idata_u1open.o      idata   0x0001e3       data   0x000000
         .idata_adcopen.o      idata   0x0001e3       data   0x000000
         .udata_openspi.o      udata   0x0001e3       data   0x000000
          .udata_u1open.o      udata   0x0001e3       data   0x000000
     .idata_ifi_library.o      idata   0x0001e3       data   0x000000
         .idata_openspi.o      idata   0x0001e3       data   0x000000
         .udata_adcread.o      udata   0x0001e3       data   0x000000
         .idata_fxm3232.o      idata   0x0001e3       data   0x000000
         .udata_fxm3232.o      udata   0x0001e3       data   0x000000
        .idata_fxd3232u.o      idata   0x0001e3       data   0x000000
        .udata_fxd3232u.o      udata   0x0001e3       data   0x000000
         .idata_adcread.o      idata   0x0001e3       data   0x000000
        .idata_fxd1616u.o      idata   0x0001e3       data   0x000000
        .udata_fxd1616u.o      udata   0x0001e3       data   0x000000
        .idata_fxd0808u.o      idata   0x0001e3       data   0x000000
        .udata_fxd0808u.o      udata   0x0001e3       data   0x000000
         .idata_adcconv.o      idata   0x0001e3       data   0x000000
         .udata_adcconv.o      udata   0x0001e3       data   0x000000
        .idata_adcclose.o      idata   0x0001e3       data   0x000000
        .udata_adcclose.o      udata   0x0001e3       data   0x000000
         .idata_adcbusy.o      idata   0x0001e3       data   0x000000
         .udata_adcbusy.o      udata   0x0001e3       data   0x000000
            .idata_main.o      idata   0x0001e3       data   0x000000
     .idata_ifi_startup.o      idata   0x0001e3       data   0x000000
.udata_user_routines_fast.o      udata   0x0001e3       data   0x000000
                   .stack      udata   0x000600       data   0x000100
        .udata_receiver.o      udata   0x000700       data   0x0000ca
   .idata_user_routines.o      idata   0x0007ca       data   0x000024
   .idata_ifi_utilities.o      idata   0x0007ee       data   0x000004
      .idata_printf_lib.o      idata   0x0007f2       data   0x000002
            SFR_UNBANKED0      udata   0x000f6b       data   0x000095



                              Program Memory Usage 
                               Start         End      
                           ---------   ---------      
                            0x000800    0x000806      
                            0x000808    0x00085b      
                            0x000904    0x005089      
                            0x300000    0x30000d      
            18415 out of 33816 program addresses used, program memory utilization is 54%



                              Symbols - Sorted by Name
                     Name    Address   Location    Storage File                     
                ---------  ---------  ---------  --------- ---------                
                   AGEB32   0x00369e    program     static C:\FIRST\SRC\MATH\18CXX\fpd32.asm
                   ALTB32   0x0036ac    program     static C:\FIRST\SRC\MATH\18CXX\fpd32.asm
                  Adj_lp4   0x004b06    program     static C:\mcc18\Projects\FrcCode\FrcCode\Util_lib.asm
                  Adjust4   0x004b02    program     static C:\mcc18\Projects\FrcCode\FrcCode\Util_lib.asm
                  BusyADC   0x00080e    program     extern C:\first\src\pmc\ADC\18Cxx\adcbusy.c
       Check_4_Violations   0x004626    program     extern C:\mcc18\Projects\FrcCode\FrcCode\ifi_library.c
               Clear_Bank   0x0049e0    program     static C:\mcc18\Projects\FrcCode\FrcCode\Util_lib.asm
               Clear_Loop   0x0049cc    program     static C:\mcc18\Projects\FrcCode\FrcCode\Util_lib.asm
             Clear_Memory   0x0049c6    program     extern C:\mcc18\Projects\FrcCode\FrcCode\Util_lib.asm
       Clear_SPIdata_flag   0x004598    program     extern C:\mcc18\Projects\FrcCode\FrcCode\ifi_library.c
                 CloseADC   0x00504c    program     extern C:\first\src\pmc\ADC\18Cxx\adcclose.c
               ConvertADC   0x005052    program     extern C:\first\src\pmc\ADC\18Cxx\adcconv.c
                    D10_1   0x005046    program     static C:\FIRST\SRC\DELAYS\18CXX\d10tcyx.asm
                     D10x   0x00503e    program     static C:\FIRST\SRC\DELAYS\18CXX\d10tcyx.asm
                    D1K_1   0x005006    program     static C:\FIRST\SRC\DELAYS\18CXX\d1ktcyx.asm
                     D1Kx   0x005004    program     static C:\FIRST\SRC\DELAYS\18CXX\d1ktcyx.asm
                   D3232S   0x003a20    program     static C:\FIRST\SRC\MATH\18CXX\fxd3232s.asm
                D3232SNEG   0x003a2e    program     static C:\FIRST\SRC\MATH\18CXX\fxd3232s.asm
                 D3232SOK   0x003a2a    program     static C:\FIRST\SRC\MATH\18CXX\fxd3232s.asm
                  D3232SX   0x003a4e    program     static C:\FIRST\SRC\MATH\18CXX\fxd3232s.asm
                  D32BNE0   0x0033ea    program     static C:\FIRST\SRC\MATH\18CXX\fpd32.asm
                  DA3232S   0x003a0a    program     static C:\FIRST\SRC\MATH\18CXX\fxd3232s.asm
                   DAOK32   0x0034ee    program     static C:\FIRST\SRC\MATH\18CXX\fpd32.asm
                   DBOK32   0x00358e    program     static C:\FIRST\SRC\MATH\18CXX\fpd32.asm
                   DEXP32   0x003692    program     static C:\FIRST\SRC\MATH\18CXX\fpd32.asm
                  DIV32OK   0x0036e0    program     static C:\FIRST\SRC\MATH\18CXX\fpd32.asm
                      DL1   0x004ac2    program     static C:\mcc18\Projects\FrcCode\FrcCode\Util_lib.asm
                      DL2   0x004ad8    program     static C:\mcc18\Projects\FrcCode\FrcCode\Util_lib.asm
                 DROUND32   0x0036b6    program     static C:\FIRST\SRC\MATH\18CXX\fpd32.asm
          Dead_Space_Loop   0x004abe    program     static C:\mcc18\Projects\FrcCode\FrcCode\Util_lib.asm
          Default_Routine   0x001c9e    program     extern C:\two joystick drive code\user_routines.c
              Delay10TCYx   0x005036    program     extern C:\FIRST\SRC\DELAYS\18CXX\d10tcyx.asm
              Delay1KTCYx   0x004ffa    program     extern C:\FIRST\SRC\DELAYS\18CXX\d1ktcyx.asm
         Disable_Receiver   0x004c24    program     extern C:\two joystick drive code\receiver.c
              DisplayBufr   0x00485c    program     extern C:\two joystick drive code\ifi_utilities.c
                FIXSIGN32   0x003146    program     extern C:\FIRST\SRC\MATH\18CXX\util32.asm
                 FLO0832S   0x002f96    program     extern C:\FIRST\SRC\MATH\18CXX\flo0832.asm
                 FLO0832U   0x002f86    program     extern C:\FIRST\SRC\MATH\18CXX\flo0832.asm
                 FLO1632S   0x002ffe    program     extern C:\FIRST\SRC\MATH\18CXX\flo1632.asm
                 FLO1632U   0x002ff0    program     extern C:\FIRST\SRC\MATH\18CXX\flo1632.asm
                 FLO3232S   0x003156    program     extern C:\FIRST\SRC\MATH\18CXX\flo3232.asm
                 FLO3232U   0x00314c    program     extern C:\FIRST\SRC\MATH\18CXX\flo3232.asm
                    FPD32   0x0033da    program     extern C:\FIRST\SRC\MATH\18CXX\fpd32.asm
                    FPM32   0x0038e8    program     extern C:\FIRST\SRC\MATH\18CXX\fpm32.asm
                 FXD0808U   0x00501a    program     extern C:\first\src\math\18Cxx\fxd0808u.c
                 FXD1616U   0x004f86    program     extern C:\first\src\math\18Cxx\fxd1616u.c
                 FXD3232S   0x0039f0    program     extern C:\FIRST\SRC\MATH\18CXX\fxd3232s.asm
                 FXD3232U   0x004f0c    program     extern C:\first\src\math\18Cxx\fxd3232u.c
                 FXM1616S   0x003a58    program     extern C:\FIRST\SRC\MATH\18CXX\fxm1616s.asm
                 FXM1616U   0x003ab2    program     extern C:\FIRST\SRC\MATH\18CXX\fxm1616u.asm
                  FXM3232   0x004d46    program     extern C:\first\src\math\18Cxx\fxm3232.c
            Generate_Pwms   0x004a18    program     extern C:\mcc18\Projects\FrcCode\FrcCode\Util_lib.asm
       Generate_Pwms_Cont   0x004a5c    program     static C:\mcc18\Projects\FrcCode\FrcCode\Util_lib.asm
         Get_Analog_Value   0x004946    program     extern C:\two joystick drive code\ifi_utilities.c
                  Getdata   0x00449a    program     extern C:\mcc18\Projects\FrcCode\FrcCode\ifi_library.c
           Handle_Spi_Int   0x004440    program     extern C:\mcc18\Projects\FrcCode\FrcCode\ifi_library.c
               Hex_output   0x0049ea    program     extern C:\mcc18\Projects\FrcCode\FrcCode\Util_lib.asm
                IBTBL256I   0x0036e6    program     static C:\FIRST\SRC\MATH\18CXX\fpd32.asm
       IFI_Initialization   0x00435c    program     extern C:\mcc18\Projects\FrcCode\FrcCode\ifi_library.c
                  INT3208   0x003aee    program     extern C:\FIRST\SRC\MATH\18CXX\int3208.asm
                INT3208OK   0x003baa    program     static C:\FIRST\SRC\MATH\18CXX\int3208.asm
                  INT3216   0x003bb2    program     extern C:\FIRST\SRC\MATH\18CXX\int3216.asm
                INT3216OK   0x003ce0    program     static C:\FIRST\SRC\MATH\18CXX\int3216.asm
      Initialize_Receiver   0x004bec    program     extern C:\two joystick drive code\receiver.c
     Initialize_Registers   0x0042e6    program     extern C:\mcc18\Projects\FrcCode\FrcCode\ifi_library.c
  Initialize_Serial_Comms   0x004914    program     extern C:\two joystick drive code\ifi_utilities.c
       Initialize_Timer_2   0x004c0c    program     extern C:\two joystick drive code\receiver.c
            Int_3_Handler   0x004c50    program     extern C:\two joystick drive code\receiver.c
            Int_4_Handler   0x004c68    program     extern C:\two joystick drive code\receiver.c
            Int_5_Handler   0x004c80    program     extern C:\two joystick drive code\receiver.c
            Int_6_Handler   0x004c98    program     extern C:\two joystick drive code\receiver.c
     InterruptHandlerHigh   0x0042a2    program     extern C:\mcc18\Projects\FrcCode\FrcCode\ifi_library.c
      InterruptHandlerLow   0x003cee    program     extern C:\two joystick drive code\user_routines_fast.c
      InterruptVectorHigh   0x000808    program     extern C:\mcc18\Projects\FrcCode\FrcCode\ifi_library.c
       InterruptVectorLow   0x000818    program     extern C:\two joystick drive code\user_routines_fast.c
                      LP4   0x004a60    program     static C:\mcc18\Projects\FrcCode\FrcCode\Util_lib.asm
                LP4_Cont1   0x004a6a    program     static C:\mcc18\Projects\FrcCode\FrcCode\Util_lib.asm
                LP4_Cont2   0x004a74    program     static C:\mcc18\Projects\FrcCode\FrcCode\Util_lib.asm
                LP4_Cont3   0x004a7e    program     static C:\mcc18\Projects\FrcCode\FrcCode\Util_lib.asm
                LP4_Cont4   0x004a8a    program     static C:\mcc18\Projects\FrcCode\FrcCode\Util_lib.asm
                LP4_Cont5   0x004a94    program     static C:\mcc18\Projects\FrcCode\FrcCode\Util_lib.asm
                LP4_Cont6   0x004a9e    program     static C:\mcc18\Projects\FrcCode\FrcCode\Util_lib.asm
                LP4_Cont7   0x004aa8    program     static C:\mcc18\Projects\FrcCode\FrcCode\Util_lib.asm
                LP4_Cont8   0x004ab2    program     static C:\mcc18\Projects\FrcCode\FrcCode\Util_lib.asm
                Limit_Mix   0x000904    program     extern C:\two joystick drive code\user_routines.c
                  M32BNE0   0x0038f4    program     static C:\FIRST\SRC\MATH\18CXX\fpm32.asm
                    MOK32   0x00391a    program     static C:\FIRST\SRC\MATH\18CXX\fpm32.asm
                 MROUND32   0x0039c0    program     static C:\FIRST\SRC\MATH\18CXX\fpm32.asm
                   MTUN32   0x003912    program     static C:\FIRST\SRC\MATH\18CXX\fpm32.asm
                  MUL32OK   0x0039ea    program     static C:\FIRST\SRC\MATH\18CXX\fpm32.asm
                 NORM1632   0x002fc6    program     static C:\FIRST\SRC\MATH\18CXX\flo0832.asm
                 NORM2432   0x00303c    program     static C:\FIRST\SRC\MATH\18CXX\flo1632.asm
                NORM2432A   0x003088    program     static C:\FIRST\SRC\MATH\18CXX\flo1632.asm
                  NRM1632   0x002fae    program     static C:\FIRST\SRC\MATH\18CXX\flo0832.asm
                  NRM2432   0x003018    program     static C:\FIRST\SRC\MATH\18CXX\flo1632.asm
                 NRM2432A   0x00306a    program     static C:\FIRST\SRC\MATH\18CXX\flo1632.asm
                  NRM4032   0x003174    program     extern C:\FIRST\SRC\MATH\18CXX\flo3232.asm
                 NRM4032A   0x00323e    program     static C:\FIRST\SRC\MATH\18CXX\flo3232.asm
                 NRM4032B   0x0032d0    program     static C:\FIRST\SRC\MATH\18CXX\flo3232.asm
                 NRM4032C   0x003350    program     static C:\FIRST\SRC\MATH\18CXX\flo3232.asm
               NRM4032MUL   0x0031f0    program     static C:\FIRST\SRC\MATH\18CXX\flo3232.asm
              NRM4032MULA   0x003290    program     static C:\FIRST\SRC\MATH\18CXX\flo3232.asm
              NRM4032MULB   0x00331a    program     static C:\FIRST\SRC\MATH\18CXX\flo3232.asm
              NRM4032MULC   0x003392    program     static C:\FIRST\SRC\MATH\18CXX\flo3232.asm
               NRM4032SFT   0x003186    program     static C:\FIRST\SRC\MATH\18CXX\flo3232.asm
              NRM4032SFTA   0x00325e    program     static C:\FIRST\SRC\MATH\18CXX\flo3232.asm
              NRM4032SFTB   0x0032ee    program     static C:\FIRST\SRC\MATH\18CXX\flo3232.asm
              NRM4032SFTC   0x00336c    program     static C:\FIRST\SRC\MATH\18CXX\flo3232.asm
               NRMRND4032   0x0031c2    program     extern C:\FIRST\SRC\MATH\18CXX\flo3232.asm
                 NRMTBL16   0x0033ba    program     extern C:\FIRST\SRC\MATH\18CXX\flo3232.asm
               Open1USART   0x004e10    program     extern C:\first\src\pmc\USART\18Cxx\u1open.c
                  OpenADC   0x004e68    program     extern C:\first\src\pmc\ADC\18Cxx\adcopen.c
                  OpenSPI   0x004db6    program     extern C:\first\src\pmc\SPI\18Cxx\openspi.c
          PacketNum_Check   0x00489e    program     extern C:\two joystick drive code\ifi_utilities.c
    Prep_SPI_4_First_Byte   0x0043e2    program     extern C:\mcc18\Projects\FrcCode\FrcCode\ifi_library.c
                PrintByte   0x004742    program     extern C:\two joystick drive code\ifi_utilities.c
              PrintString   0x0047b0    program     extern C:\two joystick drive code\ifi_utilities.c
                PrintWord   0x004764    program     extern C:\two joystick drive code\ifi_utilities.c
Process_Data_From_Local_IO   0x0042a0    program     extern C:\two joystick drive code\user_routines_fast.c
Process_Data_From_Master_uP   0x001b80    program     extern C:\two joystick drive code\user_routines.c
                  Putdata   0x00450e    program     extern C:\mcc18\Projects\FrcCode\FrcCode\ifi_library.c
                Pwm_Delay   0x004aee    program     static C:\mcc18\Projects\FrcCode\FrcCode\Util_lib.asm
                   RES032   0x00313a    program     extern C:\FIRST\SRC\MATH\18CXX\util32.asm
                  ReadADC   0x004f54    program     extern C:\first\src\pmc\ADC\18Cxx\adcread.c
                 SETFDZ32   0x003136    program     extern C:\FIRST\SRC\MATH\18CXX\util32.asm
                 SETFOV32   0x00310c    program     extern C:\FIRST\SRC\MATH\18CXX\util32.asm
                 SETFUN32   0x003120    program     extern C:\FIRST\SRC\MATH\18CXX\util32.asm
               SETIOV3208   0x0030fa    program     extern C:\FIRST\SRC\MATH\18CXX\util32.asm
               SETIOV3216   0x0030e4    program     extern C:\FIRST\SRC\MATH\18CXX\util32.asm
               SETIOV3224   0x0030ca    program     extern C:\FIRST\SRC\MATH\18CXX\util32.asm
               SETIOV3232   0x0030ac    program     extern C:\FIRST\SRC\MATH\18CXX\util32.asm
                SHIFT3208   0x003b72    program     static C:\FIRST\SRC\MATH\18CXX\int3208.asm
               SHIFT3208A   0x003b34    program     static C:\FIRST\SRC\MATH\18CXX\int3208.asm
              SHIFT3208OK   0x003b90    program     static C:\FIRST\SRC\MATH\18CXX\int3208.asm
                SHIFT3216   0x003ca0    program     static C:\FIRST\SRC\MATH\18CXX\int3216.asm
               SHIFT3216A   0x003c50    program     static C:\FIRST\SRC\MATH\18CXX\int3216.asm
               SHIFT3216B   0x003c12    program     static C:\FIRST\SRC\MATH\18CXX\int3216.asm
              SHIFT3216OK   0x003cc4    program     static C:\FIRST\SRC\MATH\18CXX\int3216.asm
                 SNIB3208   0x003b50    program     static C:\FIRST\SRC\MATH\18CXX\int3208.asm
                SNIB3208A   0x003b1e    program     static C:\FIRST\SRC\MATH\18CXX\int3208.asm
                 SNIB3216   0x003c72    program     static C:\FIRST\SRC\MATH\18CXX\int3216.asm
                SNIB3216A   0x003c2e    program     static C:\FIRST\SRC\MATH\18CXX\int3216.asm
                SNIB3216B   0x003bfc    program     static C:\FIRST\SRC\MATH\18CXX\int3216.asm
Set_Number_of_Analog_Channels   0x004930    program     extern C:\two joystick drive code\ifi_utilities.c
    Setup_PWM_Output_Type   0x0045a2    program     extern C:\mcc18\Projects\FrcCode\FrcCode\ifi_library.c
          Setup_Spi_Slave   0x0042d0    program     extern C:\mcc18\Projects\FrcCode\FrcCode\ifi_library.c
                 TNIB1632   0x002fb8    program     static C:\FIRST\SRC\MATH\18CXX\flo0832.asm
                 TNIB2432   0x003022    program     static C:\FIRST\SRC\MATH\18CXX\flo1632.asm
                TNIB2432A   0x00307a    program     static C:\FIRST\SRC\MATH\18CXX\flo1632.asm
              TNORMUN1632   0x002fe6    program     static C:\FIRST\SRC\MATH\18CXX\flo0832.asm
              TNORMUN2432   0x003062    program     static C:\FIRST\SRC\MATH\18CXX\flo1632.asm
              TNORMUN4032   0x0031ba    program     static C:\FIRST\SRC\MATH\18CXX\flo3232.asm
               TSIGN1616A   0x003aa4    program     static C:\FIRST\SRC\MATH\18CXX\fxm1616s.asm
      Timer_1_Int_Handler   0x004c46    program     extern C:\two joystick drive code\receiver.c
      Timer_2_Int_Handler   0x004c38    program     extern C:\two joystick drive code\receiver.c
  UpdateLocalPWMDirection   0x004a16    program     extern C:\mcc18\Projects\FrcCode\FrcCode\Util_lib.asm
     User_Autonomous_Code   0x003dec    program     extern C:\two joystick drive code\user_routines_fast.c
      User_Initialization   0x001a9a    program     extern C:\two joystick drive code\user_routines.c
       User_Proc_Is_Ready   0x0043d8    program     extern C:\mcc18\Projects\FrcCode\FrcCode\ifi_library.c
             Wait4TXEmpty   0x004738    program     extern C:\two joystick drive code\ifi_utilities.c
       Write_Byte_To_Uart   0x001f44    program     static C:\two joystick drive code\printf_lib.c
        _D10TCYXCODE_000A   0x005040    program     static C:\FIRST\SRC\DELAYS\18CXX\d10tcyx.asm
        _D10TCYXCODE_000C   0x005042    program     static C:\FIRST\SRC\DELAYS\18CXX\d10tcyx.asm
        _D10TCYXCODE_000E   0x005044    program     static C:\FIRST\SRC\DELAYS\18CXX\d10tcyx.asm
        _D1KTCYXCODE_0010   0x00500a    program     static C:\FIRST\SRC\DELAYS\18CXX\d1ktcyx.asm
        _D1KTCYXCODE_0016   0x005010    program     static C:\FIRST\SRC\DELAYS\18CXX\d1ktcyx.asm
       ___return_lbl00000   0x00080c    program     static                          
       ___return_lbl00000   0x004f52    program     static                          
       ___return_lbl00000   0x004fb0    program     static                          
       ___return_lbl00000   0x005034    program     static                          
       ___return_lbl00000   0x004db4    program     static                          
       ___return_lbl00000   0x00081c    program     static                          
       ___return_lbl00000   0x000804    program     static                          
       ___return_lbl00001   0x004ff8    program     static                          
       ___return_lbl00002   0x004d44    program     static                          
               __string_0   0x004b27    program     static C:\two joystick drive code\user_routines_fast.c
               __string_0   0x004bdb    program     static C:\two joystick drive code\user_routines.c
               __string_0   0x004be5    program     static C:\two joystick drive code\printf_lib.c
               __string_1   0x004bd1    program     static C:\two joystick drive code\user_routines.c
               __string_1   0x004b1c    program     static C:\two joystick drive code\user_routines_fast.c
              __string_10   0x004b47    program     static C:\two joystick drive code\user_routines.c
               __string_2   0x004b10    program     static C:\two joystick drive code\user_routines_fast.c
               __string_2   0x004bc7    program     static C:\two joystick drive code\user_routines.c
               __string_3   0x004bbe    program     static C:\two joystick drive code\user_routines.c
               __string_4   0x004bb4    program     static C:\two joystick drive code\user_routines.c
               __string_5   0x004ba3    program     static C:\two joystick drive code\user_routines.c
               __string_6   0x004b91    program     static C:\two joystick drive code\user_routines.c
               __string_7   0x004b6e    program     static C:\two joystick drive code\user_routines.c
               __string_8   0x004b6a    program     static C:\two joystick drive code\user_routines.c
               __string_9   0x004b5c    program     static C:\two joystick drive code\user_routines.c
                _do_cinit   0x004ca8    program     extern C:\two joystick drive code\ifi_startup.c
                   _entry   0x000800    program     extern C:\two joystick drive code\ifi_startup.c
                   _false   0x004f4e    program     static                          
                 _startup   0x004fda    program     extern C:\two joystick drive code\ifi_startup.c
                copy_loop   0x004d1a    program     static                          
            copy_one_byte   0x004d20    program     static                          
              debug_print   0x002d86    program     extern C:\two joystick drive code\printf_lib.c
             debug_printb   0x002e3a    program     extern C:\two joystick drive code\printf_lib.c
            debug_println   0x002eee    program     extern C:\two joystick drive code\printf_lib.c
        disableInterrupts   0x004c28    program     extern C:\two joystick drive code\receiver.c
                     done   0x004d44    program     static                          
             done_copying   0x004d2e    program     static                          
         enableInterrupts   0x004c30    program     extern C:\two joystick drive code\receiver.c
               encoderMod   0x00150a    program     extern C:\two joystick drive code\user_routines.c
                  endloop   0x004fac    program     static                          
                  endloop   0x005030    program     static                          
            inputModifier   0x000992    program     extern C:\two joystick drive code\user_routines.c
                     jEnd   0x004eee    program     static C:\FIRST\SRC\STRING\18CXX\scpyp2r.asm
                     jEnd   0x004f0a    program     static C:\FIRST\SRC\STRING\18CXX\strlen.asm
                    jLoop   0x004f00    program     static C:\FIRST\SRC\STRING\18CXX\strlen.asm
                    jLoop   0x004ee4    program     static C:\FIRST\SRC\STRING\18CXX\scpyp2r.asm
                     loop   0x004f1a    program     static                          
                     loop   0x004f90    program     static                          
                     loop   0x005022    program     static                          
                     loop   0x004fea    program     static                          
                     main   0x004fb2    program     extern C:\two joystick drive code\main.c
            motorModifier   0x000f06    program     extern C:\two joystick drive code\user_routines.c
                   period   0x0013b2    program     extern C:\two joystick drive code\user_routines.c
                    print   0x002430    program     static C:\two joystick drive code\printf_lib.c
                   printb   0x002c5e    program     extern C:\two joystick drive code\printf_lib.c
                   printd   0x002b96    program     extern C:\two joystick drive code\printf_lib.c
                   printf   0x002aaa    program     extern C:\two joystick drive code\printf_lib.c
                   printi   0x002156    program     static C:\two joystick drive code\printf_lib.c
                  printib   0x002bf8    program     extern C:\two joystick drive code\printf_lib.c
                  printid   0x002b30    program     extern C:\two joystick drive code\printf_lib.c
                  printix   0x002cc0    program     extern C:\two joystick drive code\printf_lib.c
                   prints   0x001f5e    program     static C:\two joystick drive code\printf_lib.c
                   printx   0x002d26    program     extern C:\two joystick drive code\printf_lib.c
                  quadMod   0x000d94    program     extern C:\two joystick drive code\user_routines.c
             relayControl   0x000f1c    program     extern C:\two joystick drive code\user_routines.c
                relayInit   0x00138c    program     extern C:\two joystick drive code\user_routines.c
                  s_delay   0x004af4    program     static C:\mcc18\Projects\FrcCode\FrcCode\Util_lib.asm
            strcpypgm2ram   0x004ebe    program     extern C:\FIRST\SRC\STRING\18CXX\scpyp2r.asm
                   strlen   0x004ef0    program     extern C:\FIRST\SRC\STRING\18CXX\strlen.asm
                tableInit   0x001a64    program     extern C:\two joystick drive code\user_routines.c
                     test   0x004cc2    program     static                          
                   AARGB0   0x00001e       data     extern C:\FIRST\SRC\MATH\18CXX\aarg.asm
                   AARGB1   0x00001d       data     extern C:\FIRST\SRC\MATH\18CXX\aarg.asm
                   AARGB2   0x00001c       data     extern C:\FIRST\SRC\MATH\18CXX\aarg.asm
                   AARGB3   0x00001b       data     extern C:\FIRST\SRC\MATH\18CXX\aarg.asm
                   AARGB4   0x00001a       data     extern C:\FIRST\SRC\MATH\18CXX\aarg.asm
                   AARGB5   0x000019       data     extern C:\FIRST\SRC\MATH\18CXX\aarg.asm
                   AARGB6   0x000018       data     extern C:\FIRST\SRC\MATH\18CXX\aarg.asm
                   AARGB7   0x000017       data     extern C:\FIRST\SRC\MATH\18CXX\aarg.asm
                   ADCON0   0x000fc2       data     extern C:\FIRST\SRC\PROC\p18f8520.asm
               ADCON0bits   0x000fc2       data     extern C:\FIRST\SRC\PROC\p18f8520.asm
                   ADCON1   0x000fc1       data     extern C:\FIRST\SRC\PROC\p18f8520.asm
               ADCON1bits   0x000fc1       data     extern C:\FIRST\SRC\PROC\p18f8520.asm
                   ADCON2   0x000fc0       data     extern C:\FIRST\SRC\PROC\p18f8520.asm
               ADCON2bits   0x000fc0       data     extern C:\FIRST\SRC\PROC\p18f8520.asm
                    ADRES   0x000fc3       data     extern C:\FIRST\SRC\PROC\p18f8520.asm
                   ADRESH   0x000fc4       data     extern C:\FIRST\SRC\PROC\p18f8520.asm
                   ADRESL   0x000fc3       data     extern C:\FIRST\SRC\PROC\p18f8520.asm
                     AEXP   0x00001f       data     extern C:\FIRST\SRC\MATH\18CXX\aarg.asm
                   BARGB0   0x000023       data     extern C:\FIRST\SRC\MATH\18CXX\barg.asm
                   BARGB1   0x000022       data     extern C:\FIRST\SRC\MATH\18CXX\barg.asm
                   BARGB2   0x000021       data     extern C:\FIRST\SRC\MATH\18CXX\barg.asm
                   BARGB3   0x000020       data     extern C:\FIRST\SRC\MATH\18CXX\barg.asm
                     BEXP   0x000024       data     extern C:\FIRST\SRC\MATH\18CXX\barg.asm
                      BSR   0x000fe0       data     extern C:\FIRST\SRC\PROC\p18f8520.asm
                  CCP1CON   0x000fbd       data     extern C:\FIRST\SRC\PROC\p18f8520.asm
              CCP1CONbits   0x000fbd       data     extern C:\FIRST\SRC\PROC\p18f8520.asm
                  CCP2CON   0x000fba       data     extern C:\FIRST\SRC\PROC\p18f8520.asm
              CCP2CONbits   0x000fba       data     extern C:\FIRST\SRC\PROC\p18f8520.asm
                  CCP3CON   0x000fb7       data     extern C:\FIRST\SRC\PROC\p18f8520.asm
              CCP3CONbits   0x000fb7       data     extern C:\FIRST\SRC\PROC\p18f8520.asm
                  CCP4CON   0x000f73       data     extern C:\FIRST\SRC\PROC\p18f8520.asm
              CCP4CONbits   0x000f73       data     extern C:\FIRST\SRC\PROC\p18f8520.asm
                  CCP5CON   0x000f70       data     extern C:\FIRST\SRC\PROC\p18f8520.asm
              CCP5CONbits   0x000f70       data     extern C:\FIRST\SRC\PROC\p18f8520.asm
                    CCPR1   0x000fbe       data     extern C:\FIRST\SRC\PROC\p18f8520.asm
                   CCPR1H   0x000fbf       data     extern C:\FIRST\SRC\PROC\p18f8520.asm
                   CCPR1L   0x000fbe       data     extern C:\FIRST\SRC\PROC\p18f8520.asm
                    CCPR2   0x000fbb       data     extern C:\FIRST\SRC\PROC\p18f8520.asm
                   CCPR2H   0x000fbc       data     extern C:\FIRST\SRC\PROC\p18f8520.asm
                   CCPR2L   0x000fbb       data     extern C:\FIRST\SRC\PROC\p18f8520.asm
                    CCPR3   0x000fb8       data     extern C:\FIRST\SRC\PROC\p18f8520.asm
                   CCPR3H   0x000fb9       data     extern C:\FIRST\SRC\PROC\p18f8520.asm
                   CCPR3L   0x000fb8       data     extern C:\FIRST\SRC\PROC\p18f8520.asm
                    CCPR4   0x000f74       data     extern C:\FIRST\SRC\PROC\p18f8520.asm
                   CCPR4H   0x000f75       data     extern C:\FIRST\SRC\PROC\p18f8520.asm
                   CCPR4L   0x000f74       data     extern C:\FIRST\SRC\PROC\p18f8520.asm
                    CCPR5   0x000f71       data     extern C:\FIRST\SRC\PROC\p18f8520.asm
                   CCPR5H   0x000f72       data     extern C:\FIRST\SRC\PROC\p18f8520.asm
                   CCPR5L   0x000f71       data     extern C:\FIRST\SRC\PROC\p18f8520.asm
                    CMCON   0x000fb4       data     extern C:\FIRST\SRC\PROC\p18f8520.asm
                CMCONbits   0x000fb4       data     extern C:\FIRST\SRC\PROC\p18f8520.asm
                   CVRCON   0x000fb5       data     extern C:\FIRST\SRC\PROC\p18f8520.asm
               CVRCONbits   0x000fb5       data     extern C:\FIRST\SRC\PROC\p18f8520.asm
                    Clock   0x0001d8       data     extern C:\two joystick drive code\receiver.c
                      Cnt   0x000013       data     static C:\mcc18\Projects\FrcCode\FrcCode\Util_lib.asm
                     Cnt1   0x000014       data     static C:\mcc18\Projects\FrcCode\FrcCode\Util_lib.asm
                     DDRA   0x000f92       data     extern C:\FIRST\SRC\PROC\p18f8520.asm
                 DDRAbits   0x000f92       data     extern C:\FIRST\SRC\PROC\p18f8520.asm
                     DDRB   0x000f93       data     extern C:\FIRST\SRC\PROC\p18f8520.asm
                 DDRBbits   0x000f93       data     extern C:\FIRST\SRC\PROC\p18f8520.asm
                     DDRC   0x000f94       data     extern C:\FIRST\SRC\PROC\p18f8520.asm
                 DDRCbits   0x000f94       data     extern C:\FIRST\SRC\PROC\p18f8520.asm
                     DDRD   0x000f95       data     extern C:\FIRST\SRC\PROC\p18f8520.asm
                 DDRDbits   0x000f95       data     extern C:\FIRST\SRC\PROC\p18f8520.asm
                     DDRE   0x000f96       data     extern C:\FIRST\SRC\PROC\p18f8520.asm
                 DDREbits   0x000f96       data     extern C:\FIRST\SRC\PROC\p18f8520.asm
                     DDRF   0x000f97       data     extern C:\FIRST\SRC\PROC\p18f8520.asm
                 DDRFbits   0x000f97       data     extern C:\FIRST\SRC\PROC\p18f8520.asm
                     DDRG   0x000f98       data     extern C:\FIRST\SRC\PROC\p18f8520.asm
                 DDRGbits   0x000f98       data     extern C:\FIRST\SRC\PROC\p18f8520.asm
                     DDRH   0x000f99       data     extern C:\FIRST\SRC\PROC\p18f8520.asm
                 DDRHbits   0x000f99       data     extern C:\FIRST\SRC\PROC\p18f8520.asm
                     DDRJ   0x000f9a       data     extern C:\FIRST\SRC\PROC\p18f8520.asm
                 DDRJbits   0x000f9a       data     extern C:\FIRST\SRC\PROC\p18f8520.asm
            DelayCounter1   0x00003b       data     extern C:\FIRST\SRC\DELAYS\18CXX\delayd1.asm
                    EEADR   0x000fa9       data     extern C:\FIRST\SRC\PROC\p18f8520.asm
                   EEADRH   0x000faa       data     extern C:\FIRST\SRC\PROC\p18f8520.asm
                   EECON1   0x000fa6       data     extern C:\FIRST\SRC\PROC\p18f8520.asm
               EECON1bits   0x000fa6       data     extern C:\FIRST\SRC\PROC\p18f8520.asm
                   EECON2   0x000fa7       data     extern C:\FIRST\SRC\PROC\p18f8520.asm
                   EEDATA   0x000fa8       data     extern C:\FIRST\SRC\PROC\p18f8520.asm
                  FPFLAGS   0x000026       data     extern C:\FIRST\SRC\MATH\18CXX\cmath18.asm
                     FSR0   0x000fe9       data     extern C:\FIRST\SRC\PROC\p18f8520.asm
                    FSR0H   0x000fea       data     extern C:\FIRST\SRC\PROC\p18f8520.asm
                    FSR0L   0x000fe9       data     extern C:\FIRST\SRC\PROC\p18f8520.asm
                     FSR1   0x000fe1       data     extern C:\FIRST\SRC\PROC\p18f8520.asm
                    FSR1H   0x000fe2       data     extern C:\FIRST\SRC\PROC\p18f8520.asm
                    FSR1L   0x000fe1       data     extern C:\FIRST\SRC\PROC\p18f8520.asm
                     FSR2   0x000fd9       data     extern C:\FIRST\SRC\PROC\p18f8520.asm
                    FSR2H   0x000fda       data     extern C:\FIRST\SRC\PROC\p18f8520.asm
                    FSR2L   0x000fd9       data     extern C:\FIRST\SRC\PROC\p18f8520.asm
                FSRH_temp   0x000004       data     static C:\mcc18\Projects\FrcCode\FrcCode\Util_lib.asm
                FSRL_temp   0x000005       data     static C:\mcc18\Projects\FrcCode\FrcCode\Util_lib.asm
               HATCommand   0x0007cc       data     extern C:\two joystick drive code\user_routines.c
                        I   0x000156       data     static C:\two joystick drive code\ifi_utilities.c
                        I   0x0001c7       data     static C:\mcc18\Projects\FrcCode\FrcCode\ifi_library.c
                    INDF0   0x000fef       data     extern C:\FIRST\SRC\PROC\p18f8520.asm
                    INDF1   0x000fe7       data     extern C:\FIRST\SRC\PROC\p18f8520.asm
                    INDF2   0x000fdf       data     extern C:\FIRST\SRC\PROC\p18f8520.asm
                   INTCON   0x000ff2       data     extern C:\FIRST\SRC\PROC\p18f8520.asm
                  INTCON2   0x000ff1       data     extern C:\FIRST\SRC\PROC\p18f8520.asm
              INTCON2bits   0x000ff1       data     extern C:\FIRST\SRC\PROC\p18f8520.asm
                  INTCON3   0x000ff0       data     extern C:\FIRST\SRC\PROC\p18f8520.asm
              INTCON3bits   0x000ff0       data     extern C:\FIRST\SRC\PROC\p18f8520.asm
               INTCONbits   0x000ff2       data     extern C:\FIRST\SRC\PROC\p18f8520.asm
                     IPR1   0x000f9f       data     extern C:\FIRST\SRC\PROC\p18f8520.asm
                 IPR1bits   0x000f9f       data     extern C:\FIRST\SRC\PROC\p18f8520.asm
                     IPR2   0x000fa2       data     extern C:\FIRST\SRC\PROC\p18f8520.asm
                 IPR2bits   0x000fa2       data     extern C:\FIRST\SRC\PROC\p18f8520.asm
                     IPR3   0x000fa5       data     extern C:\FIRST\SRC\PROC\p18f8520.asm
                 IPR3bits   0x000fa5       data     extern C:\FIRST\SRC\PROC\p18f8520.asm
Int_3_Down_Edge_Count_High   0x000702       data     static C:\two joystick drive code\receiver.c
Int_3_Down_Edge_Count_Low   0x000700       data     static C:\two joystick drive code\receiver.c
                     LATA   0x000f89       data     extern C:\FIRST\SRC\PROC\p18f8520.asm
                 LATAbits   0x000f89       data     extern C:\FIRST\SRC\PROC\p18f8520.asm
                     LATB   0x000f8a       data     extern C:\FIRST\SRC\PROC\p18f8520.asm
                 LATBbits   0x000f8a       data     extern C:\FIRST\SRC\PROC\p18f8520.asm
                     LATC   0x000f8b       data     extern C:\FIRST\SRC\PROC\p18f8520.asm
                 LATCbits   0x000f8b       data     extern C:\FIRST\SRC\PROC\p18f8520.asm
                     LATD   0x000f8c       data     extern C:\FIRST\SRC\PROC\p18f8520.asm
                 LATDbits   0x000f8c       data     extern C:\FIRST\SRC\PROC\p18f8520.asm
                     LATE   0x000f8d       data     extern C:\FIRST\SRC\PROC\p18f8520.asm
                 LATEbits   0x000f8d       data     extern C:\FIRST\SRC\PROC\p18f8520.asm
                     LATF   0x000f8e       data     extern C:\FIRST\SRC\PROC\p18f8520.asm
                 LATFbits   0x000f8e       data     extern C:\FIRST\SRC\PROC\p18f8520.asm
                     LATG   0x000f8f       data     extern C:\FIRST\SRC\PROC\p18f8520.asm
                 LATGbits   0x000f8f       data     extern C:\FIRST\SRC\PROC\p18f8520.asm
                     LATH   0x000f90       data     extern C:\FIRST\SRC\PROC\p18f8520.asm
                 LATHbits   0x000f90       data     extern C:\FIRST\SRC\PROC\p18f8520.asm
                     LATJ   0x000f91       data     extern C:\FIRST\SRC\PROC\p18f8520.asm
                 LATJbits   0x000f91       data     extern C:\FIRST\SRC\PROC\p18f8520.asm
                   LVDCON   0x000fd2       data     extern C:\FIRST\SRC\PROC\p18f8520.asm
               LVDCONbits   0x000fd2       data     extern C:\FIRST\SRC\PROC\p18f8520.asm
                   MEMCON   0x000f9c       data     extern C:\FIRST\SRC\PROC\p18f8520.asm
               MEMCONbits   0x000f9c       data     extern C:\FIRST\SRC\PROC\p18f8520.asm
                   OSCCON   0x000fd3       data     extern C:\FIRST\SRC\PROC\p18f8520.asm
               OSCCONbits   0x000fd3       data     extern C:\FIRST\SRC\PROC\p18f8520.asm
               Old_Port_B   0x0001e2       data     static C:\two joystick drive code\user_routines_fast.c
                       PC   0x000ff9       data     extern C:\FIRST\SRC\PROC\p18f8520.asm
                      PCL   0x000ff9       data     extern C:\FIRST\SRC\PROC\p18f8520.asm
                   PCLATH   0x000ffa       data     extern C:\FIRST\SRC\PROC\p18f8520.asm
                   PCLATU   0x000ffb       data     extern C:\FIRST\SRC\PROC\p18f8520.asm
                      PER   0x0007de       data     extern C:\two joystick drive code\user_routines.c
                     PIE1   0x000f9d       data     extern C:\FIRST\SRC\PROC\p18f8520.asm
                 PIE1bits   0x000f9d       data     extern C:\FIRST\SRC\PROC\p18f8520.asm
                     PIE2   0x000fa0       data     extern C:\FIRST\SRC\PROC\p18f8520.asm
                 PIE2bits   0x000fa0       data     extern C:\FIRST\SRC\PROC\p18f8520.asm
                     PIE3   0x000fa3       data     extern C:\FIRST\SRC\PROC\p18f8520.asm
                 PIE3bits   0x000fa3       data     extern C:\FIRST\SRC\PROC\p18f8520.asm
                     PIR1   0x000f9e       data     extern C:\FIRST\SRC\PROC\p18f8520.asm
                 PIR1bits   0x000f9e       data     extern C:\FIRST\SRC\PROC\p18f8520.asm
                     PIR2   0x000fa1       data     extern C:\FIRST\SRC\PROC\p18f8520.asm
                 PIR2bits   0x000fa1       data     extern C:\FIRST\SRC\PROC\p18f8520.asm
                     PIR3   0x000fa4       data     extern C:\FIRST\SRC\PROC\p18f8520.asm
                 PIR3bits   0x000fa4       data     extern C:\FIRST\SRC\PROC\p18f8520.asm
                   PLUSW0   0x000feb       data     extern C:\FIRST\SRC\PROC\p18f8520.asm
                   PLUSW1   0x000fe3       data     extern C:\FIRST\SRC\PROC\p18f8520.asm
                   PLUSW2   0x000fdb       data     extern C:\FIRST\SRC\PROC\p18f8520.asm
                    PORTA   0x000f80       data     extern C:\FIRST\SRC\PROC\p18f8520.asm
                PORTAbits   0x000f80       data     extern C:\FIRST\SRC\PROC\p18f8520.asm
                    PORTB   0x000f81       data     extern C:\FIRST\SRC\PROC\p18f8520.asm
                PORTBbits   0x000f81       data     extern C:\FIRST\SRC\PROC\p18f8520.asm
                    PORTC   0x000f82       data     extern C:\FIRST\SRC\PROC\p18f8520.asm
                PORTCbits   0x000f82       data     extern C:\FIRST\SRC\PROC\p18f8520.asm
                    PORTD   0x000f83       data     extern C:\FIRST\SRC\PROC\p18f8520.asm
                PORTDbits   0x000f83       data     extern C:\FIRST\SRC\PROC\p18f8520.asm
                    PORTE   0x000f84       data     extern C:\FIRST\SRC\PROC\p18f8520.asm
                PORTEbits   0x000f84       data     extern C:\FIRST\SRC\PROC\p18f8520.asm
                    PORTF   0x000f85       data     extern C:\FIRST\SRC\PROC\p18f8520.asm
                PORTFbits   0x000f85       data     extern C:\FIRST\SRC\PROC\p18f8520.asm
                    PORTG   0x000f86       data     extern C:\FIRST\SRC\PROC\p18f8520.asm
                PORTGbits   0x000f86       data     extern C:\FIRST\SRC\PROC\p18f8520.asm
                    PORTH   0x000f87       data     extern C:\FIRST\SRC\PROC\p18f8520.asm
                PORTHbits   0x000f87       data     extern C:\FIRST\SRC\PROC\p18f8520.asm
                    PORTJ   0x000f88       data     extern C:\FIRST\SRC\PROC\p18f8520.asm
                PORTJbits   0x000f88       data     extern C:\FIRST\SRC\PROC\p18f8520.asm
               PORT_TRASH   0x000012       data     static C:\mcc18\Projects\FrcCode\FrcCode\Util_lib.asm
                 POSTDEC0   0x000fed       data     extern C:\FIRST\SRC\PROC\p18f8520.asm
                 POSTDEC1   0x000fe5       data     extern C:\FIRST\SRC\PROC\p18f8520.asm
                 POSTDEC2   0x000fdd       data     extern C:\FIRST\SRC\PROC\p18f8520.asm
                 POSTINC0   0x000fee       data     extern C:\FIRST\SRC\PROC\p18f8520.asm
                 POSTINC1   0x000fe6       data     extern C:\FIRST\SRC\PROC\p18f8520.asm
                 POSTINC2   0x000fde       data     extern C:\FIRST\SRC\PROC\p18f8520.asm
                      PR2   0x000fcb       data     extern C:\FIRST\SRC\PROC\p18f8520.asm
                      PR4   0x000f77       data     extern C:\FIRST\SRC\PROC\p18f8520.asm
                  PREINC0   0x000fec       data     extern C:\FIRST\SRC\PROC\p18f8520.asm
                  PREINC1   0x000fe4       data     extern C:\FIRST\SRC\PROC\p18f8520.asm
                  PREINC2   0x000fdc       data     extern C:\FIRST\SRC\PROC\p18f8520.asm
                     PROD   0x000ff3       data     extern C:\FIRST\SRC\PROC\p18f8520.asm
                    PRODH   0x000ff4       data     extern C:\FIRST\SRC\PROC\p18f8520.asm
                    PRODL   0x000ff3       data     extern C:\FIRST\SRC\PROC\p18f8520.asm
                   PSPCON   0x000fb0       data     extern C:\FIRST\SRC\PROC\p18f8520.asm
               PSPCONbits   0x000fb0       data     extern C:\FIRST\SRC\PROC\p18f8520.asm
           PWMdisableMask   0x000016       data     extern C:\mcc18\Projects\FrcCode\FrcCode\Util_lib.asm
                     RCON   0x000fd0       data     extern C:\FIRST\SRC\PROC\p18f8520.asm
                 RCONbits   0x000fd0       data     extern C:\FIRST\SRC\PROC\p18f8520.asm
                   RCREG1   0x000fae       data     extern C:\FIRST\SRC\PROC\p18f8520.asm
                   RCREG2   0x000f6e       data     extern C:\FIRST\SRC\PROC\p18f8520.asm
                   RCSTA1   0x000fab       data     extern C:\FIRST\SRC\PROC\p18f8520.asm
               RCSTA1bits   0x000fab       data     extern C:\FIRST\SRC\PROC\p18f8520.asm
                   RCSTA2   0x000f6b       data     extern C:\FIRST\SRC\PROC\p18f8520.asm
               RCSTA2bits   0x000f6b       data     extern C:\FIRST\SRC\PROC\p18f8520.asm
                    REMB0   0x00001a       data     extern C:\FIRST\SRC\MATH\18CXX\aarg.asm
                    REMB1   0x000019       data     extern C:\FIRST\SRC\MATH\18CXX\aarg.asm
                    REMB2   0x000018       data     extern C:\FIRST\SRC\MATH\18CXX\aarg.asm
                    REMB3   0x000017       data     extern C:\FIRST\SRC\MATH\18CXX\aarg.asm
                     SIGN   0x000025       data     extern C:\FIRST\SRC\MATH\18CXX\cmath18.asm
                   SPBRG1   0x000faf       data     extern C:\FIRST\SRC\PROC\p18f8520.asm
                   SPBRG2   0x000f6f       data     extern C:\FIRST\SRC\PROC\p18f8520.asm
                   SSPADD   0x000fc8       data     extern C:\FIRST\SRC\PROC\p18f8520.asm
                   SSPBUF   0x000fc9       data     extern C:\FIRST\SRC\PROC\p18f8520.asm
                  SSPCON1   0x000fc6       data     extern C:\FIRST\SRC\PROC\p18f8520.asm
              SSPCON1bits   0x000fc6       data     extern C:\FIRST\SRC\PROC\p18f8520.asm
                  SSPCON2   0x000fc5       data     extern C:\FIRST\SRC\PROC\p18f8520.asm
              SSPCON2bits   0x000fc5       data     extern C:\FIRST\SRC\PROC\p18f8520.asm
                  SSPSTAT   0x000fc7       data     extern C:\FIRST\SRC\PROC\p18f8520.asm
              SSPSTATbits   0x000fc7       data     extern C:\FIRST\SRC\PROC\p18f8520.asm
                   STATUS   0x000fd8       data     extern C:\FIRST\SRC\PROC\p18f8520.asm
               STATUSbits   0x000fd8       data     extern C:\FIRST\SRC\PROC\p18f8520.asm
                   STKPTR   0x000ffc       data     extern C:\FIRST\SRC\PROC\p18f8520.asm
               STKPTRbits   0x000ffc       data     extern C:\FIRST\SRC\PROC\p18f8520.asm
                    T0CON   0x000fd5       data     extern C:\FIRST\SRC\PROC\p18f8520.asm
                T0CONbits   0x000fd5       data     extern C:\FIRST\SRC\PROC\p18f8520.asm
                    T1CON   0x000fcd       data     extern C:\FIRST\SRC\PROC\p18f8520.asm
                T1CONbits   0x000fcd       data     extern C:\FIRST\SRC\PROC\p18f8520.asm
                    T2CON   0x000fca       data     extern C:\FIRST\SRC\PROC\p18f8520.asm
                T2CONbits   0x000fca       data     extern C:\FIRST\SRC\PROC\p18f8520.asm
                    T3CON   0x000fb1       data     extern C:\FIRST\SRC\PROC\p18f8520.asm
                T3CONbits   0x000fb1       data     extern C:\FIRST\SRC\PROC\p18f8520.asm
                    T4CON   0x000f76       data     extern C:\FIRST\SRC\PROC\p18f8520.asm
                T4CONbits   0x000f76       data     extern C:\FIRST\SRC\PROC\p18f8520.asm
                   TABLAT   0x000ff5       data     extern C:\FIRST\SRC\PROC\p18f8520.asm
                   TBLPTR   0x000ff6       data     extern C:\FIRST\SRC\PROC\p18f8520.asm
                  TBLPTRH   0x000ff7       data     extern C:\FIRST\SRC\PROC\p18f8520.asm
                  TBLPTRL   0x000ff6       data     extern C:\FIRST\SRC\PROC\p18f8520.asm
                  TBLPTRU   0x000ff8       data     extern C:\FIRST\SRC\PROC\p18f8520.asm
                     TEMP   0x00002a       data     extern C:\FIRST\SRC\MATH\18CXX\temparg.asm
                   TEMPB0   0x00002a       data     extern C:\FIRST\SRC\MATH\18CXX\temparg.asm
                   TEMPB1   0x000029       data     extern C:\FIRST\SRC\MATH\18CXX\temparg.asm
                   TEMPB2   0x000028       data     extern C:\FIRST\SRC\MATH\18CXX\temparg.asm
                   TEMPB3   0x000027       data     extern C:\FIRST\SRC\MATH\18CXX\temparg.asm
                     TMR0   0x000fd6       data     extern C:\FIRST\SRC\PROC\p18f8520.asm
                    TMR0H   0x000fd7       data     extern C:\FIRST\SRC\PROC\p18f8520.asm
                    TMR0L   0x000fd6       data     extern C:\FIRST\SRC\PROC\p18f8520.asm
                     TMR1   0x000fce       data     extern C:\FIRST\SRC\PROC\p18f8520.asm
                    TMR1H   0x000fcf       data     extern C:\FIRST\SRC\PROC\p18f8520.asm
                    TMR1L   0x000fce       data     extern C:\FIRST\SRC\PROC\p18f8520.asm
                     TMR2   0x000fcc       data     extern C:\FIRST\SRC\PROC\p18f8520.asm
                     TMR3   0x000fb2       data     extern C:\FIRST\SRC\PROC\p18f8520.asm
                    TMR3H   0x000fb3       data     extern C:\FIRST\SRC\PROC\p18f8520.asm
                    TMR3L   0x000fb2       data     extern C:\FIRST\SRC\PROC\p18f8520.asm
                     TMR4   0x000f78       data     extern C:\FIRST\SRC\PROC\p18f8520.asm
                      TOS   0x000ffd       data     extern C:\FIRST\SRC\PROC\p18f8520.asm
                     TOSH   0x000ffe       data     extern C:\FIRST\SRC\PROC\p18f8520.asm
                     TOSL   0x000ffd       data     extern C:\FIRST\SRC\PROC\p18f8520.asm
                     TOSU   0x000fff       data     extern C:\FIRST\SRC\PROC\p18f8520.asm
                    TRISA   0x000f92       data     extern C:\FIRST\SRC\PROC\p18f8520.asm
                TRISAbits   0x000f92       data     extern C:\FIRST\SRC\PROC\p18f8520.asm
                    TRISB   0x000f93       data     extern C:\FIRST\SRC\PROC\p18f8520.asm
                TRISBbits   0x000f93       data     extern C:\FIRST\SRC\PROC\p18f8520.asm
                    TRISC   0x000f94       data     extern C:\FIRST\SRC\PROC\p18f8520.asm
                TRISCbits   0x000f94       data     extern C:\FIRST\SRC\PROC\p18f8520.asm
                    TRISD   0x000f95       data     extern C:\FIRST\SRC\PROC\p18f8520.asm
                TRISDbits   0x000f95       data     extern C:\FIRST\SRC\PROC\p18f8520.asm
                    TRISE   0x000f96       data     extern C:\FIRST\SRC\PROC\p18f8520.asm
                TRISEbits   0x000f96       data     extern C:\FIRST\SRC\PROC\p18f8520.asm
                    TRISF   0x000f97       data     extern C:\FIRST\SRC\PROC\p18f8520.asm
                TRISFbits   0x000f97       data     extern C:\FIRST\SRC\PROC\p18f8520.asm
                    TRISG   0x000f98       data     extern C:\FIRST\SRC\PROC\p18f8520.asm
                TRISGbits   0x000f98       data     extern C:\FIRST\SRC\PROC\p18f8520.asm
                    TRISH   0x000f99       data     extern C:\FIRST\SRC\PROC\p18f8520.asm
                TRISHbits   0x000f99       data     extern C:\FIRST\SRC\PROC\p18f8520.asm
                    TRISJ   0x000f9a       data     extern C:\FIRST\SRC\PROC\p18f8520.asm
                TRISJbits   0x000f9a       data     extern C:\FIRST\SRC\PROC\p18f8520.asm
                   TXREG1   0x000fad       data     extern C:\FIRST\SRC\PROC\p18f8520.asm
                   TXREG2   0x000f6d       data     extern C:\FIRST\SRC\PROC\p18f8520.asm
                   TXSTA1   0x000fac       data     extern C:\FIRST\SRC\PROC\p18f8520.asm
               TXSTA1bits   0x000fac       data     extern C:\FIRST\SRC\PROC\p18f8520.asm
                   TXSTA2   0x000f6c       data     extern C:\FIRST\SRC\PROC\p18f8520.asm
               TXSTA2bits   0x000f6c       data     extern C:\FIRST\SRC\PROC\p18f8520.asm
                   WDTCON   0x000fd1       data     extern C:\FIRST\SRC\PROC\p18f8520.asm
               WDTCONbits   0x000fd1       data     extern C:\FIRST\SRC\PROC\p18f8520.asm
                     WREG   0x000fe8       data     extern C:\FIRST\SRC\PROC\p18f8520.asm
              Wheel_Clock   0x0001da       data     extern C:\two joystick drive code\receiver.c
                     XPER   0x0007da       data     extern C:\two joystick drive code\user_routines.c
                     YPER   0x0007dc       data     extern C:\two joystick drive code\user_routines.c
                  __tmp_0   0x00002b       data     static C:\two joystick drive code\user_routines_fast.c
                  __tmp_0   0x00002b       data     static C:\first\src\pmc\ADC\18Cxx\adcopen.c
                  __tmp_0   0x00002b       data     static C:\two joystick drive code\user_routines.c
                  __tmp_0   0x00002b       data     static C:\first\src\pmc\ADC\18Cxx\adcread.c
                  __tmp_0   0x00002b       data     static C:\two joystick drive code\printf_lib.c
                  __tmp_0   0x00002b       data     static C:\two joystick drive code\ifi_utilities.c
             casterToggle   0x0007cd       data     extern C:\two joystick drive code\user_routines.c
                    count   0x0001c8       data     static C:\mcc18\Projects\FrcCode\FrcCode\ifi_library.c
                  counter   0x0007d5       data     extern C:\two joystick drive code\user_routines.c
                curr_byte   0x0001d1       data     static C:\two joystick drive code\ifi_startup.c
               curr_entry   0x0001d3       data     static C:\two joystick drive code\ifi_startup.c
                 data_ptr   0x0001d5       data     static C:\two joystick drive code\ifi_startup.c
              debug_cycle   0x0007d9       data     extern C:\two joystick drive code\user_routines.c
               downToggle   0x0007d0       data     extern C:\two joystick drive code\user_routines.c
               errorL_old   0x0007e8       data     extern C:\two joystick drive code\user_routines.c
               errorR_old   0x0007ea       data     extern C:\two joystick drive code\user_routines.c
               gPWM_DATA1   0x00000a       data     static C:\mcc18\Projects\FrcCode\FrcCode\Util_lib.asm
               gPWM_DATA2   0x00000b       data     static C:\mcc18\Projects\FrcCode\FrcCode\Util_lib.asm
               gPWM_DATA3   0x00000c       data     static C:\mcc18\Projects\FrcCode\FrcCode\Util_lib.asm
               gPWM_DATA4   0x00000d       data     static C:\mcc18\Projects\FrcCode\FrcCode\Util_lib.asm
               gPWM_DATA5   0x00000e       data     static C:\mcc18\Projects\FrcCode\FrcCode\Util_lib.asm
               gPWM_DATA6   0x00000f       data     static C:\mcc18\Projects\FrcCode\FrcCode\Util_lib.asm
               gPWM_DATA7   0x000010       data     static C:\mcc18\Projects\FrcCode\FrcCode\Util_lib.asm
               gPWM_DATA8   0x000011       data     static C:\mcc18\Projects\FrcCode\FrcCode\Util_lib.asm
                gRX_BUFF0   0x0000c0       data     extern C:\mcc18\Projects\FrcCode\FrcCode\Util_lib.asm
                gRX_BUFF1   0x0000e0       data     extern C:\mcc18\Projects\FrcCode\FrcCode\Util_lib.asm
                 gRX_PTRH   0x000002       data     static C:\mcc18\Projects\FrcCode\FrcCode\Util_lib.asm
                 gRX_PTRL   0x000003       data     static C:\mcc18\Projects\FrcCode\FrcCode\Util_lib.asm
                  gSPICNT   0x000006       data     static C:\mcc18\Projects\FrcCode\FrcCode\Util_lib.asm
             gSPI_RCV_PTR   0x000007       data     extern C:\mcc18\Projects\FrcCode\FrcCode\Util_lib.asm
             gSPI_XMT_PTR   0x000008       data     extern C:\mcc18\Projects\FrcCode\FrcCode\Util_lib.asm
                gTX_BUFF0   0x000080       data     extern C:\mcc18\Projects\FrcCode\FrcCode\Util_lib.asm
                gTX_BUFF1   0x0000a0       data     extern C:\mcc18\Projects\FrcCode\FrcCode\Util_lib.asm
                 gTX_PTRH   0x000000       data     static C:\mcc18\Projects\FrcCode\FrcCode\Util_lib.asm
                 gTX_PTRL   0x000001       data     static C:\mcc18\Projects\FrcCode\FrcCode\Util_lib.asm
      ifi_analog_channels   0x000153       data     extern C:\two joystick drive code\ifi_utilities.c
                ifi_count   0x000152       data     extern C:\two joystick drive code\ifi_utilities.c
         ifi_last_packet1   0x0007f0       data     extern C:\two joystick drive code\ifi_utilities.c
          ifi_packet_num1   0x0007ee       data     extern C:\two joystick drive code\ifi_utilities.c
           ifi_printfBufr   0x000100       data     extern C:\two joystick drive code\ifi_utilities.c
                        k   0x0001af       data     static C:\two joystick drive code\printf_lib.c
             left_encoder   0x000767       data     extern C:\two joystick drive code\receiver.c
                      len   0x000154       data     static C:\two joystick drive code\ifi_utilities.c
            limited_value   0x0001bf       data     static C:\two joystick drive code\user_routines.c
                  nullStr   0x0007f2       data     extern C:\two joystick drive code\printf_lib.c
                 p1_x_old   0x0007ca       data     extern C:\two joystick drive code\user_routines.c
                 p1_y_old   0x0007cb       data     extern C:\two joystick drive code\user_routines.c
              periodTable   0x0001b1       data     extern C:\two joystick drive code\user_routines.c
                print_buf   0x000199       data     static C:\two joystick drive code\printf_lib.c
        processPointL_old   0x0007e4       data     extern C:\two joystick drive code\user_routines.c
        processPointR_old   0x0007e6       data     extern C:\two joystick drive code\user_routines.c
                     prom   0x0001ce       data     static C:\two joystick drive code\ifi_startup.c
                      ptr   0x000150       data     extern C:\two joystick drive code\ifi_utilities.c
                pwm13_old   0x0007ed       data     extern C:\two joystick drive code\user_routines.c
                pwm15_old   0x0007ec       data     extern C:\two joystick drive code\user_routines.c
            right_encoder   0x000704       data     extern C:\two joystick drive code\receiver.c
                    rxPtr   0x0001ca       data     static C:\mcc18\Projects\FrcCode\FrcCode\ifi_library.c
                   rxdata   0x000178       data     extern C:\two joystick drive code\main.c
                rxferbufr   0x0001c5       data     static C:\mcc18\Projects\FrcCode\FrcCode\ifi_library.c
                      scr   0x0001ad       data     static C:\two joystick drive code\printf_lib.c
            setPointL_old   0x0007e0       data     extern C:\two joystick drive code\user_routines.c
            setPointR_old   0x0007e2       data     extern C:\two joystick drive code\user_routines.c
               statusflag   0x000198       data     extern C:\two joystick drive code\main.c
                     temp   0x0001c9       data     static C:\mcc18\Projects\FrcCode\FrcCode\ifi_library.c
                      tmp   0x000009       data     static C:\mcc18\Projects\FrcCode\FrcCode\Util_lib.asm
               txPWM_MASK   0x000015       data     static C:\mcc18\Projects\FrcCode\FrcCode\Util_lib.asm
                    txPtr   0x0001cc       data     static C:\mcc18\Projects\FrcCode\FrcCode\ifi_library.c
                   txdata   0x000158       data     extern C:\two joystick drive code\main.c
                txferbufr   0x0001c3       data     static C:\mcc18\Projects\FrcCode\FrcCode\ifi_library.c
                 upToggle   0x0007cf       data     extern C:\two joystick drive code\user_routines.c
            wheel_l_count   0x0001de       data     extern C:\two joystick drive code\receiver.c
            wheel_r_count   0x0001e0       data     extern C:\two joystick drive code\receiver.c
          whinchColor_old   0x0007d4       data     extern C:\two joystick drive code\user_routines.c
            whinchCommand   0x0007ce       data     extern C:\two joystick drive code\user_routines.c
            whinchCounter   0x0007d3       data     extern C:\two joystick drive code\user_routines.c
             whinchToggle   0x0007d2       data     extern C:\two joystick drive code\user_routines.c
      winch_piston_toggle   0x0007d1       data     extern C:\two joystick drive code\user_routines.c
                 xferbufr   0x0001c1       data     static C:\mcc18\Projects\FrcCode\FrcCode\ifi_library.c



                              Symbols - Sorted by Address
                     Name    Address   Location    Storage File                     
                ---------  ---------  ---------  --------- ---------                
                   _entry   0x000800    program     extern C:\two joystick drive code\ifi_startup.c
       ___return_lbl00000   0x000804    program     static                          
      InterruptVectorHigh   0x000808    program     extern C:\mcc18\Projects\FrcCode\FrcCode\ifi_library.c
       ___return_lbl00000   0x00080c    program     static                          
                  BusyADC   0x00080e    program     extern C:\first\src\pmc\ADC\18Cxx\adcbusy.c
       InterruptVectorLow   0x000818    program     extern C:\two joystick drive code\user_routines_fast.c
       ___return_lbl00000   0x00081c    program     static                          
                Limit_Mix   0x000904    program     extern C:\two joystick drive code\user_routines.c
            inputModifier   0x000992    program     extern C:\two joystick drive code\user_routines.c
                  quadMod   0x000d94    program     extern C:\two joystick drive code\user_routines.c
            motorModifier   0x000f06    program     extern C:\two joystick drive code\user_routines.c
             relayControl   0x000f1c    program     extern C:\two joystick drive code\user_routines.c
                relayInit   0x00138c    program     extern C:\two joystick drive code\user_routines.c
                   period   0x0013b2    program     extern C:\two joystick drive code\user_routines.c
               encoderMod   0x00150a    program     extern C:\two joystick drive code\user_routines.c
                tableInit   0x001a64    program     extern C:\two joystick drive code\user_routines.c
      User_Initialization   0x001a9a    program     extern C:\two joystick drive code\user_routines.c
Process_Data_From_Master_uP   0x001b80    program     extern C:\two joystick drive code\user_routines.c
          Default_Routine   0x001c9e    program     extern C:\two joystick drive code\user_routines.c
       Write_Byte_To_Uart   0x001f44    program     static C:\two joystick drive code\printf_lib.c
                   prints   0x001f5e    program     static C:\two joystick drive code\printf_lib.c
                   printi   0x002156    program     static C:\two joystick drive code\printf_lib.c
                    print   0x002430    program     static C:\two joystick drive code\printf_lib.c
                   printf   0x002aaa    program     extern C:\two joystick drive code\printf_lib.c
                  printid   0x002b30    program     extern C:\two joystick drive code\printf_lib.c
                   printd   0x002b96    program     extern C:\two joystick drive code\printf_lib.c
                  printib   0x002bf8    program     extern C:\two joystick drive code\printf_lib.c
                   printb   0x002c5e    program     extern C:\two joystick drive code\printf_lib.c
                  printix   0x002cc0    program     extern C:\two joystick drive code\printf_lib.c
                   printx   0x002d26    program     extern C:\two joystick drive code\printf_lib.c
              debug_print   0x002d86    program     extern C:\two joystick drive code\printf_lib.c
             debug_printb   0x002e3a    program     extern C:\two joystick drive code\printf_lib.c
            debug_println   0x002eee    program     extern C:\two joystick drive code\printf_lib.c
                 FLO0832U   0x002f86    program     extern C:\FIRST\SRC\MATH\18CXX\flo0832.asm
                 FLO0832S   0x002f96    program     extern C:\FIRST\SRC\MATH\18CXX\flo0832.asm
                  NRM1632   0x002fae    program     static C:\FIRST\SRC\MATH\18CXX\flo0832.asm
                 TNIB1632   0x002fb8    program     static C:\FIRST\SRC\MATH\18CXX\flo0832.asm
                 NORM1632   0x002fc6    program     static C:\FIRST\SRC\MATH\18CXX\flo0832.asm
              TNORMUN1632   0x002fe6    program     static C:\FIRST\SRC\MATH\18CXX\flo0832.asm
                 FLO1632U   0x002ff0    program     extern C:\FIRST\SRC\MATH\18CXX\flo1632.asm
                 FLO1632S   0x002ffe    program     extern C:\FIRST\SRC\MATH\18CXX\flo1632.asm
                  NRM2432   0x003018    program     static C:\FIRST\SRC\MATH\18CXX\flo1632.asm
                 TNIB2432   0x003022    program     static C:\FIRST\SRC\MATH\18CXX\flo1632.asm
                 NORM2432   0x00303c    program     static C:\FIRST\SRC\MATH\18CXX\flo1632.asm
              TNORMUN2432   0x003062    program     static C:\FIRST\SRC\MATH\18CXX\flo1632.asm
                 NRM2432A   0x00306a    program     static C:\FIRST\SRC\MATH\18CXX\flo1632.asm
                TNIB2432A   0x00307a    program     static C:\FIRST\SRC\MATH\18CXX\flo1632.asm
                NORM2432A   0x003088    program     static C:\FIRST\SRC\MATH\18CXX\flo1632.asm
               SETIOV3232   0x0030ac    program     extern C:\FIRST\SRC\MATH\18CXX\util32.asm
               SETIOV3224   0x0030ca    program     extern C:\FIRST\SRC\MATH\18CXX\util32.asm
               SETIOV3216   0x0030e4    program     extern C:\FIRST\SRC\MATH\18CXX\util32.asm
               SETIOV3208   0x0030fa    program     extern C:\FIRST\SRC\MATH\18CXX\util32.asm
                 SETFOV32   0x00310c    program     extern C:\FIRST\SRC\MATH\18CXX\util32.asm
                 SETFUN32   0x003120    program     extern C:\FIRST\SRC\MATH\18CXX\util32.asm
                 SETFDZ32   0x003136    program     extern C:\FIRST\SRC\MATH\18CXX\util32.asm
                   RES032   0x00313a    program     extern C:\FIRST\SRC\MATH\18CXX\util32.asm
                FIXSIGN32   0x003146    program     extern C:\FIRST\SRC\MATH\18CXX\util32.asm
                 FLO3232U   0x00314c    program     extern C:\FIRST\SRC\MATH\18CXX\flo3232.asm
                 FLO3232S   0x003156    program     extern C:\FIRST\SRC\MATH\18CXX\flo3232.asm
                  NRM4032   0x003174    program     extern C:\FIRST\SRC\MATH\18CXX\flo3232.asm
               NRM4032SFT   0x003186    program     static C:\FIRST\SRC\MATH\18CXX\flo3232.asm
              TNORMUN4032   0x0031ba    program     static C:\FIRST\SRC\MATH\18CXX\flo3232.asm
               NRMRND4032   0x0031c2    program     extern C:\FIRST\SRC\MATH\18CXX\flo3232.asm
               NRM4032MUL   0x0031f0    program     static C:\FIRST\SRC\MATH\18CXX\flo3232.asm
                 NRM4032A   0x00323e    program     static C:\FIRST\SRC\MATH\18CXX\flo3232.asm
              NRM4032SFTA   0x00325e    program     static C:\FIRST\SRC\MATH\18CXX\flo3232.asm
              NRM4032MULA   0x003290    program     static C:\FIRST\SRC\MATH\18CXX\flo3232.asm
                 NRM4032B   0x0032d0    program     static C:\FIRST\SRC\MATH\18CXX\flo3232.asm
              NRM4032SFTB   0x0032ee    program     static C:\FIRST\SRC\MATH\18CXX\flo3232.asm
              NRM4032MULB   0x00331a    program     static C:\FIRST\SRC\MATH\18CXX\flo3232.asm
                 NRM4032C   0x003350    program     static C:\FIRST\SRC\MATH\18CXX\flo3232.asm
              NRM4032SFTC   0x00336c    program     static C:\FIRST\SRC\MATH\18CXX\flo3232.asm
              NRM4032MULC   0x003392    program     static C:\FIRST\SRC\MATH\18CXX\flo3232.asm
                 NRMTBL16   0x0033ba    program     extern C:\FIRST\SRC\MATH\18CXX\flo3232.asm
                    FPD32   0x0033da    program     extern C:\FIRST\SRC\MATH\18CXX\fpd32.asm
                  D32BNE0   0x0033ea    program     static C:\FIRST\SRC\MATH\18CXX\fpd32.asm
                   DAOK32   0x0034ee    program     static C:\FIRST\SRC\MATH\18CXX\fpd32.asm
                   DBOK32   0x00358e    program     static C:\FIRST\SRC\MATH\18CXX\fpd32.asm
                   DEXP32   0x003692    program     static C:\FIRST\SRC\MATH\18CXX\fpd32.asm
                   AGEB32   0x00369e    program     static C:\FIRST\SRC\MATH\18CXX\fpd32.asm
                   ALTB32   0x0036ac    program     static C:\FIRST\SRC\MATH\18CXX\fpd32.asm
                 DROUND32   0x0036b6    program     static C:\FIRST\SRC\MATH\18CXX\fpd32.asm
                  DIV32OK   0x0036e0    program     static C:\FIRST\SRC\MATH\18CXX\fpd32.asm
                IBTBL256I   0x0036e6    program     static C:\FIRST\SRC\MATH\18CXX\fpd32.asm
                    FPM32   0x0038e8    program     extern C:\FIRST\SRC\MATH\18CXX\fpm32.asm
                  M32BNE0   0x0038f4    program     static C:\FIRST\SRC\MATH\18CXX\fpm32.asm
                   MTUN32   0x003912    program     static C:\FIRST\SRC\MATH\18CXX\fpm32.asm
                    MOK32   0x00391a    program     static C:\FIRST\SRC\MATH\18CXX\fpm32.asm
                 MROUND32   0x0039c0    program     static C:\FIRST\SRC\MATH\18CXX\fpm32.asm
                  MUL32OK   0x0039ea    program     static C:\FIRST\SRC\MATH\18CXX\fpm32.asm
                 FXD3232S   0x0039f0    program     extern C:\FIRST\SRC\MATH\18CXX\fxd3232s.asm
                  DA3232S   0x003a0a    program     static C:\FIRST\SRC\MATH\18CXX\fxd3232s.asm
                   D3232S   0x003a20    program     static C:\FIRST\SRC\MATH\18CXX\fxd3232s.asm
                 D3232SOK   0x003a2a    program     static C:\FIRST\SRC\MATH\18CXX\fxd3232s.asm
                D3232SNEG   0x003a2e    program     static C:\FIRST\SRC\MATH\18CXX\fxd3232s.asm
                  D3232SX   0x003a4e    program     static C:\FIRST\SRC\MATH\18CXX\fxd3232s.asm
                 FXM1616S   0x003a58    program     extern C:\FIRST\SRC\MATH\18CXX\fxm1616s.asm
               TSIGN1616A   0x003aa4    program     static C:\FIRST\SRC\MATH\18CXX\fxm1616s.asm
                 FXM1616U   0x003ab2    program     extern C:\FIRST\SRC\MATH\18CXX\fxm1616u.asm
                  INT3208   0x003aee    program     extern C:\FIRST\SRC\MATH\18CXX\int3208.asm
                SNIB3208A   0x003b1e    program     static C:\FIRST\SRC\MATH\18CXX\int3208.asm
               SHIFT3208A   0x003b34    program     static C:\FIRST\SRC\MATH\18CXX\int3208.asm
                 SNIB3208   0x003b50    program     static C:\FIRST\SRC\MATH\18CXX\int3208.asm
                SHIFT3208   0x003b72    program     static C:\FIRST\SRC\MATH\18CXX\int3208.asm
              SHIFT3208OK   0x003b90    program     static C:\FIRST\SRC\MATH\18CXX\int3208.asm
                INT3208OK   0x003baa    program     static C:\FIRST\SRC\MATH\18CXX\int3208.asm
                  INT3216   0x003bb2    program     extern C:\FIRST\SRC\MATH\18CXX\int3216.asm
                SNIB3216B   0x003bfc    program     static C:\FIRST\SRC\MATH\18CXX\int3216.asm
               SHIFT3216B   0x003c12    program     static C:\FIRST\SRC\MATH\18CXX\int3216.asm
                SNIB3216A   0x003c2e    program     static C:\FIRST\SRC\MATH\18CXX\int3216.asm
               SHIFT3216A   0x003c50    program     static C:\FIRST\SRC\MATH\18CXX\int3216.asm
                 SNIB3216   0x003c72    program     static C:\FIRST\SRC\MATH\18CXX\int3216.asm
                SHIFT3216   0x003ca0    program     static C:\FIRST\SRC\MATH\18CXX\int3216.asm
              SHIFT3216OK   0x003cc4    program     static C:\FIRST\SRC\MATH\18CXX\int3216.asm
                INT3216OK   0x003ce0    program     static C:\FIRST\SRC\MATH\18CXX\int3216.asm
      InterruptHandlerLow   0x003cee    program     extern C:\two joystick drive code\user_routines_fast.c
     User_Autonomous_Code   0x003dec    program     extern C:\two joystick drive code\user_routines_fast.c
Process_Data_From_Local_IO   0x0042a0    program     extern C:\two joystick drive code\user_routines_fast.c
     InterruptHandlerHigh   0x0042a2    program     extern C:\mcc18\Projects\FrcCode\FrcCode\ifi_library.c
          Setup_Spi_Slave   0x0042d0    program     extern C:\mcc18\Projects\FrcCode\FrcCode\ifi_library.c
     Initialize_Registers   0x0042e6    program     extern C:\mcc18\Projects\FrcCode\FrcCode\ifi_library.c
       IFI_Initialization   0x00435c    program     extern C:\mcc18\Projects\FrcCode\FrcCode\ifi_library.c
       User_Proc_Is_Ready   0x0043d8    program     extern C:\mcc18\Projects\FrcCode\FrcCode\ifi_library.c
    Prep_SPI_4_First_Byte   0x0043e2    program     extern C:\mcc18\Projects\FrcCode\FrcCode\ifi_library.c
           Handle_Spi_Int   0x004440    program     extern C:\mcc18\Projects\FrcCode\FrcCode\ifi_library.c
                  Getdata   0x00449a    program     extern C:\mcc18\Projects\FrcCode\FrcCode\ifi_library.c
                  Putdata   0x00450e    program     extern C:\mcc18\Projects\FrcCode\FrcCode\ifi_library.c
       Clear_SPIdata_flag   0x004598    program     extern C:\mcc18\Projects\FrcCode\FrcCode\ifi_library.c
    Setup_PWM_Output_Type   0x0045a2    program     extern C:\mcc18\Projects\FrcCode\FrcCode\ifi_library.c
       Check_4_Violations   0x004626    program     extern C:\mcc18\Projects\FrcCode\FrcCode\ifi_library.c
             Wait4TXEmpty   0x004738    program     extern C:\two joystick drive code\ifi_utilities.c
[...]
                    PORTB   0x000f81       data     extern C:\FIRST\SRC\PROC\p18f8520.asm
                PORTCbits   0x000f82       data     extern C:\FIRST\SRC\PROC\p18f8520.asm
                    PORTC   0x000f82       data     extern C:\FIRST\SRC\PROC\p18f8520.asm
                PORTDbits   0x000f83       data     extern C:\FIRST\SRC\PROC\p18f8520.asm
                    PORTD   0x000f83       data     extern C:\FIRST\SRC\PROC\p18f8520.asm
                    PORTE   0x000f84       data     extern C:\FIRST\SRC\PROC\p18f8520.asm
                PORTEbits   0x000f84       data     extern C:\FIRST\SRC\PROC\p18f8520.asm
                    PORTF   0x000f85       data     extern C:\FIRST\SRC\PROC\p18f8520.asm
                PORTFbits   0x000f85       data     extern C:\FIRST\SRC\PROC\p18f8520.asm
                PORTGbits   0x000f86       data     extern C:\FIRST\SRC\PROC\p18f8520.asm
                    PORTG   0x000f86       data     extern C:\FIRST\SRC\PROC\p18f8520.asm
                PORTHbits   0x000f87       data     extern C:\FIRST\SRC\PROC\p18f8520.asm
                    PORTH   0x000f87       data     extern C:\FIRST\SRC\PROC\p18f8520.asm
                    PORTJ   0x000f88       data     extern C:\FIRST\SRC\PROC\p18f8520.asm
                PORTJbits   0x000f88       data     extern C:\FIRST\SRC\PROC\p18f8520.asm
                     LATA   0x000f89       data     extern C:\FIRST\SRC\PROC\p18f8520.asm
                 LATAbits   0x000f89       data     extern C:\FIRST\SRC\PROC\p18f8520.asm
                     LATB   0x000f8a       data     extern C:\FIRST\SRC\PROC\p18f8520.asm
                 LATBbits   0x000f8a       data     extern C:\FIRST\SRC\PROC\p18f8520.asm
                     LATC   0x000f8b       data     extern C:\FIRST\SRC\PROC\p18f8520.asm
                 LATCbits   0x000f8b       data     extern C:\FIRST\SRC\PROC\p18f8520.asm
                     LATD   0x000f8c       data     extern C:\FIRST\SRC\PROC\p18f8520.asm
                 LATDbits   0x000f8c       data     extern C:\FIRST\SRC\PROC\p18f8520.asm
                 LATEbits   0x000f8d       data     extern C:\FIRST\SRC\PROC\p18f8520.asm
                     LATE   0x000f8d       data     extern C:\FIRST\SRC\PROC\p18f8520.asm
                     LATF   0x000f8e       data     extern C:\FIRST\SRC\PROC\p18f8520.asm
                 LATFbits   0x000f8e       data     extern C:\FIRST\SRC\PROC\p18f8520.asm
                 LATGbits   0x000f8f       data     extern C:\FIRST\SRC\PROC\p18f8520.asm
                     LATG   0x000f8f       data     extern C:\FIRST\SRC\PROC\p18f8520.asm
                 LATHbits   0x000f90       data     extern C:\FIRST\SRC\PROC\p18f8520.asm
                     LATH   0x000f90       data     extern C:\FIRST\SRC\PROC\p18f8520.asm
                     LATJ   0x000f91       data     extern C:\FIRST\SRC\PROC\p18f8520.asm
                 LATJbits   0x000f91       data     extern C:\FIRST\SRC\PROC\p18f8520.asm
                TRISAbits   0x000f92       data     extern C:\FIRST\SRC\PROC\p18f8520.asm
                    TRISA   0x000f92       data     extern C:\FIRST\SRC\PROC\p18f8520.asm
                     DDRA   0x000f92       data     extern C:\FIRST\SRC\PROC\p18f8520.asm
                 DDRAbits   0x000f92       data     extern C:\FIRST\SRC\PROC\p18f8520.asm
                    TRISB   0x000f93       data     extern C:\FIRST\SRC\PROC\p18f8520.asm
                TRISBbits   0x000f93       data     extern C:\FIRST\SRC\PROC\p18f8520.asm
                 DDRBbits   0x000f93       data     extern C:\FIRST\SRC\PROC\p18f8520.asm
                     DDRB   0x000f93       data     extern C:\FIRST\SRC\PROC\p18f8520.asm
                 DDRCbits   0x000f94       data     extern C:\FIRST\SRC\PROC\p18f8520.asm
                     DDRC   0x000f94       data     extern C:\FIRST\SRC\PROC\p18f8520.asm
                    TRISC   0x000f94       data     extern C:\FIRST\SRC\PROC\p18f8520.asm
                TRISCbits   0x000f94       data     extern C:\FIRST\SRC\PROC\p18f8520.asm
                 DDRDbits   0x000f95       data     extern C:\FIRST\SRC\PROC\p18f8520.asm
                     DDRD   0x000f95       data     extern C:\FIRST\SRC\PROC\p18f8520.asm
                TRISDbits   0x000f95       data     extern C:\FIRST\SRC\PROC\p18f8520.asm
                    TRISD   0x000f95       data     extern C:\FIRST\SRC\PROC\p18f8520.asm
                TRISEbits   0x000f96       data     extern C:\FIRST\SRC\PROC\p18f8520.asm
                    TRISE   0x000f96       data     extern C:\FIRST\SRC\PROC\p18f8520.asm
                     DDRE   0x000f96       data     extern C:\FIRST\SRC\PROC\p18f8520.asm
                 DDREbits   0x000f96       data     extern C:\FIRST\SRC\PROC\p18f8520.asm
                 DDRFbits   0x000f97       data     extern C:\FIRST\SRC\PROC\p18f8520.asm
                TRISFbits   0x000f97       data     extern C:\FIRST\SRC\PROC\p18f8520.asm
                    TRISF   0x000f97       data     extern C:\FIRST\SRC\PROC\p18f8520.asm
                     DDRF   0x000f97       data     extern C:\FIRST\SRC\PROC\p18f8520.asm
                TRISGbits   0x000f98       data     extern C:\FIRST\SRC\PROC\p18f8520.asm
                    TRISG   0x000f98       data     extern C:\FIRST\SRC\PROC\p18f8520.asm
                 DDRGbits   0x000f98       data     extern C:\FIRST\SRC\PROC\p18f8520.asm
                     DDRG   0x000f98       data     extern C:\FIRST\SRC\PROC\p18f8520.asm
                TRISHbits   0x000f99       data     extern C:\FIRST\SRC\PROC\p18f8520.asm
                    TRISH   0x000f99       data     extern C:\FIRST\SRC\PROC\p18f8520.asm
                 DDRHbits   0x000f99       data     extern C:\FIRST\SRC\PROC\p18f8520.asm
                     DDRH   0x000f99       data     extern C:\FIRST\SRC\PROC\p18f8520.asm
                 DDRJbits   0x000f9a       data     extern C:\FIRST\SRC\PROC\p18f8520.asm
                TRISJbits   0x000f9a       data     extern C:\FIRST\SRC\PROC\p18f8520.asm
                    TRISJ   0x000f9a       data     extern C:\FIRST\SRC\PROC\p18f8520.asm
                     DDRJ   0x000f9a       data     extern C:\FIRST\SRC\PROC\p18f8520.asm
                   MEMCON   0x000f9c       data     extern C:\FIRST\SRC\PROC\p18f8520.asm
               MEMCONbits   0x000f9c       data     extern C:\FIRST\SRC\PROC\p18f8520.asm
                     PIE1   0x000f9d       data     extern C:\FIRST\SRC\PROC\p18f8520.asm
                 PIE1bits   0x000f9d       data     extern C:\FIRST\SRC\PROC\p18f8520.asm
                     PIR1   0x000f9e       data     extern C:\FIRST\SRC\PROC\p18f8520.asm
                 PIR1bits   0x000f9e       data     extern C:\FIRST\SRC\PROC\p18f8520.asm
                 IPR1bits   0x000f9f       data     extern C:\FIRST\SRC\PROC\p18f8520.asm
                     IPR1   0x000f9f       data     extern C:\FIRST\SRC\PROC\p18f8520.asm
                 PIE2bits   0x000fa0       data     extern C:\FIRST\SRC\PROC\p18f8520.asm
                     PIE2   0x000fa0       data     extern C:\FIRST\SRC\PROC\p18f8520.asm
                 PIR2bits   0x000fa1       data     extern C:\FIRST\SRC\PROC\p18f8520.asm
                     PIR2   0x000fa1       data     extern C:\FIRST\SRC\PROC\p18f8520.asm
                     IPR2   0x000fa2       data     extern C:\FIRST\SRC\PROC\p18f8520.asm
                 IPR2bits   0x000fa2       data     extern C:\FIRST\SRC\PROC\p18f8520.asm
                     PIE3   0x000fa3       data     extern C:\FIRST\SRC\PROC\p18f8520.asm
                 PIE3bits   0x000fa3       data     extern C:\FIRST\SRC\PROC\p18f8520.asm
                 PIR3bits   0x000fa4       data     extern C:\FIRST\SRC\PROC\p18f8520.asm
                     PIR3   0x000fa4       data     extern C:\FIRST\SRC\PROC\p18f8520.asm
                     IPR3   0x000fa5       data     extern C:\FIRST\SRC\PROC\p18f8520.asm
                 IPR3bits   0x000fa5       data     extern C:\FIRST\SRC\PROC\p18f8520.asm
               EECON1bits   0x000fa6       data     extern C:\FIRST\SRC\PROC\p18f8520.asm
                   EECON1   0x000fa6       data     extern C:\FIRST\SRC\PROC\p18f8520.asm
                   EECON2   0x000fa7       data     extern C:\FIRST\SRC\PROC\p18f8520.asm
                   EEDATA   0x000fa8       data     extern C:\FIRST\SRC\PROC\p18f8520.asm
                    EEADR   0x000fa9       data     extern C:\FIRST\SRC\PROC\p18f8520.asm
                   EEADRH   0x000faa       data     extern C:\FIRST\SRC\PROC\p18f8520.asm
                   RCSTA1   0x000fab       data     extern C:\FIRST\SRC\PROC\p18f8520.asm
               RCSTA1bits   0x000fab       data     extern C:\FIRST\SRC\PROC\p18f8520.asm
               TXSTA1bits   0x000fac       data     extern C:\FIRST\SRC\PROC\p18f8520.asm
                   TXSTA1   0x000fac       data     extern C:\FIRST\SRC\PROC\p18f8520.asm
                   TXREG1   0x000fad       data     extern C:\FIRST\SRC\PROC\p18f8520.asm
                   RCREG1   0x000fae       data     extern C:\FIRST\SRC\PROC\p18f8520.asm
                   SPBRG1   0x000faf       data     extern C:\FIRST\SRC\PROC\p18f8520.asm
                   PSPCON   0x000fb0       data     extern C:\FIRST\SRC\PROC\p18f8520.asm
               PSPCONbits   0x000fb0       data     extern C:\FIRST\SRC\PROC\p18f8520.asm
                T3CONbits   0x000fb1       data     extern C:\FIRST\SRC\PROC\p18f8520.asm
                    T3CON   0x000fb1       data     extern C:\FIRST\SRC\PROC\p18f8520.asm
                     TMR3   0x000fb2       data     extern C:\FIRST\SRC\PROC\p18f8520.asm
                    TMR3L   0x000fb2       data     extern C:\FIRST\SRC\PROC\p18f8520.asm
                    TMR3H   0x000fb3       data     extern C:\FIRST\SRC\PROC\p18f8520.asm
                CMCONbits   0x000fb4       data     extern C:\FIRST\SRC\PROC\p18f8520.asm
                    CMCON   0x000fb4       data     extern C:\FIRST\SRC\PROC\p18f8520.asm
               CVRCONbits   0x000fb5       data     extern C:\FIRST\SRC\PROC\p18f8520.asm
                   CVRCON   0x000fb5       data     extern C:\FIRST\SRC\PROC\p18f8520.asm
              CCP3CONbits   0x000fb7       data     extern C:\FIRST\SRC\PROC\p18f8520.asm
                  CCP3CON   0x000fb7       data     extern C:\FIRST\SRC\PROC\p18f8520.asm
                   CCPR3L   0x000fb8       data     extern C:\FIRST\SRC\PROC\p18f8520.asm
                    CCPR3   0x000fb8       data     extern C:\FIRST\SRC\PROC\p18f8520.asm
                   CCPR3H   0x000fb9       data     extern C:\FIRST\SRC\PROC\p18f8520.asm
                  CCP2CON   0x000fba       data     extern C:\FIRST\SRC\PROC\p18f8520.asm
              CCP2CONbits   0x000fba       data     extern C:\FIRST\SRC\PROC\p18f8520.asm
                    CCPR2   0x000fbb       data     extern C:\FIRST\SRC\PROC\p18f8520.asm
                   CCPR2L   0x000fbb       data     extern C:\FIRST\SRC\PROC\p18f8520.asm
                   CCPR2H   0x000fbc       data     extern C:\FIRST\SRC\PROC\p18f8520.asm
              CCP1CONbits   0x000fbd       data     extern C:\FIRST\SRC\PROC\p18f8520.asm
                  CCP1CON   0x000fbd       data     extern C:\FIRST\SRC\PROC\p18f8520.asm
                    CCPR1   0x000fbe       data     extern C:\FIRST\SRC\PROC\p18f8520.asm
                   CCPR1L   0x000fbe       data     extern C:\FIRST\SRC\PROC\p18f8520.asm
                   CCPR1H   0x000fbf       data     extern C:\FIRST\SRC\PROC\p18f8520.asm
                   ADCON2   0x000fc0       data     extern C:\FIRST\SRC\PROC\p18f8520.asm
               ADCON2bits   0x000fc0       data     extern C:\FIRST\SRC\PROC\p18f8520.asm
                   ADCON1   0x000fc1       data     extern C:\FIRST\SRC\PROC\p18f8520.asm
               ADCON1bits   0x000fc1       data     extern C:\FIRST\SRC\PROC\p18f8520.asm
               ADCON0bits   0x000fc2       data     extern C:\FIRST\SRC\PROC\p18f8520.asm
                   ADCON0   0x000fc2       data     extern C:\FIRST\SRC\PROC\p18f8520.asm
                   ADRESL   0x000fc3       data     extern C:\FIRST\SRC\PROC\p18f8520.asm
                    ADRES   0x000fc3       data     extern C:\FIRST\SRC\PROC\p18f8520.asm
                   ADRESH   0x000fc4       data     extern C:\FIRST\SRC\PROC\p18f8520.asm
              SSPCON2bits   0x000fc5       data     extern C:\FIRST\SRC\PROC\p18f8520.asm
                  SSPCON2   0x000fc5       data     extern C:\FIRST\SRC\PROC\p18f8520.asm
              SSPCON1bits   0x000fc6       data     extern C:\FIRST\SRC\PROC\p18f8520.asm
                  SSPCON1   0x000fc6       data     extern C:\FIRST\SRC\PROC\p18f8520.asm
              SSPSTATbits   0x000fc7       data     extern C:\FIRST\SRC\PROC\p18f8520.asm
                  SSPSTAT   0x000fc7       data     extern C:\FIRST\SRC\PROC\p18f8520.asm
                   SSPADD   0x000fc8       data     extern C:\FIRST\SRC\PROC\p18f8520.asm
                   SSPBUF   0x000fc9       data     extern C:\FIRST\SRC\PROC\p18f8520.asm
                    T2CON   0x000fca       data     extern C:\FIRST\SRC\PROC\p18f8520.asm
                T2CONbits   0x000fca       data     extern C:\FIRST\SRC\PROC\p18f8520.asm
                      PR2   0x000fcb       data     extern C:\FIRST\SRC\PROC\p18f8520.asm
                     TMR2   0x000fcc       data     extern C:\FIRST\SRC\PROC\p18f8520.asm
                    T1CON   0x000fcd       data     extern C:\FIRST\SRC\PROC\p18f8520.asm
                T1CONbits   0x000fcd       data     extern C:\FIRST\SRC\PROC\p18f8520.asm
                    TMR1L   0x000fce       data     extern C:\FIRST\SRC\PROC\p18f8520.asm
                     TMR1   0x000fce       data     extern C:\FIRST\SRC\PROC\p18f8520.asm
                    TMR1H   0x000fcf       data     extern C:\FIRST\SRC\PROC\p18f8520.asm
                 RCONbits   0x000fd0       data     extern C:\FIRST\SRC\PROC\p18f8520.asm
                     RCON   0x000fd0       data     extern C:\FIRST\SRC\PROC\p18f8520.asm
               WDTCONbits   0x000fd1       data     extern C:\FIRST\SRC\PROC\p18f8520.asm
                   WDTCON   0x000fd1       data     extern C:\FIRST\SRC\PROC\p18f8520.asm
               LVDCONbits   0x000fd2       data     extern C:\FIRST\SRC\PROC\p18f8520.asm
                   LVDCON   0x000fd2       data     extern C:\FIRST\SRC\PROC\p18f8520.asm
                   OSCCON   0x000fd3       data     extern C:\FIRST\SRC\PROC\p18f8520.asm
               OSCCONbits   0x000fd3       data     extern C:\FIRST\SRC\PROC\p18f8520.asm
                    T0CON   0x000fd5       data     extern C:\FIRST\SRC\PROC\p18f8520.asm
                T0CONbits   0x000fd5       data     extern C:\FIRST\SRC\PROC\p18f8520.asm
                     TMR0   0x000fd6       data     extern C:\FIRST\SRC\PROC\p18f8520.asm
                    TMR0L   0x000fd6       data     extern C:\FIRST\SRC\PROC\p18f8520.asm
                    TMR0H   0x000fd7       data     extern C:\FIRST\SRC\PROC\p18f8520.asm
                   STATUS   0x000fd8       data     extern C:\FIRST\SRC\PROC\p18f8520.asm
               STATUSbits   0x000fd8       data     extern C:\FIRST\SRC\PROC\p18f8520.asm
                    FSR2L   0x000fd9       data     extern C:\FIRST\SRC\PROC\p18f8520.asm
                     FSR2   0x000fd9       data     extern C:\FIRST\SRC\PROC\p18f8520.asm
                    FSR2H   0x000fda       data     extern C:\FIRST\SRC\PROC\p18f8520.asm
                   PLUSW2   0x000fdb       data     extern C:\FIRST\SRC\PROC\p18f8520.asm
                  PREINC2   0x000fdc       data     extern C:\FIRST\SRC\PROC\p18f8520.asm
                 POSTDEC2   0x000fdd       data     extern C:\FIRST\SRC\PROC\p18f8520.asm
                 POSTINC2   0x000fde       data     extern C:\FIRST\SRC\PROC\p18f8520.asm
                    INDF2   0x000fdf       data     extern C:\FIRST\SRC\PROC\p18f8520.asm
                      BSR   0x000fe0       data     extern C:\FIRST\SRC\PROC\p18f8520.asm
                    FSR1L   0x000fe1       data     extern C:\FIRST\SRC\PROC\p18f8520.asm
                     FSR1   0x000fe1       data     extern C:\FIRST\SRC\PROC\p18f8520.asm
                    FSR1H   0x000fe2       data     extern C:\FIRST\SRC\PROC\p18f8520.asm
                   PLUSW1   0x000fe3       data     extern C:\FIRST\SRC\PROC\p18f8520.asm
                  PREINC1   0x000fe4       data     extern C:\FIRST\SRC\PROC\p18f8520.asm
                 POSTDEC1   0x000fe5       data     extern C:\FIRST\SRC\PROC\p18f8520.asm
                 POSTINC1   0x000fe6       data     extern C:\FIRST\SRC\PROC\p18f8520.asm
                    INDF1   0x000fe7       data     extern C:\FIRST\SRC\PROC\p18f8520.asm
                     WREG   0x000fe8       data     extern C:\FIRST\SRC\PROC\p18f8520.asm
                    FSR0L   0x000fe9       data     extern C:\FIRST\SRC\PROC\p18f8520.asm
                     FSR0   0x000fe9       data     extern C:\FIRST\SRC\PROC\p18f8520.asm
                    FSR0H   0x000fea       data     extern C:\FIRST\SRC\PROC\p18f8520.asm
                   PLUSW0   0x000feb       data     extern C:\FIRST\SRC\PROC\p18f8520.asm
                  PREINC0   0x000fec       data     extern C:\FIRST\SRC\PROC\p18f8520.asm
                 POSTDEC0   0x000fed       data     extern C:\FIRST\SRC\PROC\p18f8520.asm
                 POSTINC0   0x000fee       data     extern C:\FIRST\SRC\PROC\p18f8520.asm
                    INDF0   0x000fef       data     extern C:\FIRST\SRC\PROC\p18f8520.asm
                  INTCON3   0x000ff0       data     extern C:\FIRST\SRC\PROC\p18f8520.asm
              INTCON3bits   0x000ff0       data     extern C:\FIRST\SRC\PROC\p18f8520.asm
                  INTCON2   0x000ff1       data     extern C:\FIRST\SRC\PROC\p18f8520.asm
              INTCON2bits   0x000ff1       data     extern C:\FIRST\SRC\PROC\p18f8520.asm
               INTCONbits   0x000ff2       data     extern C:\FIRST\SRC\PROC\p18f8520.asm
                   INTCON   0x000ff2       data     extern C:\FIRST\SRC\PROC\p18f8520.asm
                    PRODL   0x000ff3       data     extern C:\FIRST\SRC\PROC\p18f8520.asm
                     PROD   0x000ff3       data     extern C:\FIRST\SRC\PROC\p18f8520.asm
                    PRODH   0x000ff4       data     extern C:\FIRST\SRC\PROC\p18f8520.asm
                   TABLAT   0x000ff5       data     extern C:\FIRST\SRC\PROC\p18f8520.asm
                  TBLPTRL   0x000ff6       data     extern C:\FIRST\SRC\PROC\p18f8520.asm
                   TBLPTR   0x000ff6       data     extern C:\FIRST\SRC\PROC\p18f8520.asm
                  TBLPTRH   0x000ff7       data     extern C:\FIRST\SRC\PROC\p18f8520.asm
                  TBLPTRU   0x000ff8       data     extern C:\FIRST\SRC\PROC\p18f8520.asm
                       PC   0x000ff9       data     extern C:\FIRST\SRC\PROC\p18f8520.asm
                      PCL   0x000ff9       data     extern C:\FIRST\SRC\PROC\p18f8520.asm
                   PCLATH   0x000ffa       data     extern C:\FIRST\SRC\PROC\p18f8520.asm
                   PCLATU   0x000ffb       data     extern C:\FIRST\SRC\PROC\p18f8520.asm
               STKPTRbits   0x000ffc       data     extern C:\FIRST\SRC\PROC\p18f8520.asm
                   STKPTR   0x000ffc       data     extern C:\FIRST\SRC\PROC\p18f8520.asm
                      TOS   0x000ffd       data     extern C:\FIRST\SRC\PROC\p18f8520.asm
                     TOSL   0x000ffd       data     extern C:\FIRST\SRC\PROC\p18f8520.asm
                     TOSH   0x000ffe       data     extern C:\FIRST\SRC\PROC\p18f8520.asm
                     TOSU   0x000fff       data     extern C:\FIRST\SRC\PROC\p18f8520.asm


